<html>
<body>
<pre>
<h1>µVision Build Log</h1>
<h2>Tool Versions:</h2>
IDE-Version: ¦ÌVision V5.43.1.0
Copyright (C) 2025 ARM Ltd and ARM Germany GmbH. All rights reserved.
License Information: just just195@qq.com
.
User-based license: Keil MDK Community (non-commercial free of charge)
Valid until: Jun 1 2033. Cached until: Jul 22 2026
 
Tool Versions:
Toolchain:       Keil MDK Community (non-commercial free of charge  Version: 5.43.0.0
Toolchain Path:  E:\KeilA\ARM\ARMCLANG\Bin
C Compiler:      ArmClang.exe V6.24
Assembler:       Armasm.exe V6.24
Linker/Locator:  ArmLink.exe V6.24
Library Manager: ArmAr.exe V6.24
Hex Converter:   FromElf.exe V6.24
CPU DLL:         SARMCM3.DLL V5.43.0.0
Dialog DLL:      DCM.DLL V1.17.5.0
Target DLL:      CMSIS_AGDI.dll V1.33.24.0
Dialog DLL:      TCM.DLL V1.56.6.0
 
<h2>Project:</h2>
E:\robcoon\ROBCOON\R2-1- - x\MDK-ARM\R2_armx.uvprojx
Project File Date:  07/10/2026

<h2>Output:</h2>
*** Using Compiler 'V6.24', folder: 'E:\KeilA\ARM\ARMCLANG\Bin'
Rebuild target 'R2_armx'
assembling startup_stm32f429xx.s...
compiling can.c...
compiling main.c...
compiling freertos.c...
compiling gpio.c...
compiling dma.c...
compiling stm32f4xx_hal_flash_ramfunc.c...
compiling stm32f4xx_hal_timebase_tim.c...
compiling stm32f4xx_hal_pwr_ex.c...
compiling stm32f4xx_hal_pwr.c...
compiling stm32f4xx_hal_flash.c...
compiling crc.c...
compiling stm32f4xx_hal_gpio.c...
compiling stm32f4xx_hal_dma_ex.c...
compiling stm32f4xx_hal_rcc.c...
compiling stm32f4xx_hal_msp.c...
compiling usart.c...
compiling stm32f4xx_hal_tim_ex.c...
compiling stm32f4xx_it.c...
compiling stm32f4xx_hal.c...
compiling stm32f4xx_hal_rcc_ex.c...
compiling stm32f4xx_hal_cortex.c...
compiling stm32f4xx_hal_flash_ex.c...
compiling stm32f4xx_hal_dma.c...
compiling stm32f4xx_hal_exti.c...
compiling stm32f4xx_hal_can.c...
compiling stm32f4xx_hal_crc.c...
compiling system_stm32f4xx.c...
compiling croutine.c...
compiling list.c...
compiling event_groups.c...
compiling stm32f4xx_hal_tim.c...
compiling stm32f4xx_hal_uart.c...
compiling timers.c...
compiling stream_buffer.c...
compiling heap_4.c...
compiling queue.c...
compiling port.c...
compiling cmsis_os.c...
compiling tasks.c...
compiling arm.c...
compiling CAN_receive.c...
compiling ros_uart.c...
compiling control_Cylinder.c...
compiling contorl_two.c...
compiling ecpid.c...
compiling fifo.c...
compiling pid.c...
compiling mytask.c...
compiling R2006.c...
compiling hi14_driver.c...
compiling modbus.c...
compiling l1_laser.c...
compiling crc_ccitt.c...
compiling usart-x.c...
compiling unitree.c...
compiling gom_protocol.c...
linking...
Program Size: Code=34272 RO-data=1628 RW-data=24 ZI-data=41784  
FromELF: creating hex file...
"R2_armx\R2_armx.axf" - 0 Error(s), 0 Warning(s).

<h2>Software Packages used:</h2>

Package Vendor: ARM
                https://www.keil.com/pack/ARM.CMSIS.6.2.0.pack
                ARM::CMSIS@6.2.0
                CMSIS (Common Microcontroller Software Interface Standard)
   * Component: CORE Version: 6.1.1

Package Vendor: Keil
                http://www.keil.com/pack/Keil.STM32F4xx_DFP.2.15.0.pack
                Keil::STM32F4xx_DFP@2.15.0
                STMicroelectronics STM32F4 Series Device Support, Drivers and Examples

<h2>Collection of Component include folders:</h2>
  ./RTE/_R2_armx
  E:/KeilB/ARM/CMSIS/6.2.0/CMSIS/Core/Include
  E:/KeilB/Keil/STM32F4xx_DFP/2.15.0/Drivers/CMSIS/Device/ST/STM32F4xx/Include

<h2>Collection of Component Files used:</h2>

   * Component: ARM::CMSIS:CORE@6.1.1
      Include file:  CMSIS/Core/Include/tz_context.h
Build Time Elapsed:  00:00:03
</pre>
</body>
</html>
