Component: Arm Compiler for Embedded 6.24 Tool: armlink [5f371500]

==============================================================================

Section Cross References

    startup_stm32f429xx.o(RESET) refers to startup_stm32f429xx.o(STACK) for __initial_sp
    startup_stm32f429xx.o(RESET) refers to startup_stm32f429xx.o(.text) for Reset_Handler
    startup_stm32f429xx.o(RESET) refers to stm32f4xx_it.o(.text.NMI_Handler) for NMI_Handler
    startup_stm32f429xx.o(RESET) refers to stm32f4xx_it.o(.text.HardFault_Handler) for HardFault_Handler
    startup_stm32f429xx.o(RESET) refers to stm32f4xx_it.o(.text.MemManage_Handler) for MemManage_Handler
    startup_stm32f429xx.o(RESET) refers to stm32f4xx_it.o(.text.BusFault_Handler) for BusFault_Handler
    startup_stm32f429xx.o(RESET) refers to stm32f4xx_it.o(.text.UsageFault_Handler) for UsageFault_Handler
    startup_stm32f429xx.o(RESET) refers to port.o(.text.SVC_Handler) for SVC_Handler
    startup_stm32f429xx.o(RESET) refers to stm32f4xx_it.o(.text.DebugMon_Handler) for DebugMon_Handler
    startup_stm32f429xx.o(RESET) refers to port.o(.text.PendSV_Handler) for PendSV_Handler
    startup_stm32f429xx.o(RESET) refers to port.o(.text.SysTick_Handler) for SysTick_Handler
    startup_stm32f429xx.o(RESET) refers to stm32f4xx_it.o(.text.DMA1_Stream1_IRQHandler) for DMA1_Stream1_IRQHandler
    startup_stm32f429xx.o(RESET) refers to stm32f4xx_it.o(.text.DMA1_Stream3_IRQHandler) for DMA1_Stream3_IRQHandler
    startup_stm32f429xx.o(RESET) refers to stm32f4xx_it.o(.text.DMA1_Stream5_IRQHandler) for DMA1_Stream5_IRQHandler
    startup_stm32f429xx.o(RESET) refers to stm32f4xx_it.o(.text.DMA1_Stream6_IRQHandler) for DMA1_Stream6_IRQHandler
    startup_stm32f429xx.o(RESET) refers to stm32f4xx_it.o(.text.CAN1_RX0_IRQHandler) for CAN1_RX0_IRQHandler
    startup_stm32f429xx.o(RESET) refers to stm32f4xx_it.o(.text.USART1_IRQHandler) for USART1_IRQHandler
    startup_stm32f429xx.o(RESET) refers to stm32f4xx_it.o(.text.USART2_IRQHandler) for USART2_IRQHandler
    startup_stm32f429xx.o(RESET) refers to stm32f4xx_it.o(.text.USART3_IRQHandler) for USART3_IRQHandler
    startup_stm32f429xx.o(RESET) refers to stm32f4xx_it.o(.text.UART4_IRQHandler) for UART4_IRQHandler
    startup_stm32f429xx.o(RESET) refers to stm32f4xx_it.o(.text.TIM6_DAC_IRQHandler) for TIM6_DAC_IRQHandler
    startup_stm32f429xx.o(RESET) refers to stm32f4xx_it.o(.text.DMA2_Stream1_IRQHandler) for DMA2_Stream1_IRQHandler
    startup_stm32f429xx.o(RESET) refers to stm32f4xx_it.o(.text.DMA2_Stream2_IRQHandler) for DMA2_Stream2_IRQHandler
    startup_stm32f429xx.o(RESET) refers to stm32f4xx_it.o(.text.CAN2_RX0_IRQHandler) for CAN2_RX0_IRQHandler
    startup_stm32f429xx.o(RESET) refers to stm32f4xx_it.o(.text.DMA2_Stream6_IRQHandler) for DMA2_Stream6_IRQHandler
    startup_stm32f429xx.o(RESET) refers to stm32f4xx_it.o(.text.DMA2_Stream7_IRQHandler) for DMA2_Stream7_IRQHandler
    startup_stm32f429xx.o(RESET) refers to stm32f4xx_it.o(.text.USART6_IRQHandler) for USART6_IRQHandler
    startup_stm32f429xx.o(.text) refers to system_stm32f4xx.o(.text.SystemInit) for SystemInit
    startup_stm32f429xx.o(.text) refers to entry.o(.ARM.Collect$$$$00000000) for __main
    main.o(.text.main) refers to stm32f4xx_hal.o(.text.HAL_Init) for HAL_Init
    main.o(.text.main) refers to main.o(.text.SystemClock_Config) for SystemClock_Config
    main.o(.text.main) refers to gpio.o(.text.MX_GPIO_Init) for MX_GPIO_Init
    main.o(.text.main) refers to dma.o(.text.MX_DMA_Init) for MX_DMA_Init
    main.o(.text.main) refers to can.o(.text.MX_CAN1_Init) for MX_CAN1_Init
    main.o(.text.main) refers to can.o(.text.MX_CAN2_Init) for MX_CAN2_Init
    main.o(.text.main) refers to usart.o(.text.MX_UART4_Init) for MX_UART4_Init
    main.o(.text.main) refers to usart.o(.text.MX_USART1_UART_Init) for MX_USART1_UART_Init
    main.o(.text.main) refers to usart.o(.text.MX_USART2_UART_Init) for MX_USART2_UART_Init
    main.o(.text.main) refers to usart.o(.text.MX_USART3_UART_Init) for MX_USART3_UART_Init
    main.o(.text.main) refers to usart.o(.text.MX_USART6_UART_Init) for MX_USART6_UART_Init
    main.o(.text.main) refers to crc.o(.text.MX_CRC_Init) for MX_CRC_Init
    main.o(.text.main) refers to hi14_driver.o(.text.HI14_Init) for HI14_Init
    main.o(.text.main) refers to usart.o(.bss.huart6) for huart6
    main.o(.text.main) refers to main.o(.bss.Temp_buffer) for Temp_buffer
    main.o(.text.main) refers to stm32f4xx_hal_uart.o(.text.HAL_UARTEx_ReceiveToIdle_DMA) for HAL_UARTEx_ReceiveToIdle_DMA
    main.o(.text.main) refers to usart.o(.bss.huart1) for huart1
    main.o(.text.main) refers to mytask.o(.bss..L_MergedGlobals) for StartTask_Handler
    main.o(.text.main) refers to mytask.o(.text.start_task) for start_task
    main.o(.text.main) refers to tasks.o(.text.xTaskCreate) for xTaskCreate
    main.o(.text.main) refers to tasks.o(.text.vTaskStartScheduler) for vTaskStartScheduler
[...]
    R2006_Control.R2006_init_angle.1         0x20000270   Data           4  r2006.o(.bss..L_MergedGlobals)
    R2006_Control.smoothed_target_pos.0      0x20000274   Data           4  r2006.o(.bss..L_MergedGlobals)
    R2006_Control.smoothed_target_pos.1      0x20000278   Data           4  r2006.o(.bss..L_MergedGlobals)
    R2006_Arm_Control.R2006_arm_init_angle.0 0x2000027c   Data           4  r2006.o(.bss..L_MergedGlobals)
    R2006_Arm_Control.R2006_arm_init_angle.1 0x20000280   Data           4  r2006.o(.bss..L_MergedGlobals)
    .L_MergedGlobals                         0x20000284   Data          64  hi14_driver.o(.bss..L_MergedGlobals)
    [Anonymous Symbol]                       0x20000284   Section        0  hi14_driver.o(.bss..L_MergedGlobals)
    s_filter_first                           0x20000285   Data           1  hi14_driver.o(.bss..L_MergedGlobals)
    s_initialized                            0x20000286   Data           1  hi14_driver.o(.bss..L_MergedGlobals)
    s_roll_filtered                          0x20000288   Data           4  hi14_driver.o(.bss..L_MergedGlobals)
    s_pitch_filtered                         0x2000028c   Data           4  hi14_driver.o(.bss..L_MergedGlobals)
    s_yaw_filtered                           0x20000290   Data           4  hi14_driver.o(.bss..L_MergedGlobals)
    Mecanum_HeadingCorrection.last_error     0x20000294   Data           4  hi14_driver.o(.bss..L_MergedGlobals)
    Mecanum_HeadingCorrection.integral       0x20000298   Data           4  hi14_driver.o(.bss..L_MergedGlobals)
    .L_MergedGlobals                         0x200002c4   Data          36  l1_laser.o(.bss..L_MergedGlobals)
    [Anonymous Symbol]                       0x200002c4   Section        0  l1_laser.o(.bss..L_MergedGlobals)
    s_rx_state                               0x200002c5   Data           1  l1_laser.o(.bss..L_MergedGlobals)
    s_rx_data_count                          0x200002c6   Data           1  l1_laser.o(.bss..L_MergedGlobals)
    s_data_ready                             0x200002c7   Data           1  l1_laser.o(.bss..L_MergedGlobals)
    s_initialized                            0x200002c8   Data           1  l1_laser.o(.bss..L_MergedGlobals)
    s_header_shift                           0x200002cc   Data           4  l1_laser.o(.bss..L_MergedGlobals)
    s_rx_distance_raw                        0x200002d0   Data           4  l1_laser.o(.bss..L_MergedGlobals)
    s_last_valid                             0x200002d4   Data           4  l1_laser.o(.bss..L_MergedGlobals)
    s_filtered                               0x200002d8   Data           4  l1_laser.o(.bss..L_MergedGlobals)
    s_distance_m                             0x200002dc   Data           4  l1_laser.o(.bss..L_MergedGlobals)
    .L_MergedGlobals                         0x200002e8   Data          12  usart-x.o(.bss..L_MergedGlobals)
    ir_idx                                   0x200002e8   Data           1  usart-x.o(.bss..L_MergedGlobals)
    [Anonymous Symbol]                       0x200002e8   Section        0  usart-x.o(.bss..L_MergedGlobals)
    ir_frame_ready                           0x200002e9   Data           1  usart-x.o(.bss..L_MergedGlobals)
    ir_last_key                              0x200002ea   Data           1  usart-x.o(.bss..L_MergedGlobals)
    ir_rx_byte                               0x200002eb   Data           1  usart-x.o(.bss..L_MergedGlobals)
    ir_buf                                   0x200002ec   Data           3  usart-x.o(.bss..L_MergedGlobals)
    ir_last_recv_time                        0x200002f0   Data           4  usart-x.o(.bss..L_MergedGlobals)
    .L_MergedGlobals.1                       0x200002f4   Data          88  can_receive.o(.bss..L_MergedGlobals.1)
    [Anonymous Symbol]                       0x200002f4   Section        0  can_receive.o(.bss..L_MergedGlobals.1)
    .L_MergedGlobals.2                       0x2000034c   Data          40  tasks.o(.bss..L_MergedGlobals.2)
    xDelayedTaskList1                        0x2000034c   Data          20  tasks.o(.bss..L_MergedGlobals.2)
    [Anonymous Symbol]                       0x2000034c   Section        0  tasks.o(.bss..L_MergedGlobals.2)
    xDelayedTaskList2                        0x20000360   Data          20  tasks.o(.bss..L_MergedGlobals.2)
    .L_MergedGlobals.5                       0x20000374   Data         108  mytask.o(.bss..L_MergedGlobals.5)
    [Anonymous Symbol]                       0x20000374   Section        0  mytask.o(.bss..L_MergedGlobals.5)
    HAL_RCC_CAN1_CLK_ENABLED                 0x200003e0   Data           4  can.o(.bss.HAL_RCC_CAN1_CLK_ENABLED)
    [Anonymous Symbol]                       0x200003e0   Section        0  can.o(.bss.HAL_RCC_CAN1_CLK_ENABLED)
    pxReadyTasksLists                        0x200012a4   Data         140  tasks.o(.bss.pxReadyTasksLists)
    [Anonymous Symbol]                       0x200012a4   Section        0  tasks.o(.bss.pxReadyTasksLists)
    ros_dma_buf                              0x20001330   Data         128  ros_uart.o(.bss.ros_dma_buf)
    [Anonymous Symbol]                       0x20001330   Section        0  ros_uart.o(.bss.ros_dma_buf)
    ros_fifo                                 0x200013b0   Data        1030  ros_uart.o(.bss.ros_fifo)
    [Anonymous Symbol]                       0x200013b0   Section        0  ros_uart.o(.bss.ros_fifo)
    ucHeap                                   0x200017fc   Data       32768  heap_4.o(.bss.ucHeap)
    [Anonymous Symbol]                       0x200017fc   Section        0  heap_4.o(.bss.ucHeap)
    xIdleStack                               0x20009cf8   Data         512  freertos.o(.bss.xIdleStack)
    [Anonymous Symbol]                       0x20009cf8   Section        0  freertos.o(.bss.xIdleStack)
    xIdleTaskTCBBuffer                       0x20009ef8   Data          84  freertos.o(.bss.xIdleTaskTCBBuffer)
    [Anonymous Symbol]                       0x20009ef8   Section        0  freertos.o(.bss.xIdleTaskTCBBuffer)
    STACK                                    0x20009f50   Section     1024  startup_stm32f429xx.o(STACK)

    Global Symbols

    Symbol Name                              Value     Ov Type        Size  Object(Section)

    BuildAttributes$$THM_ISAv4$E$P$D$K$B$S$7EM$VFPi3$EXTD16$VFPS$VFMA$PE$A:L22UL41UL21$X:L11$S22US41US21$IEEE1$IW$~IW$USESV6$~STKCKD$USESV7$~SHL$OTIME$ROPI$IEEEX$EBA8$MICROLIB$REQ8$PRES8$EABIv2 0x00000000   Number         0  anon$$obj.o ABSOLUTE
    __cpp_initialize__aeabi_                  - Undefined Weak Reference
    __cxa_finalize                            - Undefined Weak Reference
    __decompress                              - Undefined Weak Reference
    _clock_init                               - Undefined Weak Reference
    _microlib_exit                            - Undefined Weak Reference
    __Vectors_Size                           0x000001ac   Number         0  startup_stm32f429xx.o ABSOLUTE
    __Vectors                                0x08000000   Data           4  startup_stm32f429xx.o(RESET)
    __Vectors_End                            0x080001ac   Data           0  startup_stm32f429xx.o(RESET)
    __main                                   0x080001ad   Thumb Code     0  entry.o(.ARM.Collect$$$$00000000)
    _main_stk                                0x080001ad   Thumb Code     0  entry2.o(.ARM.Collect$$$$00000001)
    _main_scatterload                        0x080001b1   Thumb Code     0  entry5.o(.ARM.Collect$$$$00000004)
    __main_after_scatterload                 0x080001b5   Thumb Code     0  entry5.o(.ARM.Collect$$$$00000004)
    _main_clock                              0x080001b5   Thumb Code     0  entry7b.o(.ARM.Collect$$$$00000008)
    _main_cpp_init                           0x080001b5   Thumb Code     0  entry8b.o(.ARM.Collect$$$$0000000A)
    _main_init                               0x080001b5   Thumb Code     0  entry9a.o(.ARM.Collect$$$$0000000B)
    __rt_final_cpp                           0x080001bd   Thumb Code     0  entry10a.o(.ARM.Collect$$$$0000000D)
    __rt_final_exit                          0x080001bd   Thumb Code     0  entry11a.o(.ARM.Collect$$$$0000000F)
    Reset_Handler                            0x080001c1   Thumb Code     8  startup_stm32f429xx.o(.text)
    ADC_IRQHandler                           0x080001db   Thumb Code     0  startup_stm32f429xx.o(.text)
    CAN1_RX1_IRQHandler                      0x080001db   Thumb Code     0  startup_stm32f429xx.o(.text)
    CAN1_SCE_IRQHandler                      0x080001db   Thumb Code     0  startup_stm32f429xx.o(.text)
    CAN1_TX_IRQHandler                       0x080001db   Thumb Code     0  startup_stm32f429xx.o(.text)
    CAN2_RX1_IRQHandler                      0x080001db   Thumb Code     0  startup_stm32f429xx.o(.text)
    CAN2_SCE_IRQHandler                      0x080001db   Thumb Code     0  startup_stm32f429xx.o(.text)
    CAN2_TX_IRQHandler                       0x080001db   Thumb Code     0  startup_stm32f429xx.o(.text)
    DCMI_IRQHandler                          0x080001db   Thumb Code     0  startup_stm32f429xx.o(.text)
    DMA1_Stream0_IRQHandler                  0x080001db   Thumb Code     0  startup_stm32f429xx.o(.text)
    DMA1_Stream2_IRQHandler                  0x080001db   Thumb Code     0  startup_stm32f429xx.o(.text)
    DMA1_Stream4_IRQHandler                  0x080001db   Thumb Code     0  startup_stm32f429xx.o(.text)
    DMA1_Stream7_IRQHandler                  0x080001db   Thumb Code     0  startup_stm32f429xx.o(.text)
    DMA2D_IRQHandler                         0x080001db   Thumb Code     0  startup_stm32f429xx.o(.text)
    DMA2_Stream0_IRQHandler                  0x080001db   Thumb Code     0  startup_stm32f429xx.o(.text)
    DMA2_Stream3_IRQHandler                  0x080001db   Thumb Code     0  startup_stm32f429xx.o(.text)
    DMA2_Stream4_IRQHandler                  0x080001db   Thumb Code     0  startup_stm32f429xx.o(.text)
    DMA2_Stream5_IRQHandler                  0x080001db   Thumb Code     0  startup_stm32f429xx.o(.text)
    ETH_IRQHandler                           0x080001db   Thumb Code     0  startup_stm32f429xx.o(.text)
    ETH_WKUP_IRQHandler                      0x080001db   Thumb Code     0  startup_stm32f429xx.o(.text)
    EXTI0_IRQHandler                         0x080001db   Thumb Code     0  startup_stm32f429xx.o(.text)
    EXTI15_10_IRQHandler                     0x080001db   Thumb Code     0  startup_stm32f429xx.o(.text)
    EXTI1_IRQHandler                         0x080001db   Thumb Code     0  startup_stm32f429xx.o(.text)
    EXTI2_IRQHandler                         0x080001db   Thumb Code     0  startup_stm32f429xx.o(.text)
    EXTI3_IRQHandler                         0x080001db   Thumb Code     0  startup_stm32f429xx.o(.text)
    EXTI4_IRQHandler                         0x080001db   Thumb Code     0  startup_stm32f429xx.o(.text)
    EXTI9_5_IRQHandler                       0x080001db   Thumb Code     0  startup_stm32f429xx.o(.text)
    FLASH_IRQHandler                         0x080001db   Thumb Code     0  startup_stm32f429xx.o(.text)
    FMC_IRQHandler                           0x080001db   Thumb Code     0  startup_stm32f429xx.o(.text)
    FPU_IRQHandler                           0x080001db   Thumb Code     0  startup_stm32f429xx.o(.text)
    HASH_RNG_IRQHandler                      0x080001db   Thumb Code     0  startup_stm32f429xx.o(.text)
    I2C1_ER_IRQHandler                       0x080001db   Thumb Code     0  startup_stm32f429xx.o(.text)
    I2C1_EV_IRQHandler                       0x080001db   Thumb Code     0  startup_stm32f429xx.o(.text)
    I2C2_ER_IRQHandler                       0x080001db   Thumb Code     0  startup_stm32f429xx.o(.text)
    I2C2_EV_IRQHandler                       0x080001db   Thumb Code     0  startup_stm32f429xx.o(.text)
    I2C3_ER_IRQHandler                       0x080001db   Thumb Code     0  startup_stm32f429xx.o(.text)
    I2C3_EV_IRQHandler                       0x080001db   Thumb Code     0  startup_stm32f429xx.o(.text)
    LTDC_ER_IRQHandler                       0x080001db   Thumb Code     0  startup_stm32f429xx.o(.text)
    LTDC_IRQHandler                          0x080001db   Thumb Code     0  startup_stm32f429xx.o(.text)
    OTG_FS_IRQHandler                        0x080001db   Thumb Code     0  startup_stm32f429xx.o(.text)
    OTG_FS_WKUP_IRQHandler                   0x080001db   Thumb Code     0  startup_stm32f429xx.o(.text)
    OTG_HS_EP1_IN_IRQHandler                 0x080001db   Thumb Code     0  startup_stm32f429xx.o(.text)
    OTG_HS_EP1_OUT_IRQHandler                0x080001db   Thumb Code     0  startup_stm32f429xx.o(.text)
    OTG_HS_IRQHandler                        0x080001db   Thumb Code     0  startup_stm32f429xx.o(.text)
    OTG_HS_WKUP_IRQHandler                   0x080001db   Thumb Code     0  startup_stm32f429xx.o(.text)
    PVD_IRQHandler                           0x080001db   Thumb Code     0  startup_stm32f429xx.o(.text)
    RCC_IRQHandler                           0x080001db   Thumb Code     0  startup_stm32f429xx.o(.text)
    RTC_Alarm_IRQHandler                     0x080001db   Thumb Code     0  startup_stm32f429xx.o(.text)
    RTC_WKUP_IRQHandler                      0x080001db   Thumb Code     0  startup_stm32f429xx.o(.text)
    SAI1_IRQHandler                          0x080001db   Thumb Code     0  startup_stm32f429xx.o(.text)
    SDIO_IRQHandler                          0x080001db   Thumb Code     0  startup_stm32f429xx.o(.text)
    SPI1_IRQHandler                          0x080001db   Thumb Code     0  startup_stm32f429xx.o(.text)
    SPI2_IRQHandler                          0x080001db   Thumb Code     0  startup_stm32f429xx.o(.text)
    SPI3_IRQHandler                          0x080001db   Thumb Code     0  startup_stm32f429xx.o(.text)
    SPI4_IRQHandler                          0x080001db   Thumb Code     0  startup_stm32f429xx.o(.text)
    SPI5_IRQHandler                          0x080001db   Thumb Code     0  startup_stm32f429xx.o(.text)
    SPI6_IRQHandler                          0x080001db   Thumb Code     0  startup_stm32f429xx.o(.text)
    TAMP_STAMP_IRQHandler                    0x080001db   Thumb Code     0  startup_stm32f429xx.o(.text)
    TIM1_BRK_TIM9_IRQHandler                 0x080001db   Thumb Code     0  startup_stm32f429xx.o(.text)
    TIM1_CC_IRQHandler                       0x080001db   Thumb Code     0  startup_stm32f429xx.o(.text)
    TIM1_TRG_COM_TIM11_IRQHandler            0x080001db   Thumb Code     0  startup_stm32f429xx.o(.text)
    TIM1_UP_TIM10_IRQHandler                 0x080001db   Thumb Code     0  startup_stm32f429xx.o(.text)
    TIM2_IRQHandler                          0x080001db   Thumb Code     0  startup_stm32f429xx.o(.text)
    TIM3_IRQHandler                          0x080001db   Thumb Code     0  startup_stm32f429xx.o(.text)
    TIM4_IRQHandler                          0x080001db   Thumb Code     0  startup_stm32f429xx.o(.text)
    TIM5_IRQHandler                          0x080001db   Thumb Code     0  startup_stm32f429xx.o(.text)
    TIM7_IRQHandler                          0x080001db   Thumb Code     0  startup_stm32f429xx.o(.text)
    TIM8_BRK_TIM12_IRQHandler                0x080001db   Thumb Code     0  startup_stm32f429xx.o(.text)
    TIM8_CC_IRQHandler                       0x080001db   Thumb Code     0  startup_stm32f429xx.o(.text)
    TIM8_TRG_COM_TIM14_IRQHandler            0x080001db   Thumb Code     0  startup_stm32f429xx.o(.text)
    TIM8_UP_TIM13_IRQHandler                 0x080001db   Thumb Code     0  startup_stm32f429xx.o(.text)
    UART5_IRQHandler                         0x080001db   Thumb Code     0  startup_stm32f429xx.o(.text)
    UART7_IRQHandler                         0x080001db   Thumb Code     0  startup_stm32f429xx.o(.text)
    UART8_IRQHandler                         0x080001db   Thumb Code     0  startup_stm32f429xx.o(.text)
    WWDG_IRQHandler                          0x080001db   Thumb Code     0  startup_stm32f429xx.o(.text)
    __aeabi_uldivmod                         0x080001e5   Thumb Code    98  uldiv.o(.text)
    __aeabi_memcpy                           0x08000247   Thumb Code    36  memcpya.o(.text)
    __aeabi_memcpy4                          0x08000247   Thumb Code     0  memcpya.o(.text)
    __aeabi_memcpy8                          0x08000247   Thumb Code     0  memcpya.o(.text)
    __aeabi_memset                           0x0800026b   Thumb Code    14  memseta.o(.text)
    __aeabi_memset4                          0x0800026b   Thumb Code     0  memseta.o(.text)
    __aeabi_memset8                          0x0800026b   Thumb Code     0  memseta.o(.text)
    __aeabi_memclr                           0x08000279   Thumb Code     4  memseta.o(.text)
    __aeabi_memclr4                          0x08000279   Thumb Code     0  memseta.o(.text)
    __aeabi_memclr8                          0x08000279   Thumb Code     0  memseta.o(.text)
    _memset$wrapper                          0x0800027d   Thumb Code    18  memseta.o(.text)
    __aeabi_llsl                             0x0800028f   Thumb Code    30  llshl.o(.text)
    _ll_shift_l                              0x0800028f   Thumb Code     0  llshl.o(.text)
    __aeabi_llsr                             0x080002ad   Thumb Code    32  llushr.o(.text)
    _ll_ushift_r                             0x080002ad   Thumb Code     0  llushr.o(.text)
    __I$use$fp                               0x080002cd   Thumb Code     0  iusefp.o(.text)
    __scatterload                            0x080002cd   Thumb Code    38  init.o(.text)
    __scatterload_rt2                        0x080002cd   Thumb Code     0  init.o(.text)
    BusFault_Handler                         0x080002fd   Thumb Code     2  stm32f4xx_it.o(.text.BusFault_Handler)
    CAN1_RX0_IRQHandler                      0x08000301   Thumb Code    12  stm32f4xx_it.o(.text.CAN1_RX0_IRQHandler)
    CAN2_RX0_IRQHandler                      0x0800030d   Thumb Code    12  stm32f4xx_it.o(.text.CAN2_RX0_IRQHandler)
    CAN_cmd_R2006_motor                      0x08000319   Thumb Code   102  can_receive.o(.text.CAN_cmd_R2006_motor)
    CAN_cmd_chassis_wheelM                   0x08000381   Thumb Code   102  can_receive.o(.text.CAN_cmd_chassis_wheelM)
    CAN_cmd_chassis_wheelO                   0x080003e9   Thumb Code    84  can_receive.o(.text.CAN_cmd_chassis_wheelO)
    Chassis_init                             0x0800043d   Thumb Code   628  contorl_two.o(.text.Chassis_init)
    Cylinder_Control                         0x080006d5   Thumb Code    74  control_cylinder.o(.text.Cylinder_Control)
    Cylinder_Controlx                        0x08000721   Thumb Code    36  control_cylinder.o(.text.Cylinder_Controlx)
    Cylinder_Controly                        0x08000745   Thumb Code    30  control_cylinder.o(.text.Cylinder_Controly)
    Cylinder_Init                            0x08000765   Thumb Code    70  control_cylinder.o(.text.Cylinder_Init)
    DMA1_Stream1_IRQHandler                  0x080007ad   Thumb Code    12  stm32f4xx_it.o(.text.DMA1_Stream1_IRQHandler)
    DMA1_Stream3_IRQHandler                  0x080007b9   Thumb Code    12  stm32f4xx_it.o(.text.DMA1_Stream3_IRQHandler)
    DMA1_Stream5_IRQHandler                  0x080007c5   Thumb Code    12  stm32f4xx_it.o(.text.DMA1_Stream5_IRQHandler)
    DMA1_Stream6_IRQHandler                  0x080007d1   Thumb Code    12  stm32f4xx_it.o(.text.DMA1_Stream6_IRQHandler)
    DMA2_Stream1_IRQHandler                  0x080007dd   Thumb Code    12  stm32f4xx_it.o(.text.DMA2_Stream1_IRQHandler)
    DMA2_Stream2_IRQHandler                  0x080007e9   Thumb Code    12  stm32f4xx_it.o(.text.DMA2_Stream2_IRQHandler)
    DMA2_Stream6_IRQHandler                  0x080007f5   Thumb Code    12  stm32f4xx_it.o(.text.DMA2_Stream6_IRQHandler)
    DMA2_Stream7_IRQHandler                  0x08000801   Thumb Code    12  stm32f4xx_it.o(.text.DMA2_Stream7_IRQHandler)
    DebugMon_Handler                         0x0800080d   Thumb Code     2  stm32f4xx_it.o(.text.DebugMon_Handler)
    ECPID_Calc                               0x08000811   Thumb Code   528  ecpid.o(.text.ECPID_Calc)
    ECPID_init                               0x08000a29   Thumb Code    54  ecpid.o(.text.ECPID_init)
    Error_Handler                            0x08000a61   Thumb Code     6  main.o(.text.Error_Handler)
    FIFO_Init                                0x08000a69   Thumb Code    12  fifo.o(.text.FIFO_Init)
    FIFO_Pop                                 0x08000a75   Thumb Code   244  fifo.o(.text.FIFO_Pop)
    FIFO_Push                                0x08000b69   Thumb Code   242  fifo.o(.text.FIFO_Push)
    HAL_CAN_ActivateNotification             0x08000c5d   Thumb Code    46  stm32f4xx_hal_can.o(.text.HAL_CAN_ActivateNotification)
    HAL_CAN_AddTxMessage                     0x08000c8d   Thumb Code   164  stm32f4xx_hal_can.o(.text.HAL_CAN_AddTxMessage)
    HAL_CAN_ConfigFilter                     0x08000d31   Thumb Code   222  stm32f4xx_hal_can.o(.text.HAL_CAN_ConfigFilter)
    HAL_CAN_ErrorCallback                    0x08000e11   Thumb Code    54  can_receive.o(.text.HAL_CAN_ErrorCallback)
    HAL_CAN_GetError                         0x08000e49   Thumb Code     4  stm32f4xx_hal_can.o(.text.HAL_CAN_GetError)
    HAL_CAN_GetRxFifoFillLevel               0x08000e4d   Thumb Code    32  stm32f4xx_hal_can.o(.text.HAL_CAN_GetRxFifoFillLevel)
    HAL_CAN_GetRxMessage                     0x08000e6d   Thumb Code   302  stm32f4xx_hal_can.o(.text.HAL_CAN_GetRxMessage)
    HAL_CAN_IRQHandler                       0x08000f9d   Thumb Code   606  stm32f4xx_hal_can.o(.text.HAL_CAN_IRQHandler)
    HAL_CAN_Init                             0x080011fd   Thumb Code   244  stm32f4xx_hal_can.o(.text.HAL_CAN_Init)
    HAL_CAN_MspInit                          0x080012f1   Thumb Code   276  can.o(.text.HAL_CAN_MspInit)
    HAL_CAN_RxFifo0FullCallback              0x08001405   Thumb Code     2  stm32f4xx_hal_can.o(.text.HAL_CAN_RxFifo0FullCallback)
    HAL_CAN_RxFifo0MsgPendingCallback        0x08001409   Thumb Code  1388  can_receive.o(.text.HAL_CAN_RxFifo0MsgPendingCallback)
    HAL_CAN_RxFifo1FullCallback              0x08001989   Thumb Code     2  stm32f4xx_hal_can.o(.text.HAL_CAN_RxFifo1FullCallback)
    HAL_CAN_RxFifo1MsgPendingCallback        0x0800198d   Thumb Code     2  stm32f4xx_hal_can.o(.text.HAL_CAN_RxFifo1MsgPendingCallback)
    HAL_CAN_SleepCallback                    0x08001991   Thumb Code     2  stm32f4xx_hal_can.o(.text.HAL_CAN_SleepCallback)
    HAL_CAN_Start                            0x08001995   Thumb Code    90  stm32f4xx_hal_can.o(.text.HAL_CAN_Start)
    HAL_CAN_TxMailbox0AbortCallback          0x080019f1   Thumb Code     2  stm32f4xx_hal_can.o(.text.HAL_CAN_TxMailbox0AbortCallback)
    HAL_CAN_TxMailbox0CompleteCallback       0x080019f5   Thumb Code     2  stm32f4xx_hal_can.o(.text.HAL_CAN_TxMailbox0CompleteCallback)
    HAL_CAN_TxMailbox1AbortCallback          0x080019f9   Thumb Code     2  stm32f4xx_hal_can.o(.text.HAL_CAN_TxMailbox1AbortCallback)
    HAL_CAN_TxMailbox1CompleteCallback       0x080019fd   Thumb Code     2  stm32f4xx_hal_can.o(.text.HAL_CAN_TxMailbox1CompleteCallback)
    HAL_CAN_TxMailbox2AbortCallback          0x08001a01   Thumb Code     2  stm32f4xx_hal_can.o(.text.HAL_CAN_TxMailbox2AbortCallback)
    HAL_CAN_TxMailbox2CompleteCallback       0x08001a05   Thumb Code     2  stm32f4xx_hal_can.o(.text.HAL_CAN_TxMailbox2CompleteCallback)
    HAL_CAN_WakeUpFromRxMsgCallback          0x08001a09   Thumb Code     2  stm32f4xx_hal_can.o(.text.HAL_CAN_WakeUpFromRxMsgCallback)
    HAL_CRC_Init                             0x08001a0d   Thumb Code    46  stm32f4xx_hal_crc.o(.text.HAL_CRC_Init)
    HAL_CRC_MspInit                          0x08001a3d   Thumb Code    48  crc.o(.text.HAL_CRC_MspInit)
    HAL_DMA_Abort                            0x08001a6d   Thumb Code   142  stm32f4xx_hal_dma.o(.text.HAL_DMA_Abort)
    HAL_DMA_Abort_IT                         0x08001afd   Thumb Code    36  stm32f4xx_hal_dma.o(.text.HAL_DMA_Abort_IT)
    HAL_DMA_GetError                         0x08001b21   Thumb Code     4  stm32f4xx_hal_dma.o(.text.HAL_DMA_GetError)
    HAL_DMA_IRQHandler                       0x08001b25   Thumb Code   452  stm32f4xx_hal_dma.o(.text.HAL_DMA_IRQHandler)
    HAL_DMA_Init                             0x08001ce9   Thumb Code   354  stm32f4xx_hal_dma.o(.text.HAL_DMA_Init)
    HAL_DMA_Start_IT                         0x08001e4d   Thumb Code   162  stm32f4xx_hal_dma.o(.text.HAL_DMA_Start_IT)
    HAL_GPIO_Init                            0x08001ef1   Thumb Code   414  stm32f4xx_hal_gpio.o(.text.HAL_GPIO_Init)
    HAL_GPIO_ReadPin                         0x08002091   Thumb Code    10  stm32f4xx_hal_gpio.o(.text.HAL_GPIO_ReadPin)
    HAL_GPIO_WritePin                        0x0800209d   Thumb Code    10  stm32f4xx_hal_gpio.o(.text.HAL_GPIO_WritePin)
    HAL_GetTick                              0x080020a9   Thumb Code    12  stm32f4xx_hal.o(.text.HAL_GetTick)
    HAL_IncTick                              0x080020b5   Thumb Code    26  stm32f4xx_hal.o(.text.HAL_IncTick)
    HAL_Init                                 0x080020d1   Thumb Code    54  stm32f4xx_hal.o(.text.HAL_Init)
    HAL_InitTick                             0x08002109   Thumb Code   178  stm32f4xx_hal_timebase_tim.o(.text.HAL_InitTick)
    HAL_MspInit                              0x080021bd   Thumb Code    66  stm32f4xx_hal_msp.o(.text.HAL_MspInit)
    HAL_NVIC_EnableIRQ                       0x08002201   Thumb Code    34  stm32f4xx_hal_cortex.o(.text.HAL_NVIC_EnableIRQ)
    HAL_NVIC_SetPriority                     0x08002225   Thumb Code    86  stm32f4xx_hal_cortex.o(.text.HAL_NVIC_SetPriority)
    HAL_NVIC_SetPriorityGrouping             0x0800227d   Thumb Code    32  stm32f4xx_hal_cortex.o(.text.HAL_NVIC_SetPriorityGrouping)
    HAL_PWREx_EnableOverDrive                0x0800229d   Thumb Code   122  stm32f4xx_hal_pwr_ex.o(.text.HAL_PWREx_EnableOverDrive)
    HAL_RCC_ClockConfig                      0x08002319   Thumb Code   356  stm32f4xx_hal_rcc.o(.text.HAL_RCC_ClockConfig)
    HAL_RCC_GetClockConfig                   0x0800247d   Thumb Code    62  stm32f4xx_hal_rcc.o(.text.HAL_RCC_GetClockConfig)
    HAL_RCC_GetPCLK1Freq                     0x080024bd   Thumb Code    38  stm32f4xx_hal_rcc.o(.text.HAL_RCC_GetPCLK1Freq)
    HAL_RCC_GetPCLK2Freq                     0x080024e5   Thumb Code    38  stm32f4xx_hal_rcc.o(.text.HAL_RCC_GetPCLK2Freq)
    HAL_RCC_GetSysClockFreq                  0x0800250d   Thumb Code   110  stm32f4xx_hal_rcc.o(.text.HAL_RCC_GetSysClockFreq)
    HAL_RCC_OscConfig                        0x0800257d   Thumb Code   940  stm32f4xx_hal_rcc.o(.text.HAL_RCC_OscConfig)
    HAL_TIMEx_BreakCallback                  0x08002929   Thumb Code     2  stm32f4xx_hal_tim_ex.o(.text.HAL_TIMEx_BreakCallback)
    HAL_TIMEx_CommutCallback                 0x0800292d   Thumb Code     2  stm32f4xx_hal_tim_ex.o(.text.HAL_TIMEx_CommutCallback)
    HAL_TIM_Base_Init                        0x08002931   Thumb Code    90  stm32f4xx_hal_tim.o(.text.HAL_TIM_Base_Init)
    HAL_TIM_Base_MspInit                     0x0800298d   Thumb Code     2  stm32f4xx_hal_tim.o(.text.HAL_TIM_Base_MspInit)
    HAL_TIM_Base_Start_IT                    0x08002991   Thumb Code   170  stm32f4xx_hal_tim.o(.text.HAL_TIM_Base_Start_IT)
    HAL_TIM_IC_CaptureCallback               0x08002a3d   Thumb Code     2  stm32f4xx_hal_tim.o(.text.HAL_TIM_IC_CaptureCallback)
    HAL_TIM_IRQHandler                       0x08002a41   Thumb Code   334  stm32f4xx_hal_tim.o(.text.HAL_TIM_IRQHandler)
    HAL_TIM_OC_DelayElapsedCallback          0x08002b91   Thumb Code     2  stm32f4xx_hal_tim.o(.text.HAL_TIM_OC_DelayElapsedCallback)
    HAL_TIM_PWM_PulseFinishedCallback        0x08002b95   Thumb Code     2  stm32f4xx_hal_tim.o(.text.HAL_TIM_PWM_PulseFinishedCallback)
    HAL_TIM_PeriodElapsedCallback            0x08002b99   Thumb Code    20  main.o(.text.HAL_TIM_PeriodElapsedCallback)
    HAL_TIM_TriggerCallback                  0x08002bad   Thumb Code     2  stm32f4xx_hal_tim.o(.text.HAL_TIM_TriggerCallback)
    HAL_UARTEx_ReceiveToIdle_DMA             0x08002bb1   Thumb Code   494  stm32f4xx_hal_uart.o(.text.HAL_UARTEx_ReceiveToIdle_DMA)
    HAL_UARTEx_RxEventCallback               0x08002da1   Thumb Code     2  usart-x.o(.text.HAL_UARTEx_RxEventCallback)
    HAL_UART_AbortReceive                    0x08002da5   Thumb Code   366  stm32f4xx_hal_uart.o(.text.HAL_UART_AbortReceive)
    HAL_UART_AbortTransmit                   0x08002f15   Thumb Code   208  stm32f4xx_hal_uart.o(.text.HAL_UART_AbortTransmit)
    HAL_UART_ErrorCallback                   0x08002fe5   Thumb Code   154  usart-x.o(.text.HAL_UART_ErrorCallback)
    HAL_UART_IRQHandler                      0x08003081   Thumb Code  1428  stm32f4xx_hal_uart.o(.text.HAL_UART_IRQHandler)
    HAL_UART_Init                            0x08003615   Thumb Code    96  stm32f4xx_hal_uart.o(.text.HAL_UART_Init)
    HAL_UART_MspInit                         0x08003675   Thumb Code  1096  usart.o(.text.HAL_UART_MspInit)
    HAL_UART_Receive_DMA                     0x08003abd   Thumb Code   384  stm32f4xx_hal_uart.o(.text.HAL_UART_Receive_DMA)
    HAL_UART_Receive_IT                      0x08003c3d   Thumb Code    84  stm32f4xx_hal_uart.o(.text.HAL_UART_Receive_IT)
    HAL_UART_RxCpltCallback                  0x08003c91   Thumb Code   128  usart-x.o(.text.HAL_UART_RxCpltCallback)
    HAL_UART_RxHalfCpltCallback              0x08003d11   Thumb Code     2  stm32f4xx_hal_uart.o(.text.HAL_UART_RxHalfCpltCallback)
    HAL_UART_Transmit                        0x08003d15   Thumb Code   402  stm32f4xx_hal_uart.o(.text.HAL_UART_Transmit)
    HAL_UART_TxCpltCallback                  0x08003ea9   Thumb Code     2  stm32f4xx_hal_uart.o(.text.HAL_UART_TxCpltCallback)
    HI14_GetYaw                              0x08003ead   Thumb Code    14  hi14_driver.o(.text.HI14_GetYaw)
    HI14_Init                                0x08003ebd   Thumb Code    68  hi14_driver.o(.text.HI14_Init)
    HI14_ReadAllSensors                      0x08003f01   Thumb Code   656  hi14_driver.o(.text.HI14_ReadAllSensors)
    HardFault_Handler                        0x080041b9   Thumb Code     2  stm32f4xx_it.o(.text.HardFault_Handler)
    How_task                                 0x080041bd   Thumb Code   398  mytask.o(.text.How_task)
    L1_Init                                  0x0800434d   Thumb Code   154  l1_laser.o(.text.L1_Init)
    L1_ReadDistance                          0x080043e9   Thumb Code    44  l1_laser.o(.text.L1_ReadDistance)
    L1_Restart                               0x08004415   Thumb Code    58  l1_laser.o(.text.L1_Restart)
    MX_CAN1_Init                             0x08004451   Thumb Code   150  can.o(.text.MX_CAN1_Init)
    MX_CAN2_Init                             0x080044e9   Thumb Code   150  can.o(.text.MX_CAN2_Init)
    MX_CRC_Init                              0x08004581   Thumb Code    38  crc.o(.text.MX_CRC_Init)
    MX_DMA_Init                              0x080045a9   Thumb Code   188  dma.o(.text.MX_DMA_Init)
    MX_GPIO_Init                             0x08004665   Thumb Code   126  gpio.o(.text.MX_GPIO_Init)
    MX_UART4_Init                            0x080046e5   Thumb Code    60  usart.o(.text.MX_UART4_Init)
    MX_USART1_UART_Init                      0x08004721   Thumb Code    60  usart.o(.text.MX_USART1_UART_Init)
    MX_USART2_UART_Init                      0x0800475d   Thumb Code    60  usart.o(.text.MX_USART2_UART_Init)
    MX_USART3_UART_Init                      0x08004799   Thumb Code    60  usart.o(.text.MX_USART3_UART_Init)
    MX_USART6_UART_Init                      0x080047d5   Thumb Code    64  usart.o(.text.MX_USART6_UART_Init)
    Mecanum_HeadingCorrection                0x08004815   Thumb Code   432  hi14_driver.o(.text.Mecanum_HeadingCorrection)
    MemManage_Handler                        0x080049d5   Thumb Code     2  stm32f4xx_it.o(.text.MemManage_Handler)
    Modbus_Init                              0x080049d9   Thumb Code   386  modbus.o(.text.Modbus_Init)
    Modbus_ReadHoldingRegs                   0x08004b5d   Thumb Code   456  modbus.o(.text.Modbus_ReadHoldingRegs)
    Modbus_Restart                           0x08004d25   Thumb Code   112  modbus.o(.text.Modbus_Restart)
    Modbus_UART_IDLE_Callback                0x08004d95   Thumb Code   234  modbus.o(.text.Modbus_UART_IDLE_Callback)
    MotorData_calculate_error                0x08004e81   Thumb Code    44  gom_protocol.o(.text.MotorData_calculate_error)
    MotorData_init                           0x08004ead   Thumb Code    16  gom_protocol.o(.text.MotorData_init)
    NMI_Handler                              0x08004ebd   Thumb Code     2  stm32f4xx_it.o(.text.NMI_Handler)
    PID_calc                                 0x08004ec1   Thumb Code   520  pid.o(.text.PID_calc)
    PID_clear                                0x080050cd   Thumb Code    18  pid.o(.text.PID_clear)
    PID_init                                 0x080050e1   Thumb Code    54  pid.o(.text.PID_init)
    PendSV_Handler                           0x08005121   Thumb Code   100  port.o(.text.PendSV_Handler)
    R2006_Control                            0x08005185   Thumb Code   328  r2006.o(.text.R2006_Control)
    R2006_Init                               0x080052dd   Thumb Code   472  r2006.o(.text.R2006_Init)
    ROS_DataUnpack                           0x080054d1   Thumb Code   534  ros_uart.o(.text.ROS_DataUnpack)
    ROS_GetFrame                             0x080056e9   Thumb Code    34  ros_uart.o(.text.ROS_GetFrame)
    ROS_UART_IRQHandler                      0x0800570d   Thumb Code   166  ros_uart.o(.text.ROS_UART_IRQHandler)
    ROS_UartInit                             0x080057b5   Thumb Code   112  ros_uart.o(.text.ROS_UartInit)
    ROS_UartRestart                          0x08005825   Thumb Code    72  ros_uart.o(.text.ROS_UartRestart)
    SVC_Handler                              0x08005871   Thumb Code    36  port.o(.text.SVC_Handler)
    SysTick_Handler                          0x08005895   Thumb Code    46  port.o(.text.SysTick_Handler)
    SystemClock_Config                       0x080058c5   Thumb Code   188  main.o(.text.SystemClock_Config)
    SystemInit                               0x08005981   Thumb Code    18  system_stm32f4xx.o(.text.SystemInit)
    TIM6_DAC_IRQHandler                      0x08005995   Thumb Code    12  stm32f4xx_it.o(.text.TIM6_DAC_IRQHandler)
    TIM_Base_SetConfig                       0x080059a1   Thumb Code   314  stm32f4xx_hal_tim.o(.text.TIM_Base_SetConfig)
    UART4_IRQHandler                         0x08005add   Thumb Code    12  stm32f4xx_it.o(.text.UART4_IRQHandler)
    USART1_IRQHandler                        0x08005fd1   Thumb Code    26  stm32f4xx_it.o(.text.USART1_IRQHandler)
    USART2_IRQHandler                        0x08005fed   Thumb Code    12  stm32f4xx_it.o(.text.USART2_IRQHandler)
    USART3_IRQHandler                        0x08005ff9   Thumb Code    30  stm32f4xx_it.o(.text.USART3_IRQHandler)
    USART6_IRQHandler                        0x08006019   Thumb Code    12  stm32f4xx_it.o(.text.USART6_IRQHandler)
    Unitree_Init                             0x08006025   Thumb Code   118  unitree.o(.text.Unitree_Init)
    Unitree_SetMotor                         0x0800609d   Thumb Code    90  unitree.o(.text.Unitree_SetMotor)
    UsageFault_Handler                       0x080060f9   Thumb Code     2  stm32f4xx_it.o(.text.UsageFault_Handler)
    YS_IRTM_GetKey                           0x080060fd   Thumb Code    44  usart-x.o(.text.YS_IRTM_GetKey)
    YS_IRTM_GetLastRecvTime                  0x08006129   Thumb Code    12  usart-x.o(.text.YS_IRTM_GetLastRecvTime)
    YS_IRTM_HasFrame                         0x08006135   Thumb Code    12  usart-x.o(.text.YS_IRTM_HasFrame)
    YS_IRTM_Init                             0x08006141   Thumb Code    52  usart-x.o(.text.YS_IRTM_Init)
    arm_control_motors                       0x08006175   Thumb Code   112  arm.o(.text.arm_control_motors)
    arm_final                                0x080061e9   Thumb Code   576  arm.o(.text.arm_final)
    chassis_task                             0x08006449   Thumb Code   480  mytask.o(.text.chassis_task)
    crc_ccitt                                0x08006651   Thumb Code   198  crc_ccitt.o(.text.crc_ccitt)
    imu_task                                 0x08006719   Thumb Code   432  mytask.o(.text.imu_task)
    l1_parse_byte                            0x080068f1   Thumb Code   216  l1_laser.o(.text.l1_parse_byte)
    l1_task                                  0x080069d5   Thumb Code    26  mytask.o(.text.l1_task)
    main                                     0x080069f1   Thumb Code   148  main.o(.text.main)
    modify_data                              0x08006bc1   Thumb Code   444  gom_protocol.o(.text.modify_data)
    pvPortMalloc                             0x0800708d   Thumb Code   488  heap_4.o(.text.pvPortMalloc)
    pxPortInitialiseStack                    0x08007275   Thumb Code    36  port.o(.text.pxPortInitialiseStack)
    ros_task                                 0x08007299   Thumb Code   176  mytask.o(.text.ros_task)
    start_task                               0x0800734d   Thumb Code   176  mytask.o(.text.start_task)
    uxListRemove                             0x08007439   Thumb Code    34  list.o(.text.uxListRemove)
    vApplicationGetIdleTaskMemory            0x0800745d   Thumb Code    26  freertos.o(.text.vApplicationGetIdleTaskMemory)
    vListInitialise                          0x08007479   Thumb Code    22  list.o(.text.vListInitialise)
    vListInitialiseItem                      0x08007491   Thumb Code     6  list.o(.text.vListInitialiseItem)
    vListInsert                              0x08007499   Thumb Code    98  list.o(.text.vListInsert)
    vListInsertEnd                           0x080074fd   Thumb Code    26  list.o(.text.vListInsertEnd)
    vPortEnterCritical                       0x0800752d   Thumb Code    70  port.o(.text.vPortEnterCritical)
    vPortExitCritical                        0x08007575   Thumb Code    46  port.o(.text.vPortExitCritical)
    vPortFree                                0x080075a5   Thumb Code   222  heap_4.o(.text.vPortFree)
    vPortSetupTimerInterrupt                 0x08007685   Thumb Code    52  port.o(.text.vPortSetupTimerInterrupt)
    vTaskDelay                               0x080076b9   Thumb Code   158  tasks.o(.text.vTaskDelay)
    vTaskDelete                              0x08007759   Thumb Code   262  tasks.o(.text.vTaskDelete)
    vTaskStartScheduler                      0x08007861   Thumb Code   196  tasks.o(.text.vTaskStartScheduler)
    vTaskSuspendAll                          0x0800792d   Thumb Code    16  tasks.o(.text.vTaskSuspendAll)
    vTaskSwitchContext                       0x0800793d   Thumb Code   110  tasks.o(.text.vTaskSwitchContext)
    wheel_calc                               0x080079ad   Thumb Code  1160  contorl_two.o(.text.wheel_calc)
    wheel_inverse_calc                       0x08007e59   Thumb Code   564  contorl_two.o(.text.wheel_inverse_calc)
    xPortStartScheduler                      0x080080bd   Thumb Code   392  port.o(.text.xPortStartScheduler)
    xTaskCreate                              0x08008245   Thumb Code    96  tasks.o(.text.xTaskCreate)
    xTaskGetTickCount                        0x080082a5   Thumb Code    12  tasks.o(.text.xTaskGetTickCount)
    xTaskIncrementTick                       0x080082b1   Thumb Code   262  tasks.o(.text.xTaskIncrementTick)
    xTaskResumeAll                           0x080083b9   Thumb Code   234  tasks.o(.text.xTaskResumeAll)
    __hardfp_cosf                            0x080084a5   Thumb Code   280  cosf.o(i.__hardfp_cosf)
    __mathlib_flt_infnan                     0x080085f5   Thumb Code     6  funder.o(i.__mathlib_flt_infnan)
    __mathlib_flt_invalid                    0x080085fd   Thumb Code    10  funder.o(i.__mathlib_flt_invalid)
    __mathlib_rredf2                         0x0800860d   Thumb Code   316  rredf.o(i.__mathlib_rredf2)
    __scatterload_copy                       0x08008761   Thumb Code    14  handlers.o(i.__scatterload_copy)
    __scatterload_null                       0x0800876f   Thumb Code     2  handlers.o(i.__scatterload_null)
    __scatterload_zeroinit                   0x08008771   Thumb Code    14  handlers.o(i.__scatterload_zeroinit)
    __set_errno                              0x08008781   Thumb Code     6  errno.o(i.__set_errno)
    AHBPrescTable                            0x080087f4   Data          16  system_stm32f4xx.o(.rodata.AHBPrescTable)
    APBPrescTable                            0x08008804   Data           8  system_stm32f4xx.o(.rodata.APBPrescTable)
    crc_ccitt_table                          0x08008812   Data         512  crc_ccitt.o(.rodata.crc_ccitt_table)
    Region$$Table$$Base                      0x08008c1c   Number         0  anon$$obj.o(Region$$Table)
    Region$$Table$$Limit                     0x08008c3c   Number         0  anon$$obj.o(Region$$Table)
    uwTickFreq                               0x20000004   Data           1  stm32f4xx_hal.o(.data..L_MergedGlobals)
    uwTickPrio                               0x20000008   Data           4  stm32f4xx_hal.o(.data..L_MergedGlobals)
    SystemCoreClock                          0x2000000c   Data           4  system_stm32f4xx.o(.data.SystemCoreClock)
    pxCurrentTCB                             0x20000018   Data           4  tasks.o(.bss..L_MergedGlobals)
    joint_interp_active                      0x200000b8   Data           1  arm.o(.bss..L_MergedGlobals)
    start_o1                                 0x200000bc   Data           4  arm.o(.bss..L_MergedGlobals)
    start_o2                                 0x200000c0   Data           4  arm.o(.bss..L_MergedGlobals)
    start_o3                                 0x200000c4   Data           4  arm.o(.bss..L_MergedGlobals)
    target_o1                                0x200000c8   Data           4  arm.o(.bss..L_MergedGlobals)
    target_o2                                0x200000cc   Data           4  arm.o(.bss..L_MergedGlobals)
    target_o3                                0x200000d0   Data           4  arm.o(.bss..L_MergedGlobals)
    joint_start_tick                         0x200000d4   Data           4  arm.o(.bss..L_MergedGlobals)
    ARM_to                                   0x200000d8   Data          24  arm.o(.bss..L_MergedGlobals)
    a                                        0x200000f4   Data           4  can_receive.o(.bss..L_MergedGlobals)
    can_err_code1                            0x200000f8   Data           4  can_receive.o(.bss..L_MergedGlobals)
    can_err_code2                            0x200000fc   Data           4  can_receive.o(.bss..L_MergedGlobals)
    ros_frame_ready                          0x20000160   Data           1  ros_uart.o(.bss..L_MergedGlobals)
    ROS_latest_frame                         0x20000168   Data          40  ros_uart.o(.bss..L_MergedGlobals)
    f_speed                                  0x200001c0   Data          68  contorl_two.o(.bss..L_MergedGlobals)
    how                                      0x20000204   Data           1  mytask.o(.bss..L_MergedGlobals)
    grip_run                                 0x20000205   Data           1  mytask.o(.bss..L_MergedGlobals)
    lift_run                                 0x20000206   Data           1  mytask.o(.bss..L_MergedGlobals)
    rotate_run                               0x20000207   Data           1  mytask.o(.bss..L_MergedGlobals)
    arm_how                                  0x20000208   Data           1  mytask.o(.bss..L_MergedGlobals)
    y_run                                    0x20000209   Data           1  mytask.o(.bss..L_MergedGlobals)
    arm_ros                                  0x2000020c   Data           4  mytask.o(.bss..L_MergedGlobals)
    ros_last_ms                              0x20000210   Data           4  mytask.o(.bss..L_MergedGlobals)
    ros_vx_zero_start_ms                     0x20000214   Data           4  mytask.o(.bss..L_MergedGlobals)
    HOWTask_Handler                          0x20000218   Data           4  mytask.o(.bss..L_MergedGlobals)
    ChassisTask_Handler                      0x2000021c   Data           4  mytask.o(.bss..L_MergedGlobals)
    IMUTask_Handler                          0x20000220   Data           4  mytask.o(.bss..L_MergedGlobals)
    L1Task_Handler                           0x20000224   Data           4  mytask.o(.bss..L_MergedGlobals)
    ROSTask_Handler                          0x20000228   Data           4  mytask.o(.bss..L_MergedGlobals)
    StartTask_Handler                        0x2000022c   Data           4  mytask.o(.bss..L_MergedGlobals)
    o1                                       0x20000230   Data           4  mytask.o(.bss..L_MergedGlobals)
    lift_up_accumulated_ms                   0x20000238   Data           4  mytask.o(.bss..L_MergedGlobals)
    lift_up_last_tick                        0x2000023c   Data           4  mytask.o(.bss..L_MergedGlobals)
    odom                                     0x20000258   Data          16  mytask.o(.bss..L_MergedGlobals)
    g_emergency_stop                         0x20000284   Data           1  hi14_driver.o(.bss..L_MergedGlobals)
    g_imu_data                               0x2000029c   Data          40  hi14_driver.o(.bss..L_MergedGlobals)
    s_rx_byte                                0x200002c4   Data           1  l1_laser.o(.bss..L_MergedGlobals)
    value                                    0x200002e0   Data           8  l1_laser.o(.bss..L_MergedGlobals)
    motor_infor                              0x200002f4   Data          44  can_receive.o(.bss..L_MergedGlobals.1)
    motor_infor1                             0x20000320   Data          44  can_receive.o(.bss..L_MergedGlobals.1)
    ROS2                                     0x20000374   Data          40  mytask.o(.bss..L_MergedGlobals.5)
    chassis_cmd_speed                        0x2000039c   Data          68  mytask.o(.bss..L_MergedGlobals.5)
    R2006                                    0x200003e4   Data        1056  r2006.o(.bss.R2006)
    Temp_buffer                              0x20000804   Data          64  main.o(.bss.Temp_buffer)
    cmd                                      0x20000844   Data         180  unitree.o(.bss.cmd)
    data                                     0x200008f8   Data         228  unitree.o(.bss.data)
    final_speed                              0x200009dc   Data          68  contorl_two.o(.bss.final_speed)
    g_gpioa11_level                          0x20000a20   Data           1  control_cylinder.o(.bss.g_gpioa11_level)
    g_modbus_inst                            0x20000a24   Data         884  modbus.o(.bss.g_modbus_inst)
    hcan1                                    0x20000d98   Data          40  can.o(.bss.hcan1)
    hcan2                                    0x20000dc0   Data          40  can.o(.bss.hcan2)
    hcrc                                     0x20000de8   Data           8  crc.o(.bss.hcrc)
    hdma_usart1_rx                           0x20000df0   Data          96  usart.o(.bss.hdma_usart1_rx)
    hdma_usart1_tx                           0x20000e50   Data          96  usart.o(.bss.hdma_usart1_tx)
    hdma_usart2_rx                           0x20000eb0   Data          96  usart.o(.bss.hdma_usart2_rx)
    hdma_usart2_tx                           0x20000f10   Data          96  usart.o(.bss.hdma_usart2_tx)
    hdma_usart3_rx                           0x20000f70   Data          96  usart.o(.bss.hdma_usart3_rx)
    hdma_usart3_tx                           0x20000fd0   Data          96  usart.o(.bss.hdma_usart3_tx)
    hdma_usart6_rx                           0x20001030   Data          96  usart.o(.bss.hdma_usart6_rx)
    hdma_usart6_tx                           0x20001090   Data          96  usart.o(.bss.hdma_usart6_tx)
    htim6                                    0x200010f0   Data          72  stm32f4xx_hal_timebase_tim.o(.bss.htim6)
    huart1                                   0x20001138   Data          72  usart.o(.bss.huart1)
    huart2                                   0x20001180   Data          72  usart.o(.bss.huart2)
    huart3                                   0x200011c8   Data          72  usart.o(.bss.huart3)
    huart4                                   0x20001210   Data          72  usart.o(.bss.huart4)
    huart6                                   0x20001258   Data          72  usart.o(.bss.huart6)
    laser_distance_m                         0x200012a0   Data           4  mytask.o(.bss.laser_distance_m)
    speed                                    0x200017b8   Data          68  contorl_two.o(.bss.speed)
    uwTick                                   0x200097fc   Data           4  stm32f4xx_hal.o(.bss.uwTick)
    wheel                                    0x20009800   Data        1272  contorl_two.o(.bss.wheel)
    __initial_sp                             0x2000a350   Data           0  startup_stm32f429xx.o(STACK)



==============================================================================

Memory Map of the image

  Image Entry point : 0x080001ad

  Load Region LR_IROM1 (Base: 0x08000000, Size: 0x00008c58, Max: 0x00100000, ABSOLUTE)

    Execution Region ER_IROM1 (Exec base: 0x08000000, Load base: 0x08000000, Size: 0x00008c3c, Max: 0x00100000, ABSOLUTE)

    Exec Addr    Load Addr    Size         Type   Attr      Idx    E Section Name        Object

    0x08000000   0x08000000   0x000001ac   Data   RO            3    RESET               startup_stm32f429xx.o
    0x080001ac   0x080001ac   0x00000000   Code   RO         1968  * .ARM.Collect$$$$00000000  mc_w.l(entry.o)
    0x080001ac   0x080001ac   0x00000004   Code   RO         1996    .ARM.Collect$$$$00000001  mc_w.l(entry2.o)
    0x080001b0   0x080001b0   0x00000004   Code   RO         1999    .ARM.Collect$$$$00000004  mc_w.l(entry5.o)
    0x080001b4   0x080001b4   0x00000000   Code   RO         2001    .ARM.Collect$$$$00000008  mc_w.l(entry7b.o)
    0x080001b4   0x080001b4   0x00000000   Code   RO         2003    .ARM.Collect$$$$0000000A  mc_w.l(entry8b.o)
    0x080001b4   0x080001b4   0x00000008   Code   RO         2004    .ARM.Collect$$$$0000000B  mc_w.l(entry9a.o)
    0x080001bc   0x080001bc   0x00000000   Code   RO         2006    .ARM.Collect$$$$0000000D  mc_w.l(entry10a.o)
    0x080001bc   0x080001bc   0x00000000   Code   RO         2008    .ARM.Collect$$$$0000000F  mc_w.l(entry11a.o)
    0x080001bc   0x080001bc   0x00000004   Code   RO         1997    .ARM.Collect$$$$00002712  mc_w.l(entry2.o)
    0x080001c0   0x080001c0   0x00000024   Code   RO            4    .text               startup_stm32f429xx.o
    0x080001e4   0x080001e4   0x00000062   Code   RO         1971    .text               mc_w.l(uldiv.o)
    0x08000246   0x08000246   0x00000024   Code   RO         1973    .text               mc_w.l(memcpya.o)
    0x0800026a   0x0800026a   0x00000024   Code   RO         1975    .text               mc_w.l(memseta.o)
    0x0800028e   0x0800028e   0x0000001e   Code   RO         2010    .text               mc_w.l(llshl.o)
    0x080002ac   0x080002ac   0x00000020   Code   RO         2012    .text               mc_w.l(llushr.o)
    0x080002cc   0x080002cc   0x00000000   Code   RO         2021    .text               mc_w.l(iusefp.o)
    0x080002cc   0x080002cc   0x00000030   Code   RO         2022    .text               mc_w.l(init.o)
    0x080002fc   0x080002fc   0x00000002   Code   RO          140    .text.BusFault_Handler  stm32f4xx_it.o
    0x080002fe   0x080002fe   0x00000002   PAD
    0x08000300   0x08000300   0x0000000c   Code   RO          154    .text.CAN1_RX0_IRQHandler  stm32f4xx_it.o
    0x0800030c   0x0800030c   0x0000000c   Code   RO          170    .text.CAN2_RX0_IRQHandler  stm32f4xx_it.o
    0x08000318   0x08000318   0x00000066   Code   RO         1636    .text.CAN_cmd_R2006_motor  can_receive.o
    0x0800037e   0x0800037e   0x00000002   PAD
    0x08000380   0x08000380   0x00000066   Code   RO         1630    .text.CAN_cmd_chassis_wheelM  can_receive.o
    0x080003e6   0x080003e6   0x00000002   PAD
    0x080003e8   0x080003e8   0x00000054   Code   RO         1634    .text.CAN_cmd_chassis_wheelO  can_receive.o
    0x0800043c   0x0800043c   0x00000298   Code   RO         1680    .text.Chassis_init  contorl_two.o
    0x080006d4   0x080006d4   0x0000004a   Code   RO         1702    .text.Cylinder_Control  control_cylinder.o
    0x0800071e   0x0800071e   0x00000002   PAD
    0x08000720   0x08000720   0x00000024   Code   RO         1704    .text.Cylinder_Controlx  control_cylinder.o
    0x08000744   0x08000744   0x0000001e   Code   RO         1706    .text.Cylinder_Controly  control_cylinder.o
    0x08000762   0x08000762   0x00000002   PAD
    0x08000764   0x08000764   0x00000046   Code   RO         1700    .text.Cylinder_Init  control_cylinder.o
    0x080007aa   0x080007aa   0x00000002   PAD
    0x080007ac   0x080007ac   0x0000000c   Code   RO          146    .text.DMA1_Stream1_IRQHandler  stm32f4xx_it.o
    0x080007b8   0x080007b8   0x0000000c   Code   RO          148    .text.DMA1_Stream3_IRQHandler  stm32f4xx_it.o
    0x080007c4   0x080007c4   0x0000000c   Code   RO          150    .text.DMA1_Stream5_IRQHandler  stm32f4xx_it.o
    0x080007d0   0x080007d0   0x0000000c   Code   RO          152    .text.DMA1_Stream6_IRQHandler  stm32f4xx_it.o
    0x080007dc   0x080007dc   0x0000000c   Code   RO          166    .text.DMA2_Stream1_IRQHandler  stm32f4xx_it.o
    0x080007e8   0x080007e8   0x0000000c   Code   RO          168    .text.DMA2_Stream2_IRQHandler  stm32f4xx_it.o
    0x080007f4   0x080007f4   0x0000000c   Code   RO          172    .text.DMA2_Stream6_IRQHandler  stm32f4xx_it.o
    0x08000800   0x08000800   0x0000000c   Code   RO          174    .text.DMA2_Stream7_IRQHandler  stm32f4xx_it.o
    0x0800080c   0x0800080c   0x00000002   Code   RO          144    .text.DebugMon_Handler  stm32f4xx_it.o
    0x0800080e   0x0800080e   0x00000002   PAD
    0x08000810   0x08000810   0x00000218   Code   RO         1718    .text.ECPID_Calc    ecpid.o
    0x08000a28   0x08000a28   0x00000036   Code   RO         1716    .text.ECPID_init    ecpid.o
    0x08000a5e   0x08000a5e   0x00000002   PAD
    0x08000a60   0x08000a60   0x00000006   Code   RO           15    .text.Error_Handler  main.o
    0x08000a66   0x08000a66   0x00000002   PAD
    0x08000a68   0x08000a68   0x0000000c   Code   RO         1731    .text.FIFO_Init     fifo.o
    0x08000a74   0x08000a74   0x000000f4   Code   RO         1735    .text.FIFO_Pop      fifo.o
    0x08000b68   0x08000b68   0x000000f2   Code   RO         1733    .text.FIFO_Push     fifo.o
    0x08000c5a   0x08000c5a   0x00000002   PAD
    0x08000c5c   0x08000c5c   0x0000002e   Code   RO          562    .text.HAL_CAN_ActivateNotification  stm32f4xx_hal_can.o
    0x08000c8a   0x08000c8a   0x00000002   PAD
    0x08000c8c   0x08000c8c   0x000000a4   Code   RO          548    .text.HAL_CAN_AddTxMessage  stm32f4xx_hal_can.o
    0x08000d30   0x08000d30   0x000000de   Code   RO          538    .text.HAL_CAN_ConfigFilter  stm32f4xx_hal_can.o
    0x08000e0e   0x08000e0e   0x00000002   PAD
    0x08000e10   0x08000e10   0x00000036   Code   RO         1624    .text.HAL_CAN_ErrorCallback  can_receive.o
    0x08000e46   0x08000e46   0x00000002   PAD
    0x08000e48   0x08000e48   0x00000004   Code   RO          596    .text.HAL_CAN_GetError  stm32f4xx_hal_can.o
    0x08000e4c   0x08000e4c   0x00000020   Code   RO          560    .text.HAL_CAN_GetRxFifoFillLevel  stm32f4xx_hal_can.o
    0x08000e6c   0x08000e6c   0x0000012e   Code   RO          558    .text.HAL_CAN_GetRxMessage  stm32f4xx_hal_can.o
    0x08000f9a   0x08000f9a   0x00000002   PAD
    0x08000f9c   0x08000f9c   0x0000025e   Code   RO          566    .text.HAL_CAN_IRQHandler  stm32f4xx_hal_can.o
    0x080011fa   0x080011fa   0x00000002   PAD
    0x080011fc   0x080011fc   0x000000f4   Code   RO          528    .text.HAL_CAN_Init  stm32f4xx_hal_can.o
    0x080012f0   0x080012f0   0x00000114   Code   RO           60    .text.HAL_CAN_MspInit  can.o
    0x08001404   0x08001404   0x00000002   Code   RO          580    .text.HAL_CAN_RxFifo0FullCallback  stm32f4xx_hal_can.o
    0x08001406   0x08001406   0x00000002   PAD
    0x08001408   0x08001408   0x00000580   Code   RO         1620    .text.HAL_CAN_RxFifo0MsgPendingCallback  can_receive.o
    0x08001988   0x08001988   0x00000002   Code   RO          584    .text.HAL_CAN_RxFifo1FullCallback  stm32f4xx_hal_can.o
    0x0800198a   0x0800198a   0x00000002   PAD
    0x0800198c   0x0800198c   0x00000002   Code   RO          586    .text.HAL_CAN_RxFifo1MsgPendingCallback  stm32f4xx_hal_can.o
    0x0800198e   0x0800198e   0x00000002   PAD
    0x08001990   0x08001990   0x00000002   Code   RO          588    .text.HAL_CAN_SleepCallback  stm32f4xx_hal_can.o
    0x08001992   0x08001992   0x00000002   PAD
    0x08001994   0x08001994   0x0000005a   Code   RO          540    .text.HAL_CAN_Start  stm32f4xx_hal_can.o
    0x080019ee   0x080019ee   0x00000002   PAD
    0x080019f0   0x080019f0   0x00000002   Code   RO          570    .text.HAL_CAN_TxMailbox0AbortCallback  stm32f4xx_hal_can.o
    0x080019f2   0x080019f2   0x00000002   PAD
    0x080019f4   0x080019f4   0x00000002   Code   RO          568    .text.HAL_CAN_TxMailbox0CompleteCallback  stm32f4xx_hal_can.o
    0x080019f6   0x080019f6   0x00000002   PAD
    0x080019f8   0x080019f8   0x00000002   Code   RO          574    .text.HAL_CAN_TxMailbox1AbortCallback  stm32f4xx_hal_can.o
    0x080019fa   0x080019fa   0x00000002   PAD
    0x080019fc   0x080019fc   0x00000002   Code   RO          572    .text.HAL_CAN_TxMailbox1CompleteCallback  stm32f4xx_hal_can.o
    0x080019fe   0x080019fe   0x00000002   PAD
    0x08001a00   0x08001a00   0x00000002   Code   RO          578    .text.HAL_CAN_TxMailbox2AbortCallback  stm32f4xx_hal_can.o
    0x08001a02   0x08001a02   0x00000002   PAD
    0x08001a04   0x08001a04   0x00000002   Code   RO          576    .text.HAL_CAN_TxMailbox2CompleteCallback  stm32f4xx_hal_can.o
    0x08001a06   0x08001a06   0x00000002   PAD
    0x08001a08   0x08001a08   0x00000002   Code   RO          590    .text.HAL_CAN_WakeUpFromRxMsgCallback  stm32f4xx_hal_can.o
    0x08001a0a   0x08001a0a   0x00000002   PAD
    0x08001a0c   0x08001a0c   0x0000002e   Code   RO         1017    .text.HAL_CRC_Init  stm32f4xx_hal_crc.o
    0x08001a3a   0x08001a3a   0x00000002   PAD
    0x08001a3c   0x08001a3c   0x00000030   Code   RO           77    .text.HAL_CRC_MspInit  crc.o
    0x08001a6c   0x08001a6c   0x0000008e   Code   RO          778    .text.HAL_DMA_Abort  stm32f4xx_hal_dma.o
    0x08001afa   0x08001afa   0x00000002   PAD
    0x08001afc   0x08001afc   0x00000024   Code   RO          780    .text.HAL_DMA_Abort_IT  stm32f4xx_hal_dma.o
    0x08001b20   0x08001b20   0x00000004   Code   RO          792    .text.HAL_DMA_GetError  stm32f4xx_hal_dma.o
    0x08001b24   0x08001b24   0x000001c4   Code   RO          784    .text.HAL_DMA_IRQHandler  stm32f4xx_hal_dma.o
    0x08001ce8   0x08001ce8   0x00000162   Code   RO          770    .text.HAL_DMA_Init  stm32f4xx_hal_dma.o
    0x08001e4a   0x08001e4a   0x00000002   PAD
    0x08001e4c   0x08001e4c   0x000000a2   Code   RO          776    .text.HAL_DMA_Start_IT  stm32f4xx_hal_dma.o
    0x08001eee   0x08001eee   0x00000002   PAD
    0x08001ef0   0x08001ef0   0x0000019e   Code   RO          732    .text.HAL_GPIO_Init  stm32f4xx_hal_gpio.o
    0x0800208e   0x0800208e   0x00000002   PAD
    0x08002090   0x08002090   0x0000000a   Code   RO          736    .text.HAL_GPIO_ReadPin  stm32f4xx_hal_gpio.o
    0x0800209a   0x0800209a   0x00000002   PAD
    0x0800209c   0x0800209c   0x0000000a   Code   RO          738    .text.HAL_GPIO_WritePin  stm32f4xx_hal_gpio.o
    0x080020a6   0x080020a6   0x00000002   PAD
    0x080020a8   0x080020a8   0x0000000c   Code   RO          935    .text.HAL_GetTick   stm32f4xx_hal.o
    0x080020b4   0x080020b4   0x0000001a   Code   RO          933    .text.HAL_IncTick   stm32f4xx_hal.o
    0x080020ce   0x080020ce   0x00000002   PAD
    0x080020d0   0x080020d0   0x00000036   Code   RO          923    .text.HAL_Init      stm32f4xx_hal.o
    0x08002106   0x08002106   0x00000002   PAD
    0x08002108   0x08002108   0x000000b2   Code   RO          194    .text.HAL_InitTick  stm32f4xx_hal_timebase_tim.o
    0x080021ba   0x080021ba   0x00000002   PAD
    0x080021bc   0x080021bc   0x00000042   Code   RO          185    .text.HAL_MspInit   stm32f4xx_hal_msp.o
    0x080021fe   0x080021fe   0x00000002   PAD
    0x08002200   0x08002200   0x00000022   Code   RO          875    .text.HAL_NVIC_EnableIRQ  stm32f4xx_hal_cortex.o
    0x08002222   0x08002222   0x00000002   PAD
    0x08002224   0x08002224   0x00000056   Code   RO          873    .text.HAL_NVIC_SetPriority  stm32f4xx_hal_cortex.o
    0x0800227a   0x0800227a   0x00000002   PAD
    0x0800227c   0x0800227c   0x00000020   Code   RO          871    .text.HAL_NVIC_SetPriorityGrouping  stm32f4xx_hal_cortex.o
    0x0800229c   0x0800229c   0x0000007a   Code   RO          857    .text.HAL_PWREx_EnableOverDrive  stm32f4xx_hal_pwr_ex.o
    0x08002316   0x08002316   0x00000002   PAD
    0x08002318   0x08002318   0x00000164   Code   RO          612    .text.HAL_RCC_ClockConfig  stm32f4xx_hal_rcc.o
    0x0800247c   0x0800247c   0x0000003e   Code   RO          630    .text.HAL_RCC_GetClockConfig  stm32f4xx_hal_rcc.o
    0x080024ba   0x080024ba   0x00000002   PAD
    0x080024bc   0x080024bc   0x00000026   Code   RO          624    .text.HAL_RCC_GetPCLK1Freq  stm32f4xx_hal_rcc.o
    0x080024e2   0x080024e2   0x00000002   PAD
    0x080024e4   0x080024e4   0x00000026   Code   RO          626    .text.HAL_RCC_GetPCLK2Freq  stm32f4xx_hal_rcc.o
    0x0800250a   0x0800250a   0x00000002   PAD
    0x0800250c   0x0800250c   0x0000006e   Code   RO          614    .text.HAL_RCC_GetSysClockFreq  stm32f4xx_hal_rcc.o
    0x0800257a   0x0800257a   0x00000002   PAD
    0x0800257c   0x0800257c   0x000003ac   Code   RO          610    .text.HAL_RCC_OscConfig  stm32f4xx_hal_rcc.o
    0x08002928   0x08002928   0x00000002   Code   RO          514    .text.HAL_TIMEx_BreakCallback  stm32f4xx_hal_tim_ex.o
    0x0800292a   0x0800292a   0x00000002   PAD
    0x0800292c   0x0800292c   0x00000002   Code   RO          510    .text.HAL_TIMEx_CommutCallback  stm32f4xx_hal_tim_ex.o
    0x0800292e   0x0800292e   0x00000002   PAD
    0x08002930   0x08002930   0x0000005a   Code   RO          209    .text.HAL_TIM_Base_Init  stm32f4xx_hal_tim.o
    0x0800298a   0x0800298a   0x00000002   PAD
    0x0800298c   0x0800298c   0x00000002   Code   RO          211    .text.HAL_TIM_Base_MspInit  stm32f4xx_hal_tim.o
    0x0800298e   0x0800298e   0x00000002   PAD
    0x08002990   0x08002990   0x000000aa   Code   RO          223    .text.HAL_TIM_Base_Start_IT  stm32f4xx_hal_tim.o
    0x08002a3a   0x08002a3a   0x00000002   PAD
    0x08002a3c   0x08002a3c   0x00000002   Code   RO          345    .text.HAL_TIM_IC_CaptureCallback  stm32f4xx_hal_tim.o
    0x08002a3e   0x08002a3e   0x00000002   PAD
    0x08002a40   0x08002a40   0x0000014e   Code   RO          343    .text.HAL_TIM_IRQHandler  stm32f4xx_hal_tim.o
    0x08002b8e   0x08002b8e   0x00000002   PAD
    0x08002b90   0x08002b90   0x00000002   Code   RO          347    .text.HAL_TIM_OC_DelayElapsedCallback  stm32f4xx_hal_tim.o
    0x08002b92   0x08002b92   0x00000002   PAD
    0x08002b94   0x08002b94   0x00000002   Code   RO          349    .text.HAL_TIM_PWM_PulseFinishedCallback  stm32f4xx_hal_tim.o
    0x08002b96   0x08002b96   0x00000002   PAD
    0x08002b98   0x08002b98   0x00000014   Code   RO           17    .text.HAL_TIM_PeriodElapsedCallback  main.o
    0x08002bac   0x08002bac   0x00000002   Code   RO          353    .text.HAL_TIM_TriggerCallback  stm32f4xx_hal_tim.o
    0x08002bae   0x08002bae   0x00000002   PAD
    0x08002bb0   0x08002bb0   0x000001ee   Code   RO         1087    .text.HAL_UARTEx_ReceiveToIdle_DMA  stm32f4xx_hal_uart.o
    0x08002d9e   0x08002d9e   0x00000002   PAD
    0x08002da0   0x08002da0   0x00000002   Code   RO         1901    .text.HAL_UARTEx_RxEventCallback  usart-x.o
    0x08002da2   0x08002da2   0x00000002   PAD
    0x08002da4   0x08002da4   0x0000016e   Code   RO         1095    .text.HAL_UART_AbortReceive  stm32f4xx_hal_uart.o
    0x08002f12   0x08002f12   0x00000002   PAD
    0x08002f14   0x08002f14   0x000000d0   Code   RO         1093    .text.HAL_UART_AbortTransmit  stm32f4xx_hal_uart.o
    0x08002fe4   0x08002fe4   0x0000009a   Code   RO         1903    .text.HAL_UART_ErrorCallback  usart-x.o
    0x0800307e   0x0800307e   0x00000002   PAD
    0x08003080   0x08003080   0x00000594   Code   RO         1117    .text.HAL_UART_IRQHandler  stm32f4xx_hal_uart.o
    0x08003614   0x08003614   0x00000060   Code   RO         1039    .text.HAL_UART_Init  stm32f4xx_hal_uart.o
    0x08003674   0x08003674   0x00000448   Code   RO          109    .text.HAL_UART_MspInit  usart.o
    0x08003abc   0x08003abc   0x00000180   Code   RO         1073    .text.HAL_UART_Receive_DMA  stm32f4xx_hal_uart.o
    0x08003c3c   0x08003c3c   0x00000054   Code   RO         1061    .text.HAL_UART_Receive_IT  stm32f4xx_hal_uart.o
    0x08003c90   0x08003c90   0x00000080   Code   RO         1899    .text.HAL_UART_RxCpltCallback  usart-x.o
    0x08003d10   0x08003d10   0x00000002   Code   RO         1133    .text.HAL_UART_RxHalfCpltCallback  stm32f4xx_hal_uart.o
    0x08003d12   0x08003d12   0x00000002   PAD
    0x08003d14   0x08003d14   0x00000192   Code   RO         1055    .text.HAL_UART_Transmit  stm32f4xx_hal_uart.o
    0x08003ea6   0x08003ea6   0x00000002   PAD
    0x08003ea8   0x08003ea8   0x00000002   Code   RO         1127    .text.HAL_UART_TxCpltCallback  stm32f4xx_hal_uart.o
    0x08003eaa   0x08003eaa   0x00000002   PAD
    0x08003eac   0x08003eac   0x0000000e   Code   RO         1819    .text.HI14_GetYaw   hi14_driver.o
    0x08003eba   0x08003eba   0x00000002   PAD
    0x08003ebc   0x08003ebc   0x00000044   Code   RO         1811    .text.HI14_Init     hi14_driver.o
    0x08003f00   0x08003f00   0x000002b8   Code   RO         1825    .text.HI14_ReadAllSensors  hi14_driver.o
    0x080041b8   0x080041b8   0x00000002   Code   RO          136    .text.HardFault_Handler  stm32f4xx_it.o
    0x080041ba   0x080041ba   0x00000002   PAD
    0x080041bc   0x080041bc   0x0000018e   Code   RO         1747    .text.How_task      mytask.o
    0x0800434a   0x0800434a   0x00000002   PAD
    0x0800434c   0x0800434c   0x0000009a   Code   RO         1870    .text.L1_Init       l1_laser.o
    0x080043e6   0x080043e6   0x00000002   PAD
    0x080043e8   0x080043e8   0x0000002c   Code   RO         1872    .text.L1_ReadDistance  l1_laser.o
    0x08004414   0x08004414   0x0000003a   Code   RO         1874    .text.L1_Restart    l1_laser.o
    0x0800444e   0x0800444e   0x00000002   PAD
    0x08004450   0x08004450   0x00000096   Code   RO           56    .text.MX_CAN1_Init  can.o
    0x080044e6   0x080044e6   0x00000002   PAD
    0x080044e8   0x080044e8   0x00000096   Code   RO           58    .text.MX_CAN2_Init  can.o
    0x0800457e   0x0800457e   0x00000002   PAD
    0x08004580   0x08004580   0x00000026   Code   RO           75    .text.MX_CRC_Init   crc.o
    0x080045a6   0x080045a6   0x00000002   PAD
    0x080045a8   0x080045a8   0x000000bc   Code   RO           90    .text.MX_DMA_Init   dma.o
    0x08004664   0x08004664   0x0000007e   Code   RO           29    .text.MX_GPIO_Init  gpio.o
    0x080046e2   0x080046e2   0x00000002   PAD
    0x080046e4   0x080046e4   0x0000003c   Code   RO           99    .text.MX_UART4_Init  usart.o
    0x08004720   0x08004720   0x0000003c   Code   RO          101    .text.MX_USART1_UART_Init  usart.o
    0x0800475c   0x0800475c   0x0000003c   Code   RO          103    .text.MX_USART2_UART_Init  usart.o
    0x08004798   0x08004798   0x0000003c   Code   RO          105    .text.MX_USART3_UART_Init  usart.o
    0x080047d4   0x080047d4   0x00000040   Code   RO          107    .text.MX_USART6_UART_Init  usart.o
    0x08004814   0x08004814   0x000001c0   Code   RO         1815    .text.Mecanum_HeadingCorrection  hi14_driver.o
    0x080049d4   0x080049d4   0x00000002   Code   RO          138    .text.MemManage_Handler  stm32f4xx_it.o
    0x080049d6   0x080049d6   0x00000002   PAD
    0x080049d8   0x080049d8   0x00000182   Code   RO         1841    .text.Modbus_Init   modbus.o
    0x08004b5a   0x08004b5a   0x00000002   PAD
    0x08004b5c   0x08004b5c   0x000001c8   Code   RO         1847    .text.Modbus_ReadHoldingRegs  modbus.o
    0x08004d24   0x08004d24   0x00000070   Code   RO         1843    .text.Modbus_Restart  modbus.o
    0x08004d94   0x08004d94   0x000000ea   Code   RO         1845    .text.Modbus_UART_IDLE_Callback  modbus.o
    0x08004e7e   0x08004e7e   0x00000002   PAD
    0x08004e80   0x08004e80   0x0000002c   Code   RO         1951    .text.MotorData_calculate_error  gom_protocol.o
    0x08004eac   0x08004eac   0x00000010   Code   RO         1953    .text.MotorData_init  gom_protocol.o
    0x08004ebc   0x08004ebc   0x00000002   Code   RO          134    .text.NMI_Handler   stm32f4xx_it.o
    0x08004ebe   0x08004ebe   0x00000002   PAD
    0x08004ec0   0x08004ec0   0x0000020c   Code   RO         1782    .text.PID_calc      pid.o
    0x080050cc   0x080050cc   0x00000012   Code   RO         1784    .text.PID_clear     pid.o
    0x080050de   0x080050de   0x00000002   PAD
    0x080050e0   0x080050e0   0x00000036   Code   RO         1780    .text.PID_init      pid.o
    0x08005116   0x08005116   0x0000000a   PAD
    0x08005120   0x08005120   0x00000064   Code   RO         1584    .text.PendSV_Handler  port.o
    0x08005184   0x08005184   0x00000158   Code   RO         1797    .text.R2006_Control  r2006.o
    0x080052dc   0x080052dc   0x000001f4   Code   RO         1795    .text.R2006_Init    r2006.o
    0x080054d0   0x080054d0   0x00000216   Code   RO         1657    .text.ROS_DataUnpack  ros_uart.o
    0x080056e6   0x080056e6   0x00000002   PAD
    0x080056e8   0x080056e8   0x00000022   Code   RO         1665    .text.ROS_GetFrame  ros_uart.o
    0x0800570a   0x0800570a   0x00000002   PAD
    0x0800570c   0x0800570c   0x000000a6   Code   RO         1663    .text.ROS_UART_IRQHandler  ros_uart.o
    0x080057b2   0x080057b2   0x00000002   PAD
    0x080057b4   0x080057b4   0x00000070   Code   RO         1659    .text.ROS_UartInit  ros_uart.o
    0x08005824   0x08005824   0x00000048   Code   RO         1661    .text.ROS_UartRestart  ros_uart.o
    0x0800586c   0x0800586c   0x00000004   PAD
    0x08005870   0x08005870   0x00000024   Code   RO         1568    .text.SVC_Handler   port.o
    0x08005894   0x08005894   0x0000002e   Code   RO         1586    .text.SysTick_Handler  port.o
    0x080058c2   0x080058c2   0x00000002   PAD
    0x080058c4   0x080058c4   0x000000bc   Code   RO           13    .text.SystemClock_Config  main.o
    0x08005980   0x08005980   0x00000012   Code   RO         1161    .text.SystemInit    system_stm32f4xx.o
    0x08005992   0x08005992   0x00000002   PAD
    0x08005994   0x08005994   0x0000000c   Code   RO          164    .text.TIM6_DAC_IRQHandler  stm32f4xx_it.o
    0x080059a0   0x080059a0   0x0000013a   Code   RO          213    .text.TIM_Base_SetConfig  stm32f4xx_hal_tim.o
    0x08005ada   0x08005ada   0x00000002   PAD
    0x08005adc   0x08005adc   0x0000000c   Code   RO          162    .text.UART4_IRQHandler  stm32f4xx_it.o
    0x08005ae8   0x08005ae8   0x0000000a   Code   RO         1121    .text.UART_DMAAbortOnError  stm32f4xx_hal_uart.o
    0x08005af2   0x08005af2   0x00000002   PAD
    0x08005af4   0x08005af4   0x0000017c   Code   RO         1071    .text.UART_DMAError  stm32f4xx_hal_uart.o
    0x08005c70   0x08005c70   0x0000015e   Code   RO         1149    .text.UART_DMAReceiveCplt  stm32f4xx_hal_uart.o
    0x08005dce   0x08005dce   0x00000002   PAD
    0x08005dd0   0x08005dd0   0x00000018   Code   RO         1151    .text.UART_DMARxHalfCplt  stm32f4xx_hal_uart.o
    0x08005de8   0x08005de8   0x000000fe   Code   RO         1119    .text.UART_Receive_IT  stm32f4xx_hal_uart.o
    0x08005ee6   0x08005ee6   0x00000002   PAD
    0x08005ee8   0x08005ee8   0x000000e6   Code   RO         1043    .text.UART_SetConfig  stm32f4xx_hal_uart.o
    0x08005fce   0x08005fce   0x00000002   PAD
    0x08005fd0   0x08005fd0   0x0000001a   Code   RO          156    .text.USART1_IRQHandler  stm32f4xx_it.o
    0x08005fea   0x08005fea   0x00000002   PAD
    0x08005fec   0x08005fec   0x0000000c   Code   RO          158    .text.USART2_IRQHandler  stm32f4xx_it.o
    0x08005ff8   0x08005ff8   0x0000001e   Code   RO          160    .text.USART3_IRQHandler  stm32f4xx_it.o
    0x08006016   0x08006016   0x00000002   PAD
    0x08006018   0x08006018   0x0000000c   Code   RO          176    .text.USART6_IRQHandler  stm32f4xx_it.o
    0x08006024   0x08006024   0x00000076   Code   RO         1914    .text.Unitree_Init  unitree.o
    0x0800609a   0x0800609a   0x00000002   PAD
    0x0800609c   0x0800609c   0x0000005a   Code   RO         1916    .text.Unitree_SetMotor  unitree.o
    0x080060f6   0x080060f6   0x00000002   PAD
    0x080060f8   0x080060f8   0x00000002   Code   RO          142    .text.UsageFault_Handler  stm32f4xx_it.o
    0x080060fa   0x080060fa   0x00000002   PAD
    0x080060fc   0x080060fc   0x0000002c   Code   RO         1893    .text.YS_IRTM_GetKey  usart-x.o
    0x08006128   0x08006128   0x0000000c   Code   RO         1897    .text.YS_IRTM_GetLastRecvTime  usart-x.o
    0x08006134   0x08006134   0x0000000c   Code   RO         1895    .text.YS_IRTM_HasFrame  usart-x.o
    0x08006140   0x08006140   0x00000034   Code   RO         1891    .text.YS_IRTM_Init  usart-x.o
    0x08006174   0x08006174   0x00000074   Code   RO         1604    .text.arm_control_motors  arm.o
    0x080061e8   0x080061e8   0x00000260   Code   RO         1602    .text.arm_final     arm.o
    0x08006448   0x08006448   0x00000208   Code   RO         1749    .text.chassis_task  mytask.o
    0x08006650   0x08006650   0x000000c6   Code   RO         1936    .text.crc_ccitt     crc_ccitt.o
    0x08006716   0x08006716   0x00000002   PAD
    0x08006718   0x08006718   0x000001d8   Code   RO         1751    .text.imu_task      mytask.o
    0x080068f0   0x080068f0   0x000000e4   Code   RO         1868    .text.l1_parse_byte  l1_laser.o
    0x080069d4   0x080069d4   0x0000001a   Code   RO         1753    .text.l1_task       mytask.o
    0x080069ee   0x080069ee   0x00000002   PAD
    0x080069f0   0x080069f0   0x000000a0   Code   RO           11    .text.main          main.o
    0x08006a90   0x08006a90   0x0000012e   Code   RO         1849    .text.modbus_send_frame  modbus.o
    0x08006bbe   0x08006bbe   0x00000002   PAD
    0x08006bc0   0x08006bc0   0x000001ec   Code   RO         1947    .text.modify_data   gom_protocol.o
    0x08006dac   0x08006dac   0x000000fc   Code   RO         1324    .text.prvAddNewTaskToReadyList  tasks.o
    0x08006ea8   0x08006ea8   0x00000086   Code   RO         1356    .text.prvIdleTask   tasks.o
    0x08006f2e   0x08006f2e   0x00000002   PAD
    0x08006f30   0x08006f30   0x000000f4   Code   RO         1322    .text.prvInitialiseNewTask  tasks.o
    0x08007024   0x08007024   0x00000028   Code   RO         1576    .text.prvPortStartFirstTask  port.o
    0x0800704c   0x0800704c   0x0000003e   Code   RO         1566    .text.prvTaskExitError  port.o
    0x0800708a   0x0800708a   0x00000002   PAD
    0x0800708c   0x0800708c   0x000001e8   Code   RO         1542    .text.pvPortMalloc  heap_4.o
    0x08007274   0x08007274   0x00000024   Code   RO         1564    .text.pxPortInitialiseStack  port.o
    0x08007298   0x08007298   0x000000b4   Code   RO         1755    .text.ros_task      mytask.o
    0x0800734c   0x0800734c   0x000000ec   Code   RO         1745    .text.start_task    mytask.o
    0x08007438   0x08007438   0x00000022   Code   RO         1213    .text.uxListRemove  list.o
    0x0800745a   0x0800745a   0x00000002   PAD
    0x0800745c   0x0800745c   0x0000001a   Code   RO           38    .text.vApplicationGetIdleTaskMemory  freertos.o
    0x08007476   0x08007476   0x00000002   PAD
    0x08007478   0x08007478   0x00000016   Code   RO         1205    .text.vListInitialise  list.o
    0x0800748e   0x0800748e   0x00000002   PAD
    0x08007490   0x08007490   0x00000006   Code   RO         1207    .text.vListInitialiseItem  list.o
    0x08007496   0x08007496   0x00000002   PAD
    0x08007498   0x08007498   0x00000062   Code   RO         1211    .text.vListInsert   list.o
    0x080074fa   0x080074fa   0x00000002   PAD
    0x080074fc   0x080074fc   0x0000001a   Code   RO         1209    .text.vListInsertEnd  list.o
    0x08007516   0x08007516   0x00000002   PAD
    0x08007518   0x08007518   0x00000014   Code   RO         1574    .text.vPortEnableVFP  port.o
    0x0800752c   0x0800752c   0x00000046   Code   RO         1580    .text.vPortEnterCritical  port.o
    0x08007572   0x08007572   0x00000002   PAD
    0x08007574   0x08007574   0x0000002e   Code   RO         1582    .text.vPortExitCritical  port.o
    0x080075a2   0x080075a2   0x00000002   PAD
    0x080075a4   0x080075a4   0x000000de   Code   RO         1544    .text.vPortFree     heap_4.o
    0x08007682   0x08007682   0x00000002   PAD
    0x08007684   0x08007684   0x00000034   Code   RO         1572    .text.vPortSetupTimerInterrupt  port.o
    0x080076b8   0x080076b8   0x0000009e   Code   RO         1338    .text.vTaskDelay    tasks.o
    0x08007756   0x08007756   0x00000002   PAD
    0x08007758   0x08007758   0x00000106   Code   RO         1328    .text.vTaskDelete   tasks.o
    0x0800785e   0x0800785e   0x00000002   PAD
    0x08007860   0x08007860   0x000000cc   Code   RO         1354    .text.vTaskStartScheduler  tasks.o
    0x0800792c   0x0800792c   0x00000010   Code   RO         1332    .text.vTaskSuspendAll  tasks.o
    0x0800793c   0x0800793c   0x0000006e   Code   RO         1348    .text.vTaskSwitchContext  tasks.o
    0x080079aa   0x080079aa   0x00000002   PAD
    0x080079ac   0x080079ac   0x000004ac   Code   RO         1686    .text.wheel_calc    contorl_two.o
    0x08007e58   0x08007e58   0x00000264   Code   RO         1682    .text.wheel_inverse_calc  contorl_two.o
    0x080080bc   0x080080bc   0x00000188   Code   RO         1570    .text.xPortStartScheduler  port.o
    0x08008244   0x08008244   0x00000060   Code   RO         1326    .text.xTaskCreate   tasks.o
    0x080082a4   0x080082a4   0x0000000c   Code   RO         1362    .text.xTaskGetTickCount  tasks.o
    0x080082b0   0x080082b0   0x00000106   Code   RO         1360    .text.xTaskIncrementTick  tasks.o
    0x080083b6   0x080083b6   0x00000002   PAD
    0x080083b8   0x080083b8   0x000000ea   Code   RO         1336    .text.xTaskResumeAll  tasks.o
    0x080084a2   0x080084a2   0x00000002   PAD
    0x080084a4   0x080084a4   0x00000150   Code   RO         1962    i.__hardfp_cosf     m_wm.l(cosf.o)
    0x080085f4   0x080085f4   0x00000006   Code   RO         1980    i.__mathlib_flt_infnan  m_wm.l(funder.o)
    0x080085fa   0x080085fa   0x00000002   PAD
    0x080085fc   0x080085fc   0x00000010   Code   RO         1982    i.__mathlib_flt_invalid  m_wm.l(funder.o)
    0x0800860c   0x0800860c   0x00000154   Code   RO         1993    i.__mathlib_rredf2  m_wm.l(rredf.o)
    0x08008760   0x08008760   0x0000000e   Code   RO         2026    i.__scatterload_copy  mc_w.l(handlers.o)
    0x0800876e   0x0800876e   0x00000002   Code   RO         2027    i.__scatterload_null  mc_w.l(handlers.o)
    0x08008770   0x08008770   0x0000000e   Code   RO         2028    i.__scatterload_zeroinit  mc_w.l(handlers.o)
    0x0800877e   0x0800877e   0x00000002   PAD
    0x08008780   0x08008780   0x0000000c   Code   RO         2016    i.__set_errno       mc_w.l(errno.o)
    0x0800878c   0x0800878c   0x00000020   Data   RO         1994    .constdata          m_wm.l(rredf.o)
    0x080087ac   0x080087ac   0x00000018   Data   RO         1606    .rodata..Lswitch.table.arm_final  arm.o
    0x080087c4   0x080087c4   0x00000018   Data   RO         1607    .rodata..Lswitch.table.arm_final.3  arm.o
    0x080087dc   0x080087dc   0x00000018   Data   RO         1608    .rodata..Lswitch.table.arm_final.4  arm.o
    0x080087f4   0x080087f4   0x00000010   Data   RO         1166    .rodata.AHBPrescTable  system_stm32f4xx.o
    0x08008804   0x08008804   0x00000008   Data   RO         1167    .rodata.APBPrescTable  system_stm32f4xx.o
    0x0800880c   0x0800880c   0x00000005   Data   RO         1879    .rodata.cmd_continuous  l1_laser.o
    0x08008811   0x08008811   0x00000001   PAD
    0x08008812   0x08008812   0x00000200   Data   RO         1938    .rodata.crc_ccitt_table  crc_ccitt.o
    0x08008a12   0x08008a12   0x00000008   Data   RO          794    .rodata.cst8        stm32f4xx_hal_dma.o
    0x08008a1a   0x08008a1a   0x00000200   Data   RO         1857    .rodata.modbus_crc16_table  modbus.o
    0x08008c1a   0x08008c1a   0x00000002   PAD
    0x08008c1c   0x08008c1c   0x00000020   Data   RO         2025    Region$$Table       anon$$obj.o


    Execution Region RW_IRAM2 (Exec base: 0x10000000, Load base: 0x08008c58, Size: 0x00000000, Max: 0x00010000, ABSOLUTE)

    **** No section assigned to this execution region ****


    Execution Region RW_IRAM1 (Exec base: 0x20000000, Load base: 0x08008c40, Size: 0x0000a350, Max: 0x00030000, ABSOLUTE)

    Exec Addr    Load Addr    Size         Type   Attr      Idx    E Section Name        Object

    0x20000000   0x08008c40   0x00000004   Data   RW         2017    .data               mc_w.l(errno.o)
    0x20000004   0x08008c44   0x00000008   Data   RW          982    .data..L_MergedGlobals  stm32f4xx_hal.o
    0x2000000c   0x08008c4c   0x00000004   Data   RW         1165    .data.SystemCoreClock  system_stm32f4xx.o
    0x20000010   0x08008c50   0x00000001   Data   RW         1878    .data.s_first_frame  l1_laser.o
    0x20000011   0x08008c51   0x00000003   PAD
    0x20000014   0x08008c54   0x00000004   Data   RW         1590    .data.uxCriticalNesting  port.o
    0x20000018        -       0x00000078   Zero   RW         1417    .bss..L_MergedGlobals  tasks.o
    0x20000090        -       0x00000020   Zero   RW         1555    .bss..L_MergedGlobals  heap_4.o
    0x200000b0        -       0x00000008   Zero   RW         1591    .bss..L_MergedGlobals  port.o
    0x200000b8        -       0x00000038   Zero   RW         1609    .bss..L_MergedGlobals  arm.o
    0x200000f0        -       0x00000070   Zero   RW         1647    .bss..L_MergedGlobals  can_receive.o
    0x20000160        -       0x0000005c   Zero   RW         1671    .bss..L_MergedGlobals  ros_uart.o
    0x200001bc        -       0x00000048   Zero   RW         1691    .bss..L_MergedGlobals  contorl_two.o
    0x20000204        -       0x00000064   Zero   RW         1770    .bss..L_MergedGlobals  mytask.o
    0x20000268        -       0x0000001c   Zero   RW         1802    .bss..L_MergedGlobals  r2006.o
    0x20000284        -       0x00000040   Zero   RW         1830    .bss..L_MergedGlobals  hi14_driver.o
    0x200002c4        -       0x00000024   Zero   RW         1882    .bss..L_MergedGlobals  l1_laser.o
    0x200002e8        -       0x0000000c   Zero   RW         1905    .bss..L_MergedGlobals  usart-x.o
    0x200002f4        -       0x00000058   Zero   RW         1648    .bss..L_MergedGlobals.1  can_receive.o
    0x2000034c        -       0x00000028   Zero   RW         1418    .bss..L_MergedGlobals.2  tasks.o
    0x20000374        -       0x0000006c   Zero   RW         1771    .bss..L_MergedGlobals.5  mytask.o
    0x200003e0        -       0x00000004   Zero   RW           66    .bss.HAL_RCC_CAN1_CLK_ENABLED  can.o
    0x200003e4        -       0x00000420   Zero   RW         1801    .bss.R2006          r2006.o
    0x20000804        -       0x00000040   Zero   RW           19    .bss.Temp_buffer    main.o
    0x20000844        -       0x000000b4   Zero   RW         1925    .bss.cmd            unitree.o
    0x200008f8        -       0x000000e4   Zero   RW         1924    .bss.data           unitree.o
    0x200009dc        -       0x00000044   Zero   RW         1690    .bss.final_speed    contorl_two.o
    0x20000a20        -       0x00000001   Zero   RW         1708    .bss.g_gpioa11_level  control_cylinder.o
    0x20000a21   0x08008c58   0x00000003   PAD
    0x20000a24        -       0x00000374   Zero   RW         1859    .bss.g_modbus_inst  modbus.o
    0x20000d98        -       0x00000028   Zero   RW           64    .bss.hcan1          can.o
    0x20000dc0        -       0x00000028   Zero   RW           65    .bss.hcan2          can.o
    0x20000de8        -       0x00000008   Zero   RW           81    .bss.hcrc           crc.o
    0x20000df0        -       0x00000060   Zero   RW          118    .bss.hdma_usart1_rx  usart.o
    0x20000e50        -       0x00000060   Zero   RW          119    .bss.hdma_usart1_tx  usart.o
    0x20000eb0        -       0x00000060   Zero   RW          120    .bss.hdma_usart2_rx  usart.o
    0x20000f10        -       0x00000060   Zero   RW          121    .bss.hdma_usart2_tx  usart.o
    0x20000f70        -       0x00000060   Zero   RW          122    .bss.hdma_usart3_rx  usart.o
    0x20000fd0        -       0x00000060   Zero   RW          123    .bss.hdma_usart3_tx  usart.o
    0x20001030        -       0x00000060   Zero   RW          124    .bss.hdma_usart6_rx  usart.o
    0x20001090        -       0x00000060   Zero   RW          125    .bss.hdma_usart6_tx  usart.o
    0x200010f0        -       0x00000048   Zero   RW          200    .bss.htim6          stm32f4xx_hal_timebase_tim.o
    0x20001138        -       0x00000048   Zero   RW          114    .bss.huart1         usart.o
    0x20001180        -       0x00000048   Zero   RW          115    .bss.huart2         usart.o
    0x200011c8        -       0x00000048   Zero   RW          116    .bss.huart3         usart.o
    0x20001210        -       0x00000048   Zero   RW          113    .bss.huart4         usart.o
    0x20001258        -       0x00000048   Zero   RW          117    .bss.huart6         usart.o
    0x200012a0        -       0x00000004   Zero   RW         1766    .bss.laser_distance_m  mytask.o
    0x200012a4        -       0x0000008c   Zero   RW         1416    .bss.pxReadyTasksLists  tasks.o
    0x20001330        -       0x00000080   Zero   RW         1670    .bss.ros_dma_buf    ros_uart.o
    0x200013b0        -       0x00000406   Zero   RW         1669    .bss.ros_fifo       ros_uart.o
    0x200017b6   0x08008c58   0x00000002   PAD
    0x200017b8        -       0x00000044   Zero   RW         1689    .bss.speed          contorl_two.o
    0x200017fc        -       0x00008000   Zero   RW         1554    .bss.ucHeap         heap_4.o
    0x200097fc        -       0x00000004   Zero   RW          981    .bss.uwTick         stm32f4xx_hal.o
    0x20009800        -       0x000004f8   Zero   RW         1688    .bss.wheel          contorl_two.o
    0x20009cf8        -       0x00000200   Zero   RW           45    .bss.xIdleStack     freertos.o
    0x20009ef8        -       0x00000054   Zero   RW           44    .bss.xIdleTaskTCBBuffer  freertos.o
    0x20009f4c   0x08008c58   0x00000004   PAD
    0x20009f50        -       0x00000400   Zero   RW            1    STACK               startup_stm32f429xx.o


==============================================================================

Image component sizes


      Code (inc. data)   RO Data    RW Data    ZI Data      Debug   Object Name

       724         36         72          0         56       2759   arm.o
       576          0          0          0         84       7727   can.o
      1750         40          0          0        200      10264   can_receive.o
      2472        120          0          0       1480       8132   contorl_two.o
       210          0          0          0          1       1881   control_cylinder.o
        86          0          0          0          8       2667   crc.o
       198          0        512          0          0       1887   crc_ccitt.o
       188          0          0          0          0       3704   dma.o
       590          8          0          0          0       3010   ecpid.o
       498          0          0          0          0       2042   fifo.o
        26          0          0          0        596       3082   freertos.o
       552         48          0          0          0       3139   gom_protocol.o
       126          0          0          0          0       2190   gpio.o
       710          0          0          0      32800       5854   heap_4.o
      1226         56          0          0         64       7059   hi14_driver.o
       484         12          5          1         36       5657   l1_laser.o
       186          0          0          0          0       2330   list.o
       374         12          0          0         64       7002   main.o
      1490          0        512          0        884      15018   modbus.o
      1832        144          0          0        212      11303   mytask.o
       596          4          0          0          0       2876   pid.o
       900         16          0          4          8       4355   port.o
       844         44          0          0       1084       4022   r2006.o
       918          6          0          0       1250       6744   ros_uart.o
        36          8        428          0       1024        820   startup_stm32f429xx.o
        92          0          0          8          4       7691   stm32f4xx_hal.o
      1732          6          0          0          0      14045   stm32f4xx_hal_can.o
       152          0          0          0          0      10871   stm32f4xx_hal_cortex.o
        46          0          0          0          0       3541   stm32f4xx_hal_crc.o
      1150          6          8          0          0      10556   stm32f4xx_hal_dma.o
       434          0          0          0          0       5463   stm32f4xx_hal_gpio.o
        66          0          0          0          0       3721   stm32f4xx_hal_msp.o
       122          0          0          0          0       4637   stm32f4xx_hal_pwr_ex.o
      1544          4          0          0          0       7605   stm32f4xx_hal_rcc.o
       918          0          0          0          0      58469   stm32f4xx_hal_tim.o
         4          0          0          0          0      21916   stm32f4xx_hal_tim_ex.o
       178          0          0          0         72       7445   stm32f4xx_hal_timebase_tim.o
      4714          0          0          0          0      32784   stm32f4xx_hal_uart.o
       236          0          0          0          0       8463   stm32f4xx_it.o
        18          0         24          4          0       2624   system_stm32f4xx.o
      1984          8          0          0        300      29951   tasks.o
       208          0          0          0        408       4193   unitree.o
       404          0          0          0         12       5271   usart-x.o
      1400          0          0          0       1128       9104   usart.o

    ----------------------------------------------------------------------
     33228        578       1596         20      41784     373874   Object Totals
         0          0         32          0          0          0   (incl. Generated)
       234          0          3          3          9          0   (incl. Padding)

    ----------------------------------------------------------------------

      Code (inc. data)   RO Data    RW Data    ZI Data      Debug   Library Member Name

       336         56          0          0          0        136   cosf.o
        22          6          0          0          0        232   funder.o
       340         24         32          0          0        160   rredf.o
         0          0          0          0          0          0   entry.o
         0          0          0          0          0          0   entry10a.o
         0          0          0          0          0          0   entry11a.o
         8          4          0          0          0          0   entry2.o
         4          0          0          0          0          0   entry5.o
         0          0          0          0          0          0   entry7b.o
         0          0          0          0          0          0   entry8b.o
         8          4          0          0          0          0   entry9a.o
        12          6          0          4          0         68   errno.o
        30          0          0          0          0          0   handlers.o
        48         10          0          0          0         68   init.o
         0          0          0          0          0          0   iusefp.o
        30          0          0          0          0         68   llshl.o
        32          0          0          0          0         68   llushr.o
        36          0          0          0          0         68   memcpya.o
        36          0          0          0          0        108   memseta.o
        98          0          0          0          0         92   uldiv.o

    ----------------------------------------------------------------------
      1044        110         32          4          0       1068   Library Totals
         4          0          0          0          0          0   (incl. Padding)

    ----------------------------------------------------------------------

      Code (inc. data)   RO Data    RW Data    ZI Data      Debug   Library Name

       698         86         32          0          0        528   m_wm.l
       342         24          0          4          0        540   mc_w.l

    ----------------------------------------------------------------------
      1044        110         32          4          0       1068   Library Totals

    ----------------------------------------------------------------------

==============================================================================


      Code (inc. data)   RO Data    RW Data    ZI Data      Debug   

     34272        688       1628         24      41784     373850   Grand Totals
     34272        688       1628         24      41784     373850   ELF Image Totals
     34272        688       1628         24          0          0   ROM Totals

==============================================================================

    Total RO  Size (Code + RO Data)                35900 (  35.06kB)
    Total RW  Size (RW Data + ZI Data)             41808 (  40.83kB)
    Total ROM Size (Code + RO Data + RW Data)      35924 (  35.08kB)

==============================================================================

