Component: Arm Compiler for Embedded 6.24 Tool: armlink [5f371500]

==============================================================================

Section Cross References

    startup_stm32f429xx.o(RESET) refers to startup_stm32f429xx.o(STACK) for __initial_sp
    startup_stm32f429xx.o(RESET) refers to startup_stm32f429xx.o(.text) for Reset_Handler
    startup_stm32f429xx.o(RESET) refers to stm32f4xx_it.o(.text.NMI_Handler) for NMI_Handler
    startup_stm32f429xx.o(RESET) refers to stm32f4xx_it.o(.text.HardFault_Handler) for HardFault_Handler
    startup_stm32f429xx.o(RESET) refers to stm32f4xx_it.o(.text.MemManage_Handler) for MemManage_Handler
    startup_stm32f429xx.o(RESET) refers to stm32f4xx_it.o(.text.BusFault_Handler) for BusFault_Handler
    startup_stm32f429xx.o(RESET) refers to stm32f4xx_it.o(.text.UsageFault_Handler) for UsageFault_Handler
    startup_stm32f429xx.o(RESET) refers to port.o(.text.SVC_Handler) for SVC_Handler
    startup_stm32f429xx.o(RESET) refers to stm32f4xx_it.o(.text.DebugMon_Handler) for DebugMon_Handler
    startup_stm32f429xx.o(RESET) refers to port.o(.text.PendSV_Handler) for PendSV_Handler
    startup_stm32f429xx.o(RESET) refers to port.o(.text.SysTick_Handler) for SysTick_Handler
    startup_stm32f429xx.o(RESET) refers to stm32f4xx_it.o(.text.DMA1_Stream1_IRQHandler) for DMA1_Stream1_IRQHandler
    startup_stm32f429xx.o(RESET) refers to stm32f4xx_it.o(.text.DMA1_Stream3_IRQHandler) for DMA1_Stream3_IRQHandler
    startup_stm32f429xx.o(RESET) refers to stm32f4xx_it.o(.text.DMA1_Stream5_IRQHandler) for DMA1_Stream5_IRQHandler
    startup_stm32f429xx.o(RESET) refers to stm32f4xx_it.o(.text.DMA1_Stream6_IRQHandler) for DMA1_Stream6_IRQHandler
    startup_stm32f429xx.o(RESET) refers to stm32f4xx_it.o(.text.CAN1_RX0_IRQHandler) for CAN1_RX0_IRQHandler
    startup_stm32f429xx.o(RESET) refers to stm32f4xx_it.o(.text.USART1_IRQHandler) for USART1_IRQHandler
    startup_stm32f429xx.o(RESET) refers to stm32f4xx_it.o(.text.USART2_IRQHandler) for USART2_IRQHandler
    startup_stm32f429xx.o(RESET) refers to stm32f4xx_it.o(.text.USART3_IRQHandler) for USART3_IRQHandler
    startup_stm32f429xx.o(RESET) refers to stm32f4xx_it.o(.text.UART4_IRQHandler) for UART4_IRQHandler
    startup_stm32f429xx.o(RESET) refers to stm32f4xx_it.o(.text.TIM6_DAC_IRQHandler) for TIM6_DAC_IRQHandler
    startup_stm32f429xx.o(RESET) refers to stm32f4xx_it.o(.text.DMA2_Stream1_IRQHandler) for DMA2_Stream1_IRQHandler
    startup_stm32f429xx.o(RESET) refers to stm32f4xx_it.o(.text.DMA2_Stream2_IRQHandler) for DMA2_Stream2_IRQHandler
    startup_stm32f429xx.o(RESET) refers to stm32f4xx_it.o(.text.CAN2_RX0_IRQHandler) for CAN2_RX0_IRQHandler
    startup_stm32f429xx.o(RESET) refers to stm32f4xx_it.o(.text.DMA2_Stream6_IRQHandler) for DMA2_Stream6_IRQHandler
    startup_stm32f429xx.o(RESET) refers to stm32f4xx_it.o(.text.DMA2_Stream7_IRQHandler) for DMA2_Stream7_IRQHandler
    startup_stm32f429xx.o(RESET) refers to stm32f4xx_it.o(.text.USART6_IRQHandler) for USART6_IRQHandler
    startup_stm32f429xx.o(.text) refers to system_stm32f4xx.o(.text.SystemInit) for SystemInit
    startup_stm32f429xx.o(.text) refers to entry.o(.ARM.Collect$$$$00000000) for __main
    main.o(.text.main) refers to stm32f4xx_hal.o(.text.HAL_Init) for HAL_Init
    main.o(.text.main) refers to main.o(.text.SystemClock_Config) for SystemClock_Config
    main.o(.text.main) refers to gpio.o(.text.MX_GPIO_Init) for MX_GPIO_Init
    main.o(.text.main) refers to dma.o(.text.MX_DMA_Init) for MX_DMA_Init
    main.o(.text.main) refers to can.o(.text.MX_CAN1_Init) for MX_CAN1_Init
    main.o(.text.main) refers to can.o(.text.MX_CAN2_Init) for MX_CAN2_Init
    main.o(.text.main) refers to usart.o(.text.MX_UART4_Init) for MX_UART4_Init
    main.o(.text.main) refers to usart.o(.text.MX_USART1_UART_Init) for MX_USART1_UART_Init
    main.o(.text.main) refers to usart.o(.text.MX_USART2_UART_Init) for MX_USART2_UART_Init
    main.o(.text.main) refers to usart.o(.text.MX_USART3_UART_Init) for MX_USART3_UART_Init
    main.o(.text.main) refers to usart.o(.text.MX_USART6_UART_Init) for MX_USART6_UART_Init
    main.o(.text.main) refers to crc.o(.text.MX_CRC_Init) for MX_CRC_Init
    main.o(.text.main) refers to hi14_driver.o(.text.HI14_Init) for HI14_Init
    main.o(.text.main) refers to usart.o(.bss.huart6) for huart6
    main.o(.text.main) refers to main.o(.bss.Temp_buffer) for Temp_buffer
    main.o(.text.main) refers to stm32f4xx_hal_uart.o(.text.HAL_UARTEx_ReceiveToIdle_DMA) for HAL_UARTEx_ReceiveToIdle_DMA
    main.o(.text.main) refers to usart.o(.bss.huart1) for huart1
    main.o(.text.main) refers to mytask.o(.bss..L_MergedGlobals.7) for StartTask_Handler
    main.o(.text.main) refers to mytask.o(.text.start_task) for start_task
    main.o(.text.main) refers to tasks.o(.text.xTaskCreate) for xTaskCreate
    main.o(.text.main) refers to tasks.o(.text.vTaskStartScheduler) for vTaskStartScheduler
[...]
    [Anonymous Symbol]                       0x20000414   Section        0  can.o(.bss.HAL_RCC_CAN1_CLK_ENABLED)
    pxReadyTasksLists                        0x2000131c   Data         140  tasks.o(.bss.pxReadyTasksLists)
    [Anonymous Symbol]                       0x2000131c   Section        0  tasks.o(.bss.pxReadyTasksLists)
    ros_dma_buf                              0x200013a8   Data         128  ros_uart.o(.bss.ros_dma_buf)
    [Anonymous Symbol]                       0x200013a8   Section        0  ros_uart.o(.bss.ros_dma_buf)
    ros_fifo                                 0x20001428   Data        1030  ros_uart.o(.bss.ros_fifo)
    [Anonymous Symbol]                       0x20001428   Section        0  ros_uart.o(.bss.ros_fifo)
    ucHeap                                   0x20001874   Data       32768  heap_4.o(.bss.ucHeap)
    [Anonymous Symbol]                       0x20001874   Section        0  heap_4.o(.bss.ucHeap)
    xIdleStack                               0x20009d70   Data         512  freertos.o(.bss.xIdleStack)
    [Anonymous Symbol]                       0x20009d70   Section        0  freertos.o(.bss.xIdleStack)
    xIdleTaskTCBBuffer                       0x20009f70   Data          84  freertos.o(.bss.xIdleTaskTCBBuffer)
    [Anonymous Symbol]                       0x20009f70   Section        0  freertos.o(.bss.xIdleTaskTCBBuffer)
    STACK                                    0x20009fc8   Section     1024  startup_stm32f429xx.o(STACK)

    Global Symbols

    Symbol Name                              Value     Ov Type        Size  Object(Section)

    BuildAttributes$$THM_ISAv4$E$P$D$K$B$S$7EM$VFPi3$EXTD16$VFPS$VFMA$PE$A:L22UL41UL21$X:L11$S22US41US21$IEEE1$IW$~IW$USESV6$~STKCKD$USESV7$~SHL$OTIME$ROPI$IEEEX$EBA8$MICROLIB$REQ8$PRES8$EABIv2 0x00000000   Number         0  anon$$obj.o ABSOLUTE
    __cpp_initialize__aeabi_                  - Undefined Weak Reference
    __cxa_finalize                            - Undefined Weak Reference
    __decompress                              - Undefined Weak Reference
    _clock_init                               - Undefined Weak Reference
    _microlib_exit                            - Undefined Weak Reference
    __Vectors_Size                           0x000001ac   Number         0  startup_stm32f429xx.o ABSOLUTE
    __Vectors                                0x08000000   Data           4  startup_stm32f429xx.o(RESET)
    __Vectors_End                            0x080001ac   Data           0  startup_stm32f429xx.o(RESET)
    __main                                   0x080001ad   Thumb Code     0  entry.o(.ARM.Collect$$$$00000000)
    _main_stk                                0x080001ad   Thumb Code     0  entry2.o(.ARM.Collect$$$$00000001)
    _main_scatterload                        0x080001b1   Thumb Code     0  entry5.o(.ARM.Collect$$$$00000004)
    __main_after_scatterload                 0x080001b5   Thumb Code     0  entry5.o(.ARM.Collect$$$$00000004)
    _main_clock                              0x080001b5   Thumb Code     0  entry7b.o(.ARM.Collect$$$$00000008)
    _main_cpp_init                           0x080001b5   Thumb Code     0  entry8b.o(.ARM.Collect$$$$0000000A)
    _main_init                               0x080001b5   Thumb Code     0  entry9a.o(.ARM.Collect$$$$0000000B)
    __rt_final_cpp                           0x080001bd   Thumb Code     0  entry10a.o(.ARM.Collect$$$$0000000D)
    __rt_final_exit                          0x080001bd   Thumb Code     0  entry11a.o(.ARM.Collect$$$$0000000F)
    Reset_Handler                            0x080001c1   Thumb Code     8  startup_stm32f429xx.o(.text)
    ADC_IRQHandler                           0x080001db   Thumb Code     0  startup_stm32f429xx.o(.text)
    CAN1_RX1_IRQHandler                      0x080001db   Thumb Code     0  startup_stm32f429xx.o(.text)
    CAN1_SCE_IRQHandler                      0x080001db   Thumb Code     0  startup_stm32f429xx.o(.text)
    CAN1_TX_IRQHandler                       0x080001db   Thumb Code     0  startup_stm32f429xx.o(.text)
    CAN2_RX1_IRQHandler                      0x080001db   Thumb Code     0  startup_stm32f429xx.o(.text)
    CAN2_SCE_IRQHandler                      0x080001db   Thumb Code     0  startup_stm32f429xx.o(.text)
    CAN2_TX_IRQHandler                       0x080001db   Thumb Code     0  startup_stm32f429xx.o(.text)
    DCMI_IRQHandler                          0x080001db   Thumb Code     0  startup_stm32f429xx.o(.text)
    DMA1_Stream0_IRQHandler                  0x080001db   Thumb Code     0  startup_stm32f429xx.o(.text)
    DMA1_Stream2_IRQHandler                  0x080001db   Thumb Code     0  startup_stm32f429xx.o(.text)
    DMA1_Stream4_IRQHandler                  0x080001db   Thumb Code     0  startup_stm32f429xx.o(.text)
    DMA1_Stream7_IRQHandler                  0x080001db   Thumb Code     0  startup_stm32f429xx.o(.text)
    DMA2D_IRQHandler                         0x080001db   Thumb Code     0  startup_stm32f429xx.o(.text)
    DMA2_Stream0_IRQHandler                  0x080001db   Thumb Code     0  startup_stm32f429xx.o(.text)
    DMA2_Stream3_IRQHandler                  0x080001db   Thumb Code     0  startup_stm32f429xx.o(.text)
    DMA2_Stream4_IRQHandler                  0x080001db   Thumb Code     0  startup_stm32f429xx.o(.text)
    DMA2_Stream5_IRQHandler                  0x080001db   Thumb Code     0  startup_stm32f429xx.o(.text)
    ETH_IRQHandler                           0x080001db   Thumb Code     0  startup_stm32f429xx.o(.text)
    ETH_WKUP_IRQHandler                      0x080001db   Thumb Code     0  startup_stm32f429xx.o(.text)
    EXTI0_IRQHandler                         0x080001db   Thumb Code     0  startup_stm32f429xx.o(.text)
    EXTI15_10_IRQHandler                     0x080001db   Thumb Code     0  startup_stm32f429xx.o(.text)
    EXTI1_IRQHandler                         0x080001db   Thumb Code     0  startup_stm32f429xx.o(.text)
    EXTI2_IRQHandler                         0x080001db   Thumb Code     0  startup_stm32f429xx.o(.text)
    EXTI3_IRQHandler                         0x080001db   Thumb Code     0  startup_stm32f429xx.o(.text)
    EXTI4_IRQHandler                         0x080001db   Thumb Code     0  startup_stm32f429xx.o(.text)
    EXTI9_5_IRQHandler                       0x080001db   Thumb Code     0  startup_stm32f429xx.o(.text)
    FLASH_IRQHandler                         0x080001db   Thumb Code     0  startup_stm32f429xx.o(.text)
    FMC_IRQHandler                           0x080001db   Thumb Code     0  startup_stm32f429xx.o(.text)
    FPU_IRQHandler                           0x080001db   Thumb Code     0  startup_stm32f429xx.o(.text)
    HASH_RNG_IRQHandler                      0x080001db   Thumb Code     0  startup_stm32f429xx.o(.text)
    I2C1_ER_IRQHandler                       0x080001db   Thumb Code     0  startup_stm32f429xx.o(.text)
    I2C1_EV_IRQHandler                       0x080001db   Thumb Code     0  startup_stm32f429xx.o(.text)
    I2C2_ER_IRQHandler                       0x080001db   Thumb Code     0  startup_stm32f429xx.o(.text)
    I2C2_EV_IRQHandler                       0x080001db   Thumb Code     0  startup_stm32f429xx.o(.text)
    I2C3_ER_IRQHandler                       0x080001db   Thumb Code     0  startup_stm32f429xx.o(.text)
    I2C3_EV_IRQHandler                       0x080001db   Thumb Code     0  startup_stm32f429xx.o(.text)
    LTDC_ER_IRQHandler                       0x080001db   Thumb Code     0  startup_stm32f429xx.o(.text)
    LTDC_IRQHandler                          0x080001db   Thumb Code     0  startup_stm32f429xx.o(.text)
    OTG_FS_IRQHandler                        0x080001db   Thumb Code     0  startup_stm32f429xx.o(.text)
    OTG_FS_WKUP_IRQHandler                   0x080001db   Thumb Code     0  startup_stm32f429xx.o(.text)
    OTG_HS_EP1_IN_IRQHandler                 0x080001db   Thumb Code     0  startup_stm32f429xx.o(.text)
    OTG_HS_EP1_OUT_IRQHandler                0x080001db   Thumb Code     0  startup_stm32f429xx.o(.text)
    OTG_HS_IRQHandler                        0x080001db   Thumb Code     0  startup_stm32f429xx.o(.text)
    OTG_HS_WKUP_IRQHandler                   0x080001db   Thumb Code     0  startup_stm32f429xx.o(.text)
    PVD_IRQHandler                           0x080001db   Thumb Code     0  startup_stm32f429xx.o(.text)
    RCC_IRQHandler                           0x080001db   Thumb Code     0  startup_stm32f429xx.o(.text)
    RTC_Alarm_IRQHandler                     0x080001db   Thumb Code     0  startup_stm32f429xx.o(.text)
    RTC_WKUP_IRQHandler                      0x080001db   Thumb Code     0  startup_stm32f429xx.o(.text)
    SAI1_IRQHandler                          0x080001db   Thumb Code     0  startup_stm32f429xx.o(.text)
    SDIO_IRQHandler                          0x080001db   Thumb Code     0  startup_stm32f429xx.o(.text)
    SPI1_IRQHandler                          0x080001db   Thumb Code     0  startup_stm32f429xx.o(.text)
    SPI2_IRQHandler                          0x080001db   Thumb Code     0  startup_stm32f429xx.o(.text)
    SPI3_IRQHandler                          0x080001db   Thumb Code     0  startup_stm32f429xx.o(.text)
    SPI4_IRQHandler                          0x080001db   Thumb Code     0  startup_stm32f429xx.o(.text)
    SPI5_IRQHandler                          0x080001db   Thumb Code     0  startup_stm32f429xx.o(.text)
    SPI6_IRQHandler                          0x080001db   Thumb Code     0  startup_stm32f429xx.o(.text)
    TAMP_STAMP_IRQHandler                    0x080001db   Thumb Code     0  startup_stm32f429xx.o(.text)
    TIM1_BRK_TIM9_IRQHandler                 0x080001db   Thumb Code     0  startup_stm32f429xx.o(.text)
    TIM1_CC_IRQHandler                       0x080001db   Thumb Code     0  startup_stm32f429xx.o(.text)
    TIM1_TRG_COM_TIM11_IRQHandler            0x080001db   Thumb Code     0  startup_stm32f429xx.o(.text)
    TIM1_UP_TIM10_IRQHandler                 0x080001db   Thumb Code     0  startup_stm32f429xx.o(.text)
    TIM2_IRQHandler                          0x080001db   Thumb Code     0  startup_stm32f429xx.o(.text)
    TIM3_IRQHandler                          0x080001db   Thumb Code     0  startup_stm32f429xx.o(.text)
    TIM4_IRQHandler                          0x080001db   Thumb Code     0  startup_stm32f429xx.o(.text)
    TIM5_IRQHandler                          0x080001db   Thumb Code     0  startup_stm32f429xx.o(.text)
    TIM7_IRQHandler                          0x080001db   Thumb Code     0  startup_stm32f429xx.o(.text)
    TIM8_BRK_TIM12_IRQHandler                0x080001db   Thumb Code     0  startup_stm32f429xx.o(.text)
    TIM8_CC_IRQHandler                       0x080001db   Thumb Code     0  startup_stm32f429xx.o(.text)
    TIM8_TRG_COM_TIM14_IRQHandler            0x080001db   Thumb Code     0  startup_stm32f429xx.o(.text)
    TIM8_UP_TIM13_IRQHandler                 0x080001db   Thumb Code     0  startup_stm32f429xx.o(.text)
    UART5_IRQHandler                         0x080001db   Thumb Code     0  startup_stm32f429xx.o(.text)
    UART7_IRQHandler                         0x080001db   Thumb Code     0  startup_stm32f429xx.o(.text)
    UART8_IRQHandler                         0x080001db   Thumb Code     0  startup_stm32f429xx.o(.text)
    WWDG_IRQHandler                          0x080001db   Thumb Code     0  startup_stm32f429xx.o(.text)
    __aeabi_uldivmod                         0x080001e5   Thumb Code    98  uldiv.o(.text)
    __aeabi_memcpy                           0x08000247   Thumb Code    36  memcpya.o(.text)
    __aeabi_memcpy4                          0x08000247   Thumb Code     0  memcpya.o(.text)
    __aeabi_memcpy8                          0x08000247   Thumb Code     0  memcpya.o(.text)
    __aeabi_memset                           0x0800026b   Thumb Code    14  memseta.o(.text)
    __aeabi_memset4                          0x0800026b   Thumb Code     0  memseta.o(.text)
    __aeabi_memset8                          0x0800026b   Thumb Code     0  memseta.o(.text)
    __aeabi_memclr                           0x08000279   Thumb Code     4  memseta.o(.text)
    __aeabi_memclr4                          0x08000279   Thumb Code     0  memseta.o(.text)
    __aeabi_memclr8                          0x08000279   Thumb Code     0  memseta.o(.text)
    _memset$wrapper                          0x0800027d   Thumb Code    18  memseta.o(.text)
    __aeabi_llsl                             0x0800028f   Thumb Code    30  llshl.o(.text)
    _ll_shift_l                              0x0800028f   Thumb Code     0  llshl.o(.text)
    __aeabi_llsr                             0x080002ad   Thumb Code    32  llushr.o(.text)
    _ll_ushift_r                             0x080002ad   Thumb Code     0  llushr.o(.text)
    __I$use$fp                               0x080002cd   Thumb Code     0  iusefp.o(.text)
    _frem                                    0x080002cd   Thumb Code    82  frem.o(.text)
    __scatterload                            0x08000321   Thumb Code    38  init.o(.text)
    __scatterload_rt2                        0x08000321   Thumb Code     0  init.o(.text)
    _float_round                             0x08000351   Thumb Code    18  fepilogue.o(.text)
    _float_epilogue                          0x08000363   Thumb Code    92  fepilogue.o(.text)
    BusFault_Handler                         0x080003c1   Thumb Code     2  stm32f4xx_it.o(.text.BusFault_Handler)
    CAN1_RX0_IRQHandler                      0x080003c5   Thumb Code    12  stm32f4xx_it.o(.text.CAN1_RX0_IRQHandler)
    CAN2_RX0_IRQHandler                      0x080003d1   Thumb Code    12  stm32f4xx_it.o(.text.CAN2_RX0_IRQHandler)
    CAN_cmd_R2006_motor                      0x080003dd   Thumb Code   102  can_receive.o(.text.CAN_cmd_R2006_motor)
    CAN_cmd_chassis_wheelM                   0x08000445   Thumb Code   102  can_receive.o(.text.CAN_cmd_chassis_wheelM)
    CAN_cmd_chassis_wheelO                   0x080004ad   Thumb Code    84  can_receive.o(.text.CAN_cmd_chassis_wheelO)
    Chassis_init                             0x08000501   Thumb Code   640  contorl_two.o(.text.Chassis_init)
    Cylinder_Control                         0x080007a9   Thumb Code    74  control_cylinder.o(.text.Cylinder_Control)
    Cylinder_Controlx                        0x080007f5   Thumb Code    36  control_cylinder.o(.text.Cylinder_Controlx)
    Cylinder_Controly                        0x08000819   Thumb Code    52  control_cylinder.o(.text.Cylinder_Controly)
    Cylinder_Init                            0x0800084d   Thumb Code    70  control_cylinder.o(.text.Cylinder_Init)
    DMA1_Stream1_IRQHandler                  0x08000895   Thumb Code    12  stm32f4xx_it.o(.text.DMA1_Stream1_IRQHandler)
    DMA1_Stream3_IRQHandler                  0x080008a1   Thumb Code    12  stm32f4xx_it.o(.text.DMA1_Stream3_IRQHandler)
    DMA1_Stream5_IRQHandler                  0x080008ad   Thumb Code    12  stm32f4xx_it.o(.text.DMA1_Stream5_IRQHandler)
    DMA1_Stream6_IRQHandler                  0x080008b9   Thumb Code    12  stm32f4xx_it.o(.text.DMA1_Stream6_IRQHandler)
    DMA2_Stream1_IRQHandler                  0x080008c5   Thumb Code    12  stm32f4xx_it.o(.text.DMA2_Stream1_IRQHandler)
    DMA2_Stream2_IRQHandler                  0x080008d1   Thumb Code    12  stm32f4xx_it.o(.text.DMA2_Stream2_IRQHandler)
    DMA2_Stream6_IRQHandler                  0x080008dd   Thumb Code    12  stm32f4xx_it.o(.text.DMA2_Stream6_IRQHandler)
    DMA2_Stream7_IRQHandler                  0x080008e9   Thumb Code    12  stm32f4xx_it.o(.text.DMA2_Stream7_IRQHandler)
    DebugMon_Handler                         0x080008f5   Thumb Code     2  stm32f4xx_it.o(.text.DebugMon_Handler)
    ECPID_Calc                               0x080008f9   Thumb Code   528  ecpid.o(.text.ECPID_Calc)
    ECPID_init                               0x08000b11   Thumb Code    54  ecpid.o(.text.ECPID_init)
    Error_Handler                            0x08000b49   Thumb Code     6  main.o(.text.Error_Handler)
    FIFO_Init                                0x08000b51   Thumb Code    12  fifo.o(.text.FIFO_Init)
    FIFO_Pop                                 0x08000b5d   Thumb Code   244  fifo.o(.text.FIFO_Pop)
    FIFO_Push                                0x08000c51   Thumb Code   242  fifo.o(.text.FIFO_Push)
    HAL_CAN_ActivateNotification             0x08000d45   Thumb Code    46  stm32f4xx_hal_can.o(.text.HAL_CAN_ActivateNotification)
    HAL_CAN_AddTxMessage                     0x08000d75   Thumb Code   164  stm32f4xx_hal_can.o(.text.HAL_CAN_AddTxMessage)
    HAL_CAN_ConfigFilter                     0x08000e19   Thumb Code   222  stm32f4xx_hal_can.o(.text.HAL_CAN_ConfigFilter)
    HAL_CAN_ErrorCallback                    0x08000ef9   Thumb Code    54  can_receive.o(.text.HAL_CAN_ErrorCallback)
    HAL_CAN_GetError                         0x08000f31   Thumb Code     4  stm32f4xx_hal_can.o(.text.HAL_CAN_GetError)
    HAL_CAN_GetRxFifoFillLevel               0x08000f35   Thumb Code    32  stm32f4xx_hal_can.o(.text.HAL_CAN_GetRxFifoFillLevel)
    HAL_CAN_GetRxMessage                     0x08000f55   Thumb Code   302  stm32f4xx_hal_can.o(.text.HAL_CAN_GetRxMessage)
    HAL_CAN_IRQHandler                       0x08001085   Thumb Code   606  stm32f4xx_hal_can.o(.text.HAL_CAN_IRQHandler)
    HAL_CAN_Init                             0x080012e5   Thumb Code   244  stm32f4xx_hal_can.o(.text.HAL_CAN_Init)
    HAL_CAN_MspInit                          0x080013d9   Thumb Code   276  can.o(.text.HAL_CAN_MspInit)
    HAL_CAN_RxFifo0FullCallback              0x080014ed   Thumb Code     2  stm32f4xx_hal_can.o(.text.HAL_CAN_RxFifo0FullCallback)
    HAL_CAN_RxFifo0MsgPendingCallback        0x080014f1   Thumb Code  1388  can_receive.o(.text.HAL_CAN_RxFifo0MsgPendingCallback)
    HAL_CAN_RxFifo1FullCallback              0x08001a71   Thumb Code     2  stm32f4xx_hal_can.o(.text.HAL_CAN_RxFifo1FullCallback)
    HAL_CAN_RxFifo1MsgPendingCallback        0x08001a75   Thumb Code     2  stm32f4xx_hal_can.o(.text.HAL_CAN_RxFifo1MsgPendingCallback)
    HAL_CAN_SleepCallback                    0x08001a79   Thumb Code     2  stm32f4xx_hal_can.o(.text.HAL_CAN_SleepCallback)
    HAL_CAN_Start                            0x08001a7d   Thumb Code    90  stm32f4xx_hal_can.o(.text.HAL_CAN_Start)
    HAL_CAN_TxMailbox0AbortCallback          0x08001ad9   Thumb Code     2  stm32f4xx_hal_can.o(.text.HAL_CAN_TxMailbox0AbortCallback)
    HAL_CAN_TxMailbox0CompleteCallback       0x08001add   Thumb Code     2  stm32f4xx_hal_can.o(.text.HAL_CAN_TxMailbox0CompleteCallback)
    HAL_CAN_TxMailbox1AbortCallback          0x08001ae1   Thumb Code     2  stm32f4xx_hal_can.o(.text.HAL_CAN_TxMailbox1AbortCallback)
    HAL_CAN_TxMailbox1CompleteCallback       0x08001ae5   Thumb Code     2  stm32f4xx_hal_can.o(.text.HAL_CAN_TxMailbox1CompleteCallback)
    HAL_CAN_TxMailbox2AbortCallback          0x08001ae9   Thumb Code     2  stm32f4xx_hal_can.o(.text.HAL_CAN_TxMailbox2AbortCallback)
    HAL_CAN_TxMailbox2CompleteCallback       0x08001aed   Thumb Code     2  stm32f4xx_hal_can.o(.text.HAL_CAN_TxMailbox2CompleteCallback)
    HAL_CAN_WakeUpFromRxMsgCallback          0x08001af1   Thumb Code     2  stm32f4xx_hal_can.o(.text.HAL_CAN_WakeUpFromRxMsgCallback)
    HAL_CRC_Init                             0x08001af5   Thumb Code    46  stm32f4xx_hal_crc.o(.text.HAL_CRC_Init)
    HAL_CRC_MspInit                          0x08001b25   Thumb Code    48  crc.o(.text.HAL_CRC_MspInit)
    HAL_DMA_Abort                            0x08001b55   Thumb Code   142  stm32f4xx_hal_dma.o(.text.HAL_DMA_Abort)
    HAL_DMA_Abort_IT                         0x08001be5   Thumb Code    36  stm32f4xx_hal_dma.o(.text.HAL_DMA_Abort_IT)
    HAL_DMA_GetError                         0x08001c09   Thumb Code     4  stm32f4xx_hal_dma.o(.text.HAL_DMA_GetError)
    HAL_DMA_IRQHandler                       0x08001c0d   Thumb Code   452  stm32f4xx_hal_dma.o(.text.HAL_DMA_IRQHandler)
    HAL_DMA_Init                             0x08001dd1   Thumb Code   354  stm32f4xx_hal_dma.o(.text.HAL_DMA_Init)
    HAL_DMA_Start_IT                         0x08001f35   Thumb Code   162  stm32f4xx_hal_dma.o(.text.HAL_DMA_Start_IT)
    HAL_GPIO_Init                            0x08001fd9   Thumb Code   414  stm32f4xx_hal_gpio.o(.text.HAL_GPIO_Init)
    HAL_GPIO_ReadPin                         0x08002179   Thumb Code    10  stm32f4xx_hal_gpio.o(.text.HAL_GPIO_ReadPin)
    HAL_GPIO_WritePin                        0x08002185   Thumb Code    10  stm32f4xx_hal_gpio.o(.text.HAL_GPIO_WritePin)
    HAL_GetTick                              0x08002191   Thumb Code    12  stm32f4xx_hal.o(.text.HAL_GetTick)
    HAL_IncTick                              0x0800219d   Thumb Code    26  stm32f4xx_hal.o(.text.HAL_IncTick)
    HAL_Init                                 0x080021b9   Thumb Code    54  stm32f4xx_hal.o(.text.HAL_Init)
    HAL_InitTick                             0x080021f1   Thumb Code   178  stm32f4xx_hal_timebase_tim.o(.text.HAL_InitTick)
    HAL_MspInit                              0x080022a5   Thumb Code    66  stm32f4xx_hal_msp.o(.text.HAL_MspInit)
    HAL_NVIC_DisableIRQ                      0x080022e9   Thumb Code    42  stm32f4xx_hal_cortex.o(.text.HAL_NVIC_DisableIRQ)
    HAL_NVIC_EnableIRQ                       0x08002315   Thumb Code    34  stm32f4xx_hal_cortex.o(.text.HAL_NVIC_EnableIRQ)
    HAL_NVIC_SetPriority                     0x08002339   Thumb Code    86  stm32f4xx_hal_cortex.o(.text.HAL_NVIC_SetPriority)
    HAL_NVIC_SetPriorityGrouping             0x08002391   Thumb Code    32  stm32f4xx_hal_cortex.o(.text.HAL_NVIC_SetPriorityGrouping)
    HAL_PWREx_EnableOverDrive                0x080023b1   Thumb Code   122  stm32f4xx_hal_pwr_ex.o(.text.HAL_PWREx_EnableOverDrive)
    HAL_RCC_ClockConfig                      0x0800242d   Thumb Code   356  stm32f4xx_hal_rcc.o(.text.HAL_RCC_ClockConfig)
    HAL_RCC_GetClockConfig                   0x08002591   Thumb Code    62  stm32f4xx_hal_rcc.o(.text.HAL_RCC_GetClockConfig)
    HAL_RCC_GetPCLK1Freq                     0x080025d1   Thumb Code    38  stm32f4xx_hal_rcc.o(.text.HAL_RCC_GetPCLK1Freq)
    HAL_RCC_GetPCLK2Freq                     0x080025f9   Thumb Code    38  stm32f4xx_hal_rcc.o(.text.HAL_RCC_GetPCLK2Freq)
    HAL_RCC_GetSysClockFreq                  0x08002621   Thumb Code   110  stm32f4xx_hal_rcc.o(.text.HAL_RCC_GetSysClockFreq)
    HAL_RCC_OscConfig                        0x08002691   Thumb Code   940  stm32f4xx_hal_rcc.o(.text.HAL_RCC_OscConfig)
    HAL_TIMEx_BreakCallback                  0x08002a3d   Thumb Code     2  stm32f4xx_hal_tim_ex.o(.text.HAL_TIMEx_BreakCallback)
    HAL_TIMEx_CommutCallback                 0x08002a41   Thumb Code     2  stm32f4xx_hal_tim_ex.o(.text.HAL_TIMEx_CommutCallback)
    HAL_TIM_Base_Init                        0x08002a45   Thumb Code    90  stm32f4xx_hal_tim.o(.text.HAL_TIM_Base_Init)
    HAL_TIM_Base_MspInit                     0x08002aa1   Thumb Code     2  stm32f4xx_hal_tim.o(.text.HAL_TIM_Base_MspInit)
    HAL_TIM_Base_Start_IT                    0x08002aa5   Thumb Code   170  stm32f4xx_hal_tim.o(.text.HAL_TIM_Base_Start_IT)
    HAL_TIM_IC_CaptureCallback               0x08002b51   Thumb Code     2  stm32f4xx_hal_tim.o(.text.HAL_TIM_IC_CaptureCallback)
    HAL_TIM_IRQHandler                       0x08002b55   Thumb Code   334  stm32f4xx_hal_tim.o(.text.HAL_TIM_IRQHandler)
    HAL_TIM_OC_DelayElapsedCallback          0x08002ca5   Thumb Code     2  stm32f4xx_hal_tim.o(.text.HAL_TIM_OC_DelayElapsedCallback)
    HAL_TIM_PWM_PulseFinishedCallback        0x08002ca9   Thumb Code     2  stm32f4xx_hal_tim.o(.text.HAL_TIM_PWM_PulseFinishedCallback)
    HAL_TIM_PeriodElapsedCallback            0x08002cad   Thumb Code    20  main.o(.text.HAL_TIM_PeriodElapsedCallback)
    HAL_TIM_TriggerCallback                  0x08002cc1   Thumb Code     2  stm32f4xx_hal_tim.o(.text.HAL_TIM_TriggerCallback)
    HAL_UARTEx_ReceiveToIdle_DMA             0x08002cc5   Thumb Code   494  stm32f4xx_hal_uart.o(.text.HAL_UARTEx_ReceiveToIdle_DMA)
    HAL_UARTEx_RxEventCallback               0x08002eb5   Thumb Code     2  usart-x.o(.text.HAL_UARTEx_RxEventCallback)
    HAL_UART_AbortReceive                    0x08002eb9   Thumb Code   366  stm32f4xx_hal_uart.o(.text.HAL_UART_AbortReceive)
    HAL_UART_AbortTransmit                   0x08003029   Thumb Code   208  stm32f4xx_hal_uart.o(.text.HAL_UART_AbortTransmit)
    HAL_UART_ErrorCallback                   0x080030f9   Thumb Code   170  usart-x.o(.text.HAL_UART_ErrorCallback)
    HAL_UART_IRQHandler                      0x080031a5   Thumb Code  1428  stm32f4xx_hal_uart.o(.text.HAL_UART_IRQHandler)
    HAL_UART_Init                            0x08003739   Thumb Code    96  stm32f4xx_hal_uart.o(.text.HAL_UART_Init)
    HAL_UART_MspInit                         0x08003799   Thumb Code  1096  usart.o(.text.HAL_UART_MspInit)
    HAL_UART_Receive_DMA                     0x08003be1   Thumb Code   384  stm32f4xx_hal_uart.o(.text.HAL_UART_Receive_DMA)
    HAL_UART_Receive_IT                      0x08003d61   Thumb Code    84  stm32f4xx_hal_uart.o(.text.HAL_UART_Receive_IT)
    HAL_UART_RxCpltCallback                  0x08003db5   Thumb Code   128  usart-x.o(.text.HAL_UART_RxCpltCallback)
    HAL_UART_RxHalfCpltCallback              0x08003e35   Thumb Code     2  stm32f4xx_hal_uart.o(.text.HAL_UART_RxHalfCpltCallback)
    HAL_UART_Transmit                        0x08003e39   Thumb Code   402  stm32f4xx_hal_uart.o(.text.HAL_UART_Transmit)
    HAL_UART_TxCpltCallback                  0x08003fcd   Thumb Code     2  stm32f4xx_hal_uart.o(.text.HAL_UART_TxCpltCallback)
    HI14_GetYaw                              0x08003fd1   Thumb Code    14  hi14_driver.o(.text.HI14_GetYaw)
    HI14_Init                                0x08003fe1   Thumb Code    68  hi14_driver.o(.text.HI14_Init)
    HI14_ReadAllSensors                      0x08004025   Thumb Code   656  hi14_driver.o(.text.HI14_ReadAllSensors)
    HardFault_Handler                        0x080042dd   Thumb Code     2  stm32f4xx_it.o(.text.HardFault_Handler)
    How_task                                 0x080042e1   Thumb Code   322  mytask.o(.text.How_task)
    L1_Init                                  0x08004425   Thumb Code   154  l1_laser.o(.text.L1_Init)
    L1_ReadDistance                          0x080044c1   Thumb Code    44  l1_laser.o(.text.L1_ReadDistance)
    L1_Restart                               0x080044ed   Thumb Code    58  l1_laser.o(.text.L1_Restart)
    M8010_CommTask                           0x08004529   Thumb Code   378  mytask.o(.text.M8010_CommTask)
    MX_CAN1_Init                             0x080046a5   Thumb Code   150  can.o(.text.MX_CAN1_Init)
    MX_CAN2_Init                             0x0800473d   Thumb Code   150  can.o(.text.MX_CAN2_Init)
    MX_CRC_Init                              0x080047d5   Thumb Code    38  crc.o(.text.MX_CRC_Init)
    MX_DMA_Init                              0x080047fd   Thumb Code   188  dma.o(.text.MX_DMA_Init)
    MX_GPIO_Init                             0x080048b9   Thumb Code   126  gpio.o(.text.MX_GPIO_Init)
    MX_UART4_Init                            0x08004939   Thumb Code    60  usart.o(.text.MX_UART4_Init)
    MX_USART1_UART_Init                      0x08004975   Thumb Code    60  usart.o(.text.MX_USART1_UART_Init)
    MX_USART2_UART_Init                      0x080049b1   Thumb Code    60  usart.o(.text.MX_USART2_UART_Init)
    MX_USART3_UART_Init                      0x080049ed   Thumb Code    60  usart.o(.text.MX_USART3_UART_Init)
    MX_USART6_UART_Init                      0x08004a29   Thumb Code    64  usart.o(.text.MX_USART6_UART_Init)
    Mecanum_HeadingCorrection                0x08004a69   Thumb Code   432  hi14_driver.o(.text.Mecanum_HeadingCorrection)
    MemManage_Handler                        0x08004c29   Thumb Code     2  stm32f4xx_it.o(.text.MemManage_Handler)
    Modbus_Init                              0x08004c2d   Thumb Code   386  modbus.o(.text.Modbus_Init)
    Modbus_ReadHoldingRegs                   0x08004db1   Thumb Code   456  modbus.o(.text.Modbus_ReadHoldingRegs)
    Modbus_Restart                           0x08004f79   Thumb Code   112  modbus.o(.text.Modbus_Restart)
    Modbus_UART_IDLE_Callback                0x08004fe9   Thumb Code   234  modbus.o(.text.Modbus_UART_IDLE_Callback)
    MotorData_calculate_error                0x080050d5   Thumb Code    44  gom_protocol.o(.text.MotorData_calculate_error)
    MotorData_init                           0x08005101   Thumb Code    16  gom_protocol.o(.text.MotorData_init)
    NMI_Handler                              0x08005111   Thumb Code     2  stm32f4xx_it.o(.text.NMI_Handler)
    PID_calc                                 0x08005115   Thumb Code   520  pid.o(.text.PID_calc)
    PID_clear                                0x08005321   Thumb Code    18  pid.o(.text.PID_clear)
    PID_init                                 0x08005335   Thumb Code    54  pid.o(.text.PID_init)
    PendSV_Handler                           0x08005371   Thumb Code   100  port.o(.text.PendSV_Handler)
    R2006_Control                            0x080053d5   Thumb Code   328  r2006.o(.text.R2006_Control)
    R2006_Init                               0x0800552d   Thumb Code   472  r2006.o(.text.R2006_Init)
    ROS_DataUnpack                           0x08005721   Thumb Code   534  ros_uart.o(.text.ROS_DataUnpack)
    ROS_GetFrame                             0x08005939   Thumb Code    34  ros_uart.o(.text.ROS_GetFrame)
    ROS_UART_IRQHandler                      0x0800595d   Thumb Code   166  ros_uart.o(.text.ROS_UART_IRQHandler)
    ROS_UartInit                             0x08005a05   Thumb Code   112  ros_uart.o(.text.ROS_UartInit)
    ROS_UartRestart                          0x08005a75   Thumb Code    72  ros_uart.o(.text.ROS_UartRestart)
    SVC_Handler                              0x08005ac1   Thumb Code    36  port.o(.text.SVC_Handler)
    SysTick_Handler                          0x08005ae5   Thumb Code    46  port.o(.text.SysTick_Handler)
    SystemClock_Config                       0x08005b15   Thumb Code   188  main.o(.text.SystemClock_Config)
    SystemInit                               0x08005bd1   Thumb Code    18  system_stm32f4xx.o(.text.SystemInit)
    TIM6_DAC_IRQHandler                      0x08005be5   Thumb Code    12  stm32f4xx_it.o(.text.TIM6_DAC_IRQHandler)
    TIM_Base_SetConfig                       0x08005bf1   Thumb Code   314  stm32f4xx_hal_tim.o(.text.TIM_Base_SetConfig)
    UART4_IRQHandler                         0x08005d2d   Thumb Code    12  stm32f4xx_it.o(.text.UART4_IRQHandler)
    USART1_IRQHandler                        0x08006221   Thumb Code    26  stm32f4xx_it.o(.text.USART1_IRQHandler)
    USART2_IRQHandler                        0x0800623d   Thumb Code    12  stm32f4xx_it.o(.text.USART2_IRQHandler)
    USART3_IRQHandler                        0x08006249   Thumb Code    30  stm32f4xx_it.o(.text.USART3_IRQHandler)
    USART6_IRQHandler                        0x08006269   Thumb Code    12  stm32f4xx_it.o(.text.USART6_IRQHandler)
    Unitree_Init                             0x08006275   Thumb Code   118  unitree.o(.text.Unitree_Init)
    Unitree_OnUart6Rx                        0x080062ed   Thumb Code   276  unitree.o(.text.Unitree_OnUart6Rx)
    Unitree_SetMotor                         0x08006405   Thumb Code   136  unitree.o(.text.Unitree_SetMotor)
    UsageFault_Handler                       0x08006491   Thumb Code     2  stm32f4xx_it.o(.text.UsageFault_Handler)
    YS_IRTM_GetKey                           0x08006495   Thumb Code    44  usart-x.o(.text.YS_IRTM_GetKey)
    YS_IRTM_GetLastRecvTime                  0x080064c1   Thumb Code    12  usart-x.o(.text.YS_IRTM_GetLastRecvTime)
    YS_IRTM_HasFrame                         0x080064cd   Thumb Code    12  usart-x.o(.text.YS_IRTM_HasFrame)
    YS_IRTM_Init                             0x080064d9   Thumb Code    52  usart-x.o(.text.YS_IRTM_Init)
    arm_control_motors                       0x0800650d   Thumb Code   112  arm.o(.text.arm_control_motors)
    arm_final                                0x08006589   Thumb Code   568  arm.o(.text.arm_final)
    chassis_task                             0x080067e1   Thumb Code   488  mytask.o(.text.chassis_task)
    crc_ccitt                                0x080069f1   Thumb Code   198  crc_ccitt.o(.text.crc_ccitt)
    extract_data                             0x08006ab9   Thumb Code   200  gom_protocol.o(.text.extract_data)
    imu_task                                 0x08006b8d   Thumb Code   432  mytask.o(.text.imu_task)
    l1_parse_byte                            0x08006d65   Thumb Code   180  l1_laser.o(.text.l1_parse_byte)
    l1_task                                  0x08006e25   Thumb Code    26  mytask.o(.text.l1_task)
    main                                     0x08006e41   Thumb Code   148  main.o(.text.main)
    modify_data                              0x08007011   Thumb Code   444  gom_protocol.o(.text.modify_data)
    position_loop_update                     0x080071fd   Thumb Code   476  mytask.o(.text.position_loop_update)
    pvPortMalloc                             0x080076f5   Thumb Code   488  heap_4.o(.text.pvPortMalloc)
    pxPortInitialiseStack                    0x080078dd   Thumb Code    36  port.o(.text.pxPortInitialiseStack)
    ros_task                                 0x08007901   Thumb Code  3656  mytask.o(.text.ros_task)
    start_task                               0x08008775   Thumb Code   204  mytask.o(.text.start_task)
    uxListRemove                             0x08008889   Thumb Code    34  list.o(.text.uxListRemove)
    vApplicationGetIdleTaskMemory            0x080088ad   Thumb Code    26  freertos.o(.text.vApplicationGetIdleTaskMemory)
    vListInitialise                          0x080088c9   Thumb Code    22  list.o(.text.vListInitialise)
    vListInitialiseItem                      0x080088e1   Thumb Code     6  list.o(.text.vListInitialiseItem)
    vListInsert                              0x080088e9   Thumb Code    98  list.o(.text.vListInsert)
    vListInsertEnd                           0x0800894d   Thumb Code    26  list.o(.text.vListInsertEnd)
    vPortEnterCritical                       0x0800897d   Thumb Code    70  port.o(.text.vPortEnterCritical)
    vPortExitCritical                        0x080089c5   Thumb Code    46  port.o(.text.vPortExitCritical)
    vPortFree                                0x080089f5   Thumb Code   222  heap_4.o(.text.vPortFree)
    vPortSetupTimerInterrupt                 0x08008ad5   Thumb Code    52  port.o(.text.vPortSetupTimerInterrupt)
    vTaskDelay                               0x08008b09   Thumb Code   158  tasks.o(.text.vTaskDelay)
    vTaskDelayUntil                          0x08008ba9   Thumb Code   224  tasks.o(.text.vTaskDelayUntil)
    vTaskDelete                              0x08008c89   Thumb Code   262  tasks.o(.text.vTaskDelete)
    vTaskStartScheduler                      0x08008d91   Thumb Code   196  tasks.o(.text.vTaskStartScheduler)
    vTaskSuspendAll                          0x08008e5d   Thumb Code    16  tasks.o(.text.vTaskSuspendAll)
    vTaskSwitchContext                       0x08008e6d   Thumb Code   110  tasks.o(.text.vTaskSwitchContext)
    wheel_calc                               0x08008edd   Thumb Code  1212  contorl_two.o(.text.wheel_calc)
    wheel_inverse_calc                       0x080093c1   Thumb Code   568  contorl_two.o(.text.wheel_inverse_calc)
    xPortStartScheduler                      0x08009629   Thumb Code   392  port.o(.text.xPortStartScheduler)
    xTaskCreate                              0x080097b1   Thumb Code    96  tasks.o(.text.xTaskCreate)
    xTaskGetTickCount                        0x08009811   Thumb Code    12  tasks.o(.text.xTaskGetTickCount)
    xTaskIncrementTick                       0x0800981d   Thumb Code   262  tasks.o(.text.xTaskIncrementTick)
    xTaskResumeAll                           0x08009925   Thumb Code   234  tasks.o(.text.xTaskResumeAll)
    __hardfp_cosf                            0x08009a11   Thumb Code   280  cosf.o(i.__hardfp_cosf)
    __hardfp_fmodf                           0x08009b61   Thumb Code   176  fmodf.o(i.__hardfp_fmodf)
    __mathlib_flt_infnan                     0x08009c11   Thumb Code     6  funder.o(i.__mathlib_flt_infnan)
    __mathlib_flt_invalid                    0x08009c19   Thumb Code    10  funder.o(i.__mathlib_flt_invalid)
    __mathlib_rredf2                         0x08009c29   Thumb Code   316  rredf.o(i.__mathlib_rredf2)
    __scatterload_copy                       0x08009d7d   Thumb Code    14  handlers.o(i.__scatterload_copy)
    __scatterload_null                       0x08009d8b   Thumb Code     2  handlers.o(i.__scatterload_null)
    __scatterload_zeroinit                   0x08009d8d   Thumb Code    14  handlers.o(i.__scatterload_zeroinit)
    __set_errno                              0x08009d9d   Thumb Code     6  errno.o(i.__set_errno)
    AHBPrescTable                            0x08009e10   Data          16  system_stm32f4xx.o(.rodata.AHBPrescTable)
    APBPrescTable                            0x08009e20   Data           8  system_stm32f4xx.o(.rodata.APBPrescTable)
    crc_ccitt_table                          0x08009e2e   Data         512  crc_ccitt.o(.rodata.crc_ccitt_table)
    Region$$Table$$Base                      0x0800a238   Number         0  anon$$obj.o(Region$$Table)
    Region$$Table$$Limit                     0x0800a258   Number         0  anon$$obj.o(Region$$Table)
    uwTickFreq                               0x20000004   Data           1  stm32f4xx_hal.o(.data..L_MergedGlobals)
    uwTickPrio                               0x20000008   Data           4  stm32f4xx_hal.o(.data..L_MergedGlobals)
    start_o1                                 0x2000000c   Data           4  arm.o(.data..L_MergedGlobals)
    start_o2                                 0x20000010   Data           4  arm.o(.data..L_MergedGlobals)
    start_o3                                 0x20000014   Data           4  arm.o(.data..L_MergedGlobals)
    target_o1                                0x20000018   Data           4  arm.o(.data..L_MergedGlobals)
    target_o2                                0x2000001c   Data           4  arm.o(.data..L_MergedGlobals)
    target_o3                                0x20000020   Data           4  arm.o(.data..L_MergedGlobals)
    ARM_to                                   0x20000024   Data          24  arm.o(.data..L_MergedGlobals)
    grip_run                                 0x2000003c   Data           1  mytask.o(.data..L_MergedGlobals)
    arm_how                                  0x2000003d   Data           1  mytask.o(.data..L_MergedGlobals)
    SystemCoreClock                          0x20000040   Data           4  system_stm32f4xx.o(.data.SystemCoreClock)
    pxCurrentTCB                             0x20000050   Data           4  tasks.o(.bss..L_MergedGlobals)
    ros_frame_ready                          0x200000f0   Data           1  ros_uart.o(.bss..L_MergedGlobals)
    ROS_latest_frame                         0x200000f8   Data          40  ros_uart.o(.bss..L_MergedGlobals)
    a                                        0x20000150   Data           4  can_receive.o(.bss..L_MergedGlobals)
    can_err_code1                            0x20000154   Data           4  can_receive.o(.bss..L_MergedGlobals)
    can_err_code2                            0x20000158   Data           4  can_receive.o(.bss..L_MergedGlobals)
    f_speed                                  0x200001c0   Data          68  contorl_two.o(.bss..L_MergedGlobals)
    g_emergency_stop                         0x20000220   Data           1  hi14_driver.o(.bss..L_MergedGlobals)
    g_imu_data                               0x20000238   Data          40  hi14_driver.o(.bss..L_MergedGlobals)
    s_rx_byte                                0x20000260   Data           1  l1_laser.o(.bss..L_MergedGlobals)
    value                                    0x2000027c   Data           8  l1_laser.o(.bss..L_MergedGlobals)
    motor_infor                              0x200002a4   Data          44  can_receive.o(.bss..L_MergedGlobals.1)
    motor_infor1                             0x200002d0   Data          44  can_receive.o(.bss..L_MergedGlobals.1)
    joint_interp_active                      0x20000324   Data           1  arm.o(.bss..L_MergedGlobals.5)
    joint_start_tick                         0x20000328   Data           4  arm.o(.bss..L_MergedGlobals.5)
    how                                      0x2000032c   Data           1  mytask.o(.bss..L_MergedGlobals.7)
    lift_run                                 0x2000032d   Data           1  mytask.o(.bss..L_MergedGlobals.7)
    rotate_run                               0x2000032e   Data           1  mytask.o(.bss..L_MergedGlobals.7)
    arm_updown                               0x2000032f   Data           1  mytask.o(.bss..L_MergedGlobals.7)
    order                                    0x20000330   Data           1  mytask.o(.bss..L_MergedGlobals.7)
    y_run                                    0x20000331   Data           1  mytask.o(.bss..L_MergedGlobals.7)
    nav_yaw_locked                           0x20000332   Data           1  mytask.o(.bss..L_MergedGlobals.7)
    prev_order                               0x20000333   Data           1  mytask.o(.bss..L_MergedGlobals.7)
    arm_ros                                  0x20000338   Data           4  mytask.o(.bss..L_MergedGlobals.7)
    ros_last_ms                              0x2000033c   Data           4  mytask.o(.bss..L_MergedGlobals.7)
    ros_vx_zero_start_ms                     0x20000340   Data           4  mytask.o(.bss..L_MergedGlobals.7)
    HOWTask_Handler                          0x20000344   Data           4  mytask.o(.bss..L_MergedGlobals.7)
    ChassisTask_Handler                      0x20000348   Data           4  mytask.o(.bss..L_MergedGlobals.7)
    IMUTask_Handler                          0x2000034c   Data           4  mytask.o(.bss..L_MergedGlobals.7)
    L1Task_Handler                           0x20000350   Data           4  mytask.o(.bss..L_MergedGlobals.7)
    M8010Task_Handler                        0x20000354   Data           4  mytask.o(.bss..L_MergedGlobals.7)
    ROSTask_Handler                          0x20000358   Data           4  mytask.o(.bss..L_MergedGlobals.7)
    StartTask_Handler                        0x2000035c   Data           4  mytask.o(.bss..L_MergedGlobals.7)
    o1                                       0x20000360   Data           4  mytask.o(.bss..L_MergedGlobals.7)
    cmd_vx                                   0x20000378   Data           4  mytask.o(.bss..L_MergedGlobals.7)
    cmd_vy                                   0x2000037c   Data           4  mytask.o(.bss..L_MergedGlobals.7)
    cmd_w                                    0x20000380   Data           4  mytask.o(.bss..L_MergedGlobals.7)
    target_x                                 0x20000384   Data           4  mytask.o(.bss..L_MergedGlobals.7)
    target_y                                 0x20000388   Data           4  mytask.o(.bss..L_MergedGlobals.7)
    nav_target_yaw                           0x2000038c   Data           4  mytask.o(.bss..L_MergedGlobals.7)
    order_change_ms                          0x20000390   Data           4  mytask.o(.bss..L_MergedGlobals.7)
    change                                   0x20000394   Data           4  mytask.o(.bss..L_MergedGlobals.7)
    prev_change                              0x20000398   Data           4  mytask.o(.bss..L_MergedGlobals.7)
    fifth_entry_ms                           0x2000039c   Data           4  mytask.o(.bss..L_MergedGlobals.7)
    fourth_entry_ms                          0x200003a0   Data           4  mytask.o(.bss..L_MergedGlobals.7)
    third_entry_ms                           0x200003a4   Data           4  mytask.o(.bss..L_MergedGlobals.7)
    sixth_entry_ms                           0x200003a8   Data           4  mytask.o(.bss..L_MergedGlobals.8)
    odom                                     0x200003dc   Data          16  mytask.o(.bss..L_MergedGlobals.8)
    ROS2                                     0x200003ec   Data          40  mytask.o(.bss..L_MergedGlobals.8)
    R2006                                    0x20000418   Data        1056  r2006.o(.bss.R2006)
    Temp_buffer                              0x20000838   Data          64  main.o(.bss.Temp_buffer)
    chassis_cmd_speed                        0x20000878   Data          68  mytask.o(.bss.chassis_cmd_speed)
    cmd                                      0x200008bc   Data         180  unitree.o(.bss.cmd)
    data                                     0x20000970   Data         228  unitree.o(.bss.data)
    final_speed                              0x20000a54   Data          68  contorl_two.o(.bss.final_speed)
    g_gpioa11_level                          0x20000a98   Data           1  control_cylinder.o(.bss.g_gpioa11_level)
    g_modbus_inst                            0x20000a9c   Data         884  modbus.o(.bss.g_modbus_inst)
    hcan1                                    0x20000e10   Data          40  can.o(.bss.hcan1)
    hcan2                                    0x20000e38   Data          40  can.o(.bss.hcan2)
    hcrc                                     0x20000e60   Data           8  crc.o(.bss.hcrc)
    hdma_usart1_rx                           0x20000e68   Data          96  usart.o(.bss.hdma_usart1_rx)
    hdma_usart1_tx                           0x20000ec8   Data          96  usart.o(.bss.hdma_usart1_tx)
    hdma_usart2_rx                           0x20000f28   Data          96  usart.o(.bss.hdma_usart2_rx)
    hdma_usart2_tx                           0x20000f88   Data          96  usart.o(.bss.hdma_usart2_tx)
    hdma_usart3_rx                           0x20000fe8   Data          96  usart.o(.bss.hdma_usart3_rx)
    hdma_usart3_tx                           0x20001048   Data          96  usart.o(.bss.hdma_usart3_tx)
    hdma_usart6_rx                           0x200010a8   Data          96  usart.o(.bss.hdma_usart6_rx)
    hdma_usart6_tx                           0x20001108   Data          96  usart.o(.bss.hdma_usart6_tx)
    htim6                                    0x20001168   Data          72  stm32f4xx_hal_timebase_tim.o(.bss.htim6)
    huart1                                   0x200011b0   Data          72  usart.o(.bss.huart1)
    huart2                                   0x200011f8   Data          72  usart.o(.bss.huart2)
    huart3                                   0x20001240   Data          72  usart.o(.bss.huart3)
    huart4                                   0x20001288   Data          72  usart.o(.bss.huart4)
    huart6                                   0x200012d0   Data          72  usart.o(.bss.huart6)
    laser_distance_m                         0x20001318   Data           4  mytask.o(.bss.laser_distance_m)
    speed                                    0x20001830   Data          68  contorl_two.o(.bss.speed)
    uwTick                                   0x20009874   Data           4  stm32f4xx_hal.o(.bss.uwTick)
    wheel                                    0x20009878   Data        1272  contorl_two.o(.bss.wheel)
    __initial_sp                             0x2000a3c8   Data           0  startup_stm32f429xx.o(STACK)



==============================================================================

Memory Map of the image

  Image Entry point : 0x080001ad

  Load Region LR_IROM1 (Base: 0x08000000, Size: 0x0000a2a8, Max: 0x00100000, ABSOLUTE)

    Execution Region ER_IROM1 (Exec base: 0x08000000, Load base: 0x08000000, Size: 0x0000a258, Max: 0x00100000, ABSOLUTE)

    Exec Addr    Load Addr    Size         Type   Attr      Idx    E Section Name        Object

    0x08000000   0x08000000   0x000001ac   Data   RO            3    RESET               startup_stm32f429xx.o
    0x080001ac   0x080001ac   0x00000000   Code   RO         1982  * .ARM.Collect$$$$00000000  mc_w.l(entry.o)
    0x080001ac   0x080001ac   0x00000004   Code   RO         2010    .ARM.Collect$$$$00000001  mc_w.l(entry2.o)
    0x080001b0   0x080001b0   0x00000004   Code   RO         2013    .ARM.Collect$$$$00000004  mc_w.l(entry5.o)
    0x080001b4   0x080001b4   0x00000000   Code   RO         2015    .ARM.Collect$$$$00000008  mc_w.l(entry7b.o)
    0x080001b4   0x080001b4   0x00000000   Code   RO         2017    .ARM.Collect$$$$0000000A  mc_w.l(entry8b.o)
    0x080001b4   0x080001b4   0x00000008   Code   RO         2018    .ARM.Collect$$$$0000000B  mc_w.l(entry9a.o)
    0x080001bc   0x080001bc   0x00000000   Code   RO         2020    .ARM.Collect$$$$0000000D  mc_w.l(entry10a.o)
    0x080001bc   0x080001bc   0x00000000   Code   RO         2022    .ARM.Collect$$$$0000000F  mc_w.l(entry11a.o)
    0x080001bc   0x080001bc   0x00000004   Code   RO         2011    .ARM.Collect$$$$00002712  mc_w.l(entry2.o)
    0x080001c0   0x080001c0   0x00000024   Code   RO            4    .text               startup_stm32f429xx.o
    0x080001e4   0x080001e4   0x00000062   Code   RO         1985    .text               mc_w.l(uldiv.o)
    0x08000246   0x08000246   0x00000024   Code   RO         1987    .text               mc_w.l(memcpya.o)
    0x0800026a   0x0800026a   0x00000024   Code   RO         1989    .text               mc_w.l(memseta.o)
    0x0800028e   0x0800028e   0x0000001e   Code   RO         2024    .text               mc_w.l(llshl.o)
    0x080002ac   0x080002ac   0x00000020   Code   RO         2026    .text               mc_w.l(llushr.o)
    0x080002cc   0x080002cc   0x00000000   Code   RO         2035    .text               mc_w.l(iusefp.o)
    0x080002cc   0x080002cc   0x00000052   Code   RO         2036    .text               mf_w.l(frem.o)
    0x0800031e   0x0800031e   0x00000002   PAD
    0x08000320   0x08000320   0x00000030   Code   RO         2038    .text               mc_w.l(init.o)
    0x08000350   0x08000350   0x0000006e   Code   RO         2040    .text               mf_w.l(fepilogue.o)
    0x080003be   0x080003be   0x00000002   PAD
    0x080003c0   0x080003c0   0x00000002   Code   RO          140    .text.BusFault_Handler  stm32f4xx_it.o
    0x080003c2   0x080003c2   0x00000002   PAD
    0x080003c4   0x080003c4   0x0000000c   Code   RO          154    .text.CAN1_RX0_IRQHandler  stm32f4xx_it.o
    0x080003d0   0x080003d0   0x0000000c   Code   RO          170    .text.CAN2_RX0_IRQHandler  stm32f4xx_it.o
    0x080003dc   0x080003dc   0x00000066   Code   RO         1660    .text.CAN_cmd_R2006_motor  can_receive.o
    0x08000442   0x08000442   0x00000002   PAD
    0x08000444   0x08000444   0x00000066   Code   RO         1654    .text.CAN_cmd_chassis_wheelM  can_receive.o
    0x080004aa   0x080004aa   0x00000002   PAD
    0x080004ac   0x080004ac   0x00000054   Code   RO         1658    .text.CAN_cmd_chassis_wheelO  can_receive.o
    0x08000500   0x08000500   0x000002a8   Code   RO         1681    .text.Chassis_init  contorl_two.o
    0x080007a8   0x080007a8   0x0000004a   Code   RO         1703    .text.Cylinder_Control  control_cylinder.o
    0x080007f2   0x080007f2   0x00000002   PAD
    0x080007f4   0x080007f4   0x00000024   Code   RO         1705    .text.Cylinder_Controlx  control_cylinder.o
    0x08000818   0x08000818   0x00000034   Code   RO         1707    .text.Cylinder_Controly  control_cylinder.o
    0x0800084c   0x0800084c   0x00000046   Code   RO         1701    .text.Cylinder_Init  control_cylinder.o
    0x08000892   0x08000892   0x00000002   PAD
    0x08000894   0x08000894   0x0000000c   Code   RO          146    .text.DMA1_Stream1_IRQHandler  stm32f4xx_it.o
    0x080008a0   0x080008a0   0x0000000c   Code   RO          148    .text.DMA1_Stream3_IRQHandler  stm32f4xx_it.o
    0x080008ac   0x080008ac   0x0000000c   Code   RO          150    .text.DMA1_Stream5_IRQHandler  stm32f4xx_it.o
    0x080008b8   0x080008b8   0x0000000c   Code   RO          152    .text.DMA1_Stream6_IRQHandler  stm32f4xx_it.o
    0x080008c4   0x080008c4   0x0000000c   Code   RO          166    .text.DMA2_Stream1_IRQHandler  stm32f4xx_it.o
    0x080008d0   0x080008d0   0x0000000c   Code   RO          168    .text.DMA2_Stream2_IRQHandler  stm32f4xx_it.o
    0x080008dc   0x080008dc   0x0000000c   Code   RO          172    .text.DMA2_Stream6_IRQHandler  stm32f4xx_it.o
    0x080008e8   0x080008e8   0x0000000c   Code   RO          174    .text.DMA2_Stream7_IRQHandler  stm32f4xx_it.o
    0x080008f4   0x080008f4   0x00000002   Code   RO          144    .text.DebugMon_Handler  stm32f4xx_it.o
    0x080008f6   0x080008f6   0x00000002   PAD
    0x080008f8   0x080008f8   0x00000218   Code   RO         1719    .text.ECPID_Calc    ecpid.o
    0x08000b10   0x08000b10   0x00000036   Code   RO         1717    .text.ECPID_init    ecpid.o
    0x08000b46   0x08000b46   0x00000002   PAD
    0x08000b48   0x08000b48   0x00000006   Code   RO           15    .text.Error_Handler  main.o
    0x08000b4e   0x08000b4e   0x00000002   PAD
    0x08000b50   0x08000b50   0x0000000c   Code   RO         1732    .text.FIFO_Init     fifo.o
    0x08000b5c   0x08000b5c   0x000000f4   Code   RO         1736    .text.FIFO_Pop      fifo.o
    0x08000c50   0x08000c50   0x000000f2   Code   RO         1734    .text.FIFO_Push     fifo.o
    0x08000d42   0x08000d42   0x00000002   PAD
    0x08000d44   0x08000d44   0x0000002e   Code   RO          562    .text.HAL_CAN_ActivateNotification  stm32f4xx_hal_can.o
    0x08000d72   0x08000d72   0x00000002   PAD
    0x08000d74   0x08000d74   0x000000a4   Code   RO          548    .text.HAL_CAN_AddTxMessage  stm32f4xx_hal_can.o
    0x08000e18   0x08000e18   0x000000de   Code   RO          538    .text.HAL_CAN_ConfigFilter  stm32f4xx_hal_can.o
    0x08000ef6   0x08000ef6   0x00000002   PAD
    0x08000ef8   0x08000ef8   0x00000036   Code   RO         1648    .text.HAL_CAN_ErrorCallback  can_receive.o
    0x08000f2e   0x08000f2e   0x00000002   PAD
    0x08000f30   0x08000f30   0x00000004   Code   RO          596    .text.HAL_CAN_GetError  stm32f4xx_hal_can.o
    0x08000f34   0x08000f34   0x00000020   Code   RO          560    .text.HAL_CAN_GetRxFifoFillLevel  stm32f4xx_hal_can.o
    0x08000f54   0x08000f54   0x0000012e   Code   RO          558    .text.HAL_CAN_GetRxMessage  stm32f4xx_hal_can.o
    0x08001082   0x08001082   0x00000002   PAD
    0x08001084   0x08001084   0x0000025e   Code   RO          566    .text.HAL_CAN_IRQHandler  stm32f4xx_hal_can.o
    0x080012e2   0x080012e2   0x00000002   PAD
    0x080012e4   0x080012e4   0x000000f4   Code   RO          528    .text.HAL_CAN_Init  stm32f4xx_hal_can.o
    0x080013d8   0x080013d8   0x00000114   Code   RO           60    .text.HAL_CAN_MspInit  can.o
    0x080014ec   0x080014ec   0x00000002   Code   RO          580    .text.HAL_CAN_RxFifo0FullCallback  stm32f4xx_hal_can.o
    0x080014ee   0x080014ee   0x00000002   PAD
    0x080014f0   0x080014f0   0x00000580   Code   RO         1644    .text.HAL_CAN_RxFifo0MsgPendingCallback  can_receive.o
    0x08001a70   0x08001a70   0x00000002   Code   RO          584    .text.HAL_CAN_RxFifo1FullCallback  stm32f4xx_hal_can.o
    0x08001a72   0x08001a72   0x00000002   PAD
    0x08001a74   0x08001a74   0x00000002   Code   RO          586    .text.HAL_CAN_RxFifo1MsgPendingCallback  stm32f4xx_hal_can.o
    0x08001a76   0x08001a76   0x00000002   PAD
    0x08001a78   0x08001a78   0x00000002   Code   RO          588    .text.HAL_CAN_SleepCallback  stm32f4xx_hal_can.o
    0x08001a7a   0x08001a7a   0x00000002   PAD
    0x08001a7c   0x08001a7c   0x0000005a   Code   RO          540    .text.HAL_CAN_Start  stm32f4xx_hal_can.o
    0x08001ad6   0x08001ad6   0x00000002   PAD
    0x08001ad8   0x08001ad8   0x00000002   Code   RO          570    .text.HAL_CAN_TxMailbox0AbortCallback  stm32f4xx_hal_can.o
    0x08001ada   0x08001ada   0x00000002   PAD
    0x08001adc   0x08001adc   0x00000002   Code   RO          568    .text.HAL_CAN_TxMailbox0CompleteCallback  stm32f4xx_hal_can.o
    0x08001ade   0x08001ade   0x00000002   PAD
    0x08001ae0   0x08001ae0   0x00000002   Code   RO          574    .text.HAL_CAN_TxMailbox1AbortCallback  stm32f4xx_hal_can.o
    0x08001ae2   0x08001ae2   0x00000002   PAD
    0x08001ae4   0x08001ae4   0x00000002   Code   RO          572    .text.HAL_CAN_TxMailbox1CompleteCallback  stm32f4xx_hal_can.o
    0x08001ae6   0x08001ae6   0x00000002   PAD
    0x08001ae8   0x08001ae8   0x00000002   Code   RO          578    .text.HAL_CAN_TxMailbox2AbortCallback  stm32f4xx_hal_can.o
    0x08001aea   0x08001aea   0x00000002   PAD
    0x08001aec   0x08001aec   0x00000002   Code   RO          576    .text.HAL_CAN_TxMailbox2CompleteCallback  stm32f4xx_hal_can.o
    0x08001aee   0x08001aee   0x00000002   PAD
    0x08001af0   0x08001af0   0x00000002   Code   RO          590    .text.HAL_CAN_WakeUpFromRxMsgCallback  stm32f4xx_hal_can.o
    0x08001af2   0x08001af2   0x00000002   PAD
    0x08001af4   0x08001af4   0x0000002e   Code   RO         1017    .text.HAL_CRC_Init  stm32f4xx_hal_crc.o
    0x08001b22   0x08001b22   0x00000002   PAD
    0x08001b24   0x08001b24   0x00000030   Code   RO           77    .text.HAL_CRC_MspInit  crc.o
    0x08001b54   0x08001b54   0x0000008e   Code   RO          778    .text.HAL_DMA_Abort  stm32f4xx_hal_dma.o
    0x08001be2   0x08001be2   0x00000002   PAD
    0x08001be4   0x08001be4   0x00000024   Code   RO          780    .text.HAL_DMA_Abort_IT  stm32f4xx_hal_dma.o
    0x08001c08   0x08001c08   0x00000004   Code   RO          792    .text.HAL_DMA_GetError  stm32f4xx_hal_dma.o
    0x08001c0c   0x08001c0c   0x000001c4   Code   RO          784    .text.HAL_DMA_IRQHandler  stm32f4xx_hal_dma.o
    0x08001dd0   0x08001dd0   0x00000162   Code   RO          770    .text.HAL_DMA_Init  stm32f4xx_hal_dma.o
    0x08001f32   0x08001f32   0x00000002   PAD
    0x08001f34   0x08001f34   0x000000a2   Code   RO          776    .text.HAL_DMA_Start_IT  stm32f4xx_hal_dma.o
    0x08001fd6   0x08001fd6   0x00000002   PAD
    0x08001fd8   0x08001fd8   0x0000019e   Code   RO          732    .text.HAL_GPIO_Init  stm32f4xx_hal_gpio.o
    0x08002176   0x08002176   0x00000002   PAD
    0x08002178   0x08002178   0x0000000a   Code   RO          736    .text.HAL_GPIO_ReadPin  stm32f4xx_hal_gpio.o
    0x08002182   0x08002182   0x00000002   PAD
    0x08002184   0x08002184   0x0000000a   Code   RO          738    .text.HAL_GPIO_WritePin  stm32f4xx_hal_gpio.o
    0x0800218e   0x0800218e   0x00000002   PAD
    0x08002190   0x08002190   0x0000000c   Code   RO          935    .text.HAL_GetTick   stm32f4xx_hal.o
    0x0800219c   0x0800219c   0x0000001a   Code   RO          933    .text.HAL_IncTick   stm32f4xx_hal.o
    0x080021b6   0x080021b6   0x00000002   PAD
    0x080021b8   0x080021b8   0x00000036   Code   RO          923    .text.HAL_Init      stm32f4xx_hal.o
    0x080021ee   0x080021ee   0x00000002   PAD
    0x080021f0   0x080021f0   0x000000b2   Code   RO          194    .text.HAL_InitTick  stm32f4xx_hal_timebase_tim.o
    0x080022a2   0x080022a2   0x00000002   PAD
    0x080022a4   0x080022a4   0x00000042   Code   RO          185    .text.HAL_MspInit   stm32f4xx_hal_msp.o
    0x080022e6   0x080022e6   0x00000002   PAD
    0x080022e8   0x080022e8   0x0000002a   Code   RO          877    .text.HAL_NVIC_DisableIRQ  stm32f4xx_hal_cortex.o
    0x08002312   0x08002312   0x00000002   PAD
    0x08002314   0x08002314   0x00000022   Code   RO          875    .text.HAL_NVIC_EnableIRQ  stm32f4xx_hal_cortex.o
    0x08002336   0x08002336   0x00000002   PAD
    0x08002338   0x08002338   0x00000056   Code   RO          873    .text.HAL_NVIC_SetPriority  stm32f4xx_hal_cortex.o
    0x0800238e   0x0800238e   0x00000002   PAD
    0x08002390   0x08002390   0x00000020   Code   RO          871    .text.HAL_NVIC_SetPriorityGrouping  stm32f4xx_hal_cortex.o
    0x080023b0   0x080023b0   0x0000007a   Code   RO          857    .text.HAL_PWREx_EnableOverDrive  stm32f4xx_hal_pwr_ex.o
    0x0800242a   0x0800242a   0x00000002   PAD
    0x0800242c   0x0800242c   0x00000164   Code   RO          612    .text.HAL_RCC_ClockConfig  stm32f4xx_hal_rcc.o
    0x08002590   0x08002590   0x0000003e   Code   RO          630    .text.HAL_RCC_GetClockConfig  stm32f4xx_hal_rcc.o
    0x080025ce   0x080025ce   0x00000002   PAD
    0x080025d0   0x080025d0   0x00000026   Code   RO          624    .text.HAL_RCC_GetPCLK1Freq  stm32f4xx_hal_rcc.o
    0x080025f6   0x080025f6   0x00000002   PAD
    0x080025f8   0x080025f8   0x00000026   Code   RO          626    .text.HAL_RCC_GetPCLK2Freq  stm32f4xx_hal_rcc.o
    0x0800261e   0x0800261e   0x00000002   PAD
    0x08002620   0x08002620   0x0000006e   Code   RO          614    .text.HAL_RCC_GetSysClockFreq  stm32f4xx_hal_rcc.o
    0x0800268e   0x0800268e   0x00000002   PAD
    0x08002690   0x08002690   0x000003ac   Code   RO          610    .text.HAL_RCC_OscConfig  stm32f4xx_hal_rcc.o
    0x08002a3c   0x08002a3c   0x00000002   Code   RO          514    .text.HAL_TIMEx_BreakCallback  stm32f4xx_hal_tim_ex.o
    0x08002a3e   0x08002a3e   0x00000002   PAD
    0x08002a40   0x08002a40   0x00000002   Code   RO          510    .text.HAL_TIMEx_CommutCallback  stm32f4xx_hal_tim_ex.o
    0x08002a42   0x08002a42   0x00000002   PAD
    0x08002a44   0x08002a44   0x0000005a   Code   RO          209    .text.HAL_TIM_Base_Init  stm32f4xx_hal_tim.o
    0x08002a9e   0x08002a9e   0x00000002   PAD
    0x08002aa0   0x08002aa0   0x00000002   Code   RO          211    .text.HAL_TIM_Base_MspInit  stm32f4xx_hal_tim.o
    0x08002aa2   0x08002aa2   0x00000002   PAD
    0x08002aa4   0x08002aa4   0x000000aa   Code   RO          223    .text.HAL_TIM_Base_Start_IT  stm32f4xx_hal_tim.o
    0x08002b4e   0x08002b4e   0x00000002   PAD
    0x08002b50   0x08002b50   0x00000002   Code   RO          345    .text.HAL_TIM_IC_CaptureCallback  stm32f4xx_hal_tim.o
    0x08002b52   0x08002b52   0x00000002   PAD
    0x08002b54   0x08002b54   0x0000014e   Code   RO          343    .text.HAL_TIM_IRQHandler  stm32f4xx_hal_tim.o
    0x08002ca2   0x08002ca2   0x00000002   PAD
    0x08002ca4   0x08002ca4   0x00000002   Code   RO          347    .text.HAL_TIM_OC_DelayElapsedCallback  stm32f4xx_hal_tim.o
    0x08002ca6   0x08002ca6   0x00000002   PAD
    0x08002ca8   0x08002ca8   0x00000002   Code   RO          349    .text.HAL_TIM_PWM_PulseFinishedCallback  stm32f4xx_hal_tim.o
    0x08002caa   0x08002caa   0x00000002   PAD
    0x08002cac   0x08002cac   0x00000014   Code   RO           17    .text.HAL_TIM_PeriodElapsedCallback  main.o
    0x08002cc0   0x08002cc0   0x00000002   Code   RO          353    .text.HAL_TIM_TriggerCallback  stm32f4xx_hal_tim.o
    0x08002cc2   0x08002cc2   0x00000002   PAD
    0x08002cc4   0x08002cc4   0x000001ee   Code   RO         1087    .text.HAL_UARTEx_ReceiveToIdle_DMA  stm32f4xx_hal_uart.o
    0x08002eb2   0x08002eb2   0x00000002   PAD
    0x08002eb4   0x08002eb4   0x00000002   Code   RO         1906    .text.HAL_UARTEx_RxEventCallback  usart-x.o
    0x08002eb6   0x08002eb6   0x00000002   PAD
    0x08002eb8   0x08002eb8   0x0000016e   Code   RO         1095    .text.HAL_UART_AbortReceive  stm32f4xx_hal_uart.o
    0x08003026   0x08003026   0x00000002   PAD
    0x08003028   0x08003028   0x000000d0   Code   RO         1093    .text.HAL_UART_AbortTransmit  stm32f4xx_hal_uart.o
    0x080030f8   0x080030f8   0x000000aa   Code   RO         1908    .text.HAL_UART_ErrorCallback  usart-x.o
    0x080031a2   0x080031a2   0x00000002   PAD
    0x080031a4   0x080031a4   0x00000594   Code   RO         1117    .text.HAL_UART_IRQHandler  stm32f4xx_hal_uart.o
    0x08003738   0x08003738   0x00000060   Code   RO         1039    .text.HAL_UART_Init  stm32f4xx_hal_uart.o
    0x08003798   0x08003798   0x00000448   Code   RO          109    .text.HAL_UART_MspInit  usart.o
    0x08003be0   0x08003be0   0x00000180   Code   RO         1073    .text.HAL_UART_Receive_DMA  stm32f4xx_hal_uart.o
    0x08003d60   0x08003d60   0x00000054   Code   RO         1061    .text.HAL_UART_Receive_IT  stm32f4xx_hal_uart.o
    0x08003db4   0x08003db4   0x00000080   Code   RO         1904    .text.HAL_UART_RxCpltCallback  usart-x.o
    0x08003e34   0x08003e34   0x00000002   Code   RO         1133    .text.HAL_UART_RxHalfCpltCallback  stm32f4xx_hal_uart.o
    0x08003e36   0x08003e36   0x00000002   PAD
    0x08003e38   0x08003e38   0x00000192   Code   RO         1055    .text.HAL_UART_Transmit  stm32f4xx_hal_uart.o
    0x08003fca   0x08003fca   0x00000002   PAD
    0x08003fcc   0x08003fcc   0x00000002   Code   RO         1127    .text.HAL_UART_TxCpltCallback  stm32f4xx_hal_uart.o
    0x08003fce   0x08003fce   0x00000002   PAD
    0x08003fd0   0x08003fd0   0x0000000e   Code   RO         1824    .text.HI14_GetYaw   hi14_driver.o
    0x08003fde   0x08003fde   0x00000002   PAD
    0x08003fe0   0x08003fe0   0x00000044   Code   RO         1816    .text.HI14_Init     hi14_driver.o
    0x08004024   0x08004024   0x000002b8   Code   RO         1830    .text.HI14_ReadAllSensors  hi14_driver.o
    0x080042dc   0x080042dc   0x00000002   Code   RO          136    .text.HardFault_Handler  stm32f4xx_it.o
    0x080042de   0x080042de   0x00000002   PAD
    0x080042e0   0x080042e0   0x00000142   Code   RO         1748    .text.How_task      mytask.o
    0x08004422   0x08004422   0x00000002   PAD
    0x08004424   0x08004424   0x0000009a   Code   RO         1875    .text.L1_Init       l1_laser.o
    0x080044be   0x080044be   0x00000002   PAD
    0x080044c0   0x080044c0   0x0000002c   Code   RO         1877    .text.L1_ReadDistance  l1_laser.o
    0x080044ec   0x080044ec   0x0000003a   Code   RO         1879    .text.L1_Restart    l1_laser.o
    0x08004526   0x08004526   0x00000002   PAD
    0x08004528   0x08004528   0x0000017a   Code   RO         1756    .text.M8010_CommTask  mytask.o
    0x080046a2   0x080046a2   0x00000002   PAD
    0x080046a4   0x080046a4   0x00000096   Code   RO           56    .text.MX_CAN1_Init  can.o
    0x0800473a   0x0800473a   0x00000002   PAD
    0x0800473c   0x0800473c   0x00000096   Code   RO           58    .text.MX_CAN2_Init  can.o
    0x080047d2   0x080047d2   0x00000002   PAD
    0x080047d4   0x080047d4   0x00000026   Code   RO           75    .text.MX_CRC_Init   crc.o
    0x080047fa   0x080047fa   0x00000002   PAD
    0x080047fc   0x080047fc   0x000000bc   Code   RO           90    .text.MX_DMA_Init   dma.o
    0x080048b8   0x080048b8   0x0000007e   Code   RO           29    .text.MX_GPIO_Init  gpio.o
    0x08004936   0x08004936   0x00000002   PAD
    0x08004938   0x08004938   0x0000003c   Code   RO           99    .text.MX_UART4_Init  usart.o
    0x08004974   0x08004974   0x0000003c   Code   RO          101    .text.MX_USART1_UART_Init  usart.o
    0x080049b0   0x080049b0   0x0000003c   Code   RO          103    .text.MX_USART2_UART_Init  usart.o
    0x080049ec   0x080049ec   0x0000003c   Code   RO          105    .text.MX_USART3_UART_Init  usart.o
    0x08004a28   0x08004a28   0x00000040   Code   RO          107    .text.MX_USART6_UART_Init  usart.o
    0x08004a68   0x08004a68   0x000001c0   Code   RO         1820    .text.Mecanum_HeadingCorrection  hi14_driver.o
    0x08004c28   0x08004c28   0x00000002   Code   RO          138    .text.MemManage_Handler  stm32f4xx_it.o
    0x08004c2a   0x08004c2a   0x00000002   PAD
    0x08004c2c   0x08004c2c   0x00000182   Code   RO         1846    .text.Modbus_Init   modbus.o
    0x08004dae   0x08004dae   0x00000002   PAD
    0x08004db0   0x08004db0   0x000001c8   Code   RO         1852    .text.Modbus_ReadHoldingRegs  modbus.o
    0x08004f78   0x08004f78   0x00000070   Code   RO         1848    .text.Modbus_Restart  modbus.o
    0x08004fe8   0x08004fe8   0x000000ea   Code   RO         1850    .text.Modbus_UART_IDLE_Callback  modbus.o
    0x080050d2   0x080050d2   0x00000002   PAD
    0x080050d4   0x080050d4   0x0000002c   Code   RO         1959    .text.MotorData_calculate_error  gom_protocol.o
    0x08005100   0x08005100   0x00000010   Code   RO         1961    .text.MotorData_init  gom_protocol.o
    0x08005110   0x08005110   0x00000002   Code   RO          134    .text.NMI_Handler   stm32f4xx_it.o
    0x08005112   0x08005112   0x00000002   PAD
    0x08005114   0x08005114   0x0000020c   Code   RO         1787    .text.PID_calc      pid.o
    0x08005320   0x08005320   0x00000012   Code   RO         1789    .text.PID_clear     pid.o
    0x08005332   0x08005332   0x00000002   PAD
    0x08005334   0x08005334   0x00000036   Code   RO         1785    .text.PID_init      pid.o
    0x0800536a   0x0800536a   0x00000006   PAD
    0x08005370   0x08005370   0x00000064   Code   RO         1584    .text.PendSV_Handler  port.o
    0x080053d4   0x080053d4   0x00000158   Code   RO         1802    .text.R2006_Control  r2006.o
    0x0800552c   0x0800552c   0x000001f4   Code   RO         1800    .text.R2006_Init    r2006.o
    0x08005720   0x08005720   0x00000216   Code   RO         1619    .text.ROS_DataUnpack  ros_uart.o
    0x08005936   0x08005936   0x00000002   PAD
    0x08005938   0x08005938   0x00000022   Code   RO         1627    .text.ROS_GetFrame  ros_uart.o
    0x0800595a   0x0800595a   0x00000002   PAD
    0x0800595c   0x0800595c   0x000000a6   Code   RO         1625    .text.ROS_UART_IRQHandler  ros_uart.o
    0x08005a02   0x08005a02   0x00000002   PAD
    0x08005a04   0x08005a04   0x00000070   Code   RO         1621    .text.ROS_UartInit  ros_uart.o
    0x08005a74   0x08005a74   0x00000048   Code   RO         1623    .text.ROS_UartRestart  ros_uart.o
    0x08005abc   0x08005abc   0x00000004   PAD
    0x08005ac0   0x08005ac0   0x00000024   Code   RO         1568    .text.SVC_Handler   port.o
    0x08005ae4   0x08005ae4   0x0000002e   Code   RO         1586    .text.SysTick_Handler  port.o
    0x08005b12   0x08005b12   0x00000002   PAD
    0x08005b14   0x08005b14   0x000000bc   Code   RO           13    .text.SystemClock_Config  main.o
    0x08005bd0   0x08005bd0   0x00000012   Code   RO         1161    .text.SystemInit    system_stm32f4xx.o
    0x08005be2   0x08005be2   0x00000002   PAD
    0x08005be4   0x08005be4   0x0000000c   Code   RO          164    .text.TIM6_DAC_IRQHandler  stm32f4xx_it.o
    0x08005bf0   0x08005bf0   0x0000013a   Code   RO          213    .text.TIM_Base_SetConfig  stm32f4xx_hal_tim.o
    0x08005d2a   0x08005d2a   0x00000002   PAD
    0x08005d2c   0x08005d2c   0x0000000c   Code   RO          162    .text.UART4_IRQHandler  stm32f4xx_it.o
    0x08005d38   0x08005d38   0x0000000a   Code   RO         1121    .text.UART_DMAAbortOnError  stm32f4xx_hal_uart.o
    0x08005d42   0x08005d42   0x00000002   PAD
    0x08005d44   0x08005d44   0x0000017c   Code   RO         1071    .text.UART_DMAError  stm32f4xx_hal_uart.o
    0x08005ec0   0x08005ec0   0x0000015e   Code   RO         1149    .text.UART_DMAReceiveCplt  stm32f4xx_hal_uart.o
    0x0800601e   0x0800601e   0x00000002   PAD
    0x08006020   0x08006020   0x00000018   Code   RO         1151    .text.UART_DMARxHalfCplt  stm32f4xx_hal_uart.o
    0x08006038   0x08006038   0x000000fe   Code   RO         1119    .text.UART_Receive_IT  stm32f4xx_hal_uart.o
    0x08006136   0x08006136   0x00000002   PAD
    0x08006138   0x08006138   0x000000e6   Code   RO         1043    .text.UART_SetConfig  stm32f4xx_hal_uart.o
    0x0800621e   0x0800621e   0x00000002   PAD
    0x08006220   0x08006220   0x0000001a   Code   RO          156    .text.USART1_IRQHandler  stm32f4xx_it.o
    0x0800623a   0x0800623a   0x00000002   PAD
    0x0800623c   0x0800623c   0x0000000c   Code   RO          158    .text.USART2_IRQHandler  stm32f4xx_it.o
    0x08006248   0x08006248   0x0000001e   Code   RO          160    .text.USART3_IRQHandler  stm32f4xx_it.o
    0x08006266   0x08006266   0x00000002   PAD
    0x08006268   0x08006268   0x0000000c   Code   RO          176    .text.USART6_IRQHandler  stm32f4xx_it.o
    0x08006274   0x08006274   0x00000076   Code   RO         1921    .text.Unitree_Init  unitree.o
    0x080062ea   0x080062ea   0x00000002   PAD
    0x080062ec   0x080062ec   0x00000118   Code   RO         1927    .text.Unitree_OnUart6Rx  unitree.o
    0x08006404   0x08006404   0x0000008c   Code   RO         1923    .text.Unitree_SetMotor  unitree.o
    0x08006490   0x08006490   0x00000002   Code   RO          142    .text.UsageFault_Handler  stm32f4xx_it.o
    0x08006492   0x08006492   0x00000002   PAD
    0x08006494   0x08006494   0x0000002c   Code   RO         1898    .text.YS_IRTM_GetKey  usart-x.o
    0x080064c0   0x080064c0   0x0000000c   Code   RO         1902    .text.YS_IRTM_GetLastRecvTime  usart-x.o
    0x080064cc   0x080064cc   0x0000000c   Code   RO         1900    .text.YS_IRTM_HasFrame  usart-x.o
    0x080064d8   0x080064d8   0x00000034   Code   RO         1896    .text.YS_IRTM_Init  usart-x.o
    0x0800650c   0x0800650c   0x0000007c   Code   RO         1604    .text.arm_control_motors  arm.o
    0x08006588   0x08006588   0x00000258   Code   RO         1602    .text.arm_final     arm.o
    0x080067e0   0x080067e0   0x00000210   Code   RO         1750    .text.chassis_task  mytask.o
    0x080069f0   0x080069f0   0x000000c6   Code   RO         1944    .text.crc_ccitt     crc_ccitt.o
    0x08006ab6   0x08006ab6   0x00000002   PAD
    0x08006ab8   0x08006ab8   0x000000d4   Code   RO         1957    .text.extract_data  gom_protocol.o
    0x08006b8c   0x08006b8c   0x000001d8   Code   RO         1752    .text.imu_task      mytask.o
    0x08006d64   0x08006d64   0x000000c0   Code   RO         1873    .text.l1_parse_byte  l1_laser.o
    0x08006e24   0x08006e24   0x0000001a   Code   RO         1754    .text.l1_task       mytask.o
    0x08006e3e   0x08006e3e   0x00000002   PAD
    0x08006e40   0x08006e40   0x000000a0   Code   RO           11    .text.main          main.o
    0x08006ee0   0x08006ee0   0x0000012e   Code   RO         1854    .text.modbus_send_frame  modbus.o
    0x0800700e   0x0800700e   0x00000002   PAD
    0x08007010   0x08007010   0x000001ec   Code   RO         1955    .text.modify_data   gom_protocol.o
    0x080071fc   0x080071fc   0x00000218   Code   RO         1768    .text.position_loop_update  mytask.o
    0x08007414   0x08007414   0x000000fc   Code   RO         1324    .text.prvAddNewTaskToReadyList  tasks.o
    0x08007510   0x08007510   0x00000086   Code   RO         1356    .text.prvIdleTask   tasks.o
    0x08007596   0x08007596   0x00000002   PAD
    0x08007598   0x08007598   0x000000f4   Code   RO         1322    .text.prvInitialiseNewTask  tasks.o
    0x0800768c   0x0800768c   0x00000028   Code   RO         1576    .text.prvPortStartFirstTask  port.o
    0x080076b4   0x080076b4   0x0000003e   Code   RO         1566    .text.prvTaskExitError  port.o
    0x080076f2   0x080076f2   0x00000002   PAD
    0x080076f4   0x080076f4   0x000001e8   Code   RO         1542    .text.pvPortMalloc  heap_4.o
    0x080078dc   0x080078dc   0x00000024   Code   RO         1564    .text.pxPortInitialiseStack  port.o
    0x08007900   0x08007900   0x00000e74   Code   RO         1758    .text.ros_task      mytask.o
    0x08008774   0x08008774   0x00000114   Code   RO         1746    .text.start_task    mytask.o
    0x08008888   0x08008888   0x00000022   Code   RO         1213    .text.uxListRemove  list.o
    0x080088aa   0x080088aa   0x00000002   PAD
    0x080088ac   0x080088ac   0x0000001a   Code   RO           38    .text.vApplicationGetIdleTaskMemory  freertos.o
    0x080088c6   0x080088c6   0x00000002   PAD
    0x080088c8   0x080088c8   0x00000016   Code   RO         1205    .text.vListInitialise  list.o
    0x080088de   0x080088de   0x00000002   PAD
    0x080088e0   0x080088e0   0x00000006   Code   RO         1207    .text.vListInitialiseItem  list.o
    0x080088e6   0x080088e6   0x00000002   PAD
    0x080088e8   0x080088e8   0x00000062   Code   RO         1211    .text.vListInsert   list.o
    0x0800894a   0x0800894a   0x00000002   PAD
    0x0800894c   0x0800894c   0x0000001a   Code   RO         1209    .text.vListInsertEnd  list.o
    0x08008966   0x08008966   0x00000002   PAD
    0x08008968   0x08008968   0x00000014   Code   RO         1574    .text.vPortEnableVFP  port.o
    0x0800897c   0x0800897c   0x00000046   Code   RO         1580    .text.vPortEnterCritical  port.o
    0x080089c2   0x080089c2   0x00000002   PAD
    0x080089c4   0x080089c4   0x0000002e   Code   RO         1582    .text.vPortExitCritical  port.o
    0x080089f2   0x080089f2   0x00000002   PAD
    0x080089f4   0x080089f4   0x000000de   Code   RO         1544    .text.vPortFree     heap_4.o
    0x08008ad2   0x08008ad2   0x00000002   PAD
    0x08008ad4   0x08008ad4   0x00000034   Code   RO         1572    .text.vPortSetupTimerInterrupt  port.o
    0x08008b08   0x08008b08   0x0000009e   Code   RO         1338    .text.vTaskDelay    tasks.o
    0x08008ba6   0x08008ba6   0x00000002   PAD
    0x08008ba8   0x08008ba8   0x000000e0   Code   RO         1330    .text.vTaskDelayUntil  tasks.o
    0x08008c88   0x08008c88   0x00000106   Code   RO         1328    .text.vTaskDelete   tasks.o
    0x08008d8e   0x08008d8e   0x00000002   PAD
    0x08008d90   0x08008d90   0x000000cc   Code   RO         1354    .text.vTaskStartScheduler  tasks.o
    0x08008e5c   0x08008e5c   0x00000010   Code   RO         1332    .text.vTaskSuspendAll  tasks.o
    0x08008e6c   0x08008e6c   0x0000006e   Code   RO         1348    .text.vTaskSwitchContext  tasks.o
    0x08008eda   0x08008eda   0x00000002   PAD
    0x08008edc   0x08008edc   0x000004e4   Code   RO         1687    .text.wheel_calc    contorl_two.o
    0x080093c0   0x080093c0   0x00000268   Code   RO         1683    .text.wheel_inverse_calc  contorl_two.o
    0x08009628   0x08009628   0x00000188   Code   RO         1570    .text.xPortStartScheduler  port.o
    0x080097b0   0x080097b0   0x00000060   Code   RO         1326    .text.xTaskCreate   tasks.o
    0x08009810   0x08009810   0x0000000c   Code   RO         1362    .text.xTaskGetTickCount  tasks.o
    0x0800981c   0x0800981c   0x00000106   Code   RO         1360    .text.xTaskIncrementTick  tasks.o
    0x08009922   0x08009922   0x00000002   PAD
    0x08009924   0x08009924   0x000000ea   Code   RO         1336    .text.xTaskResumeAll  tasks.o
    0x08009a0e   0x08009a0e   0x00000002   PAD
    0x08009a10   0x08009a10   0x00000150   Code   RO         1970    i.__hardfp_cosf     m_wm.l(cosf.o)
    0x08009b60   0x08009b60   0x000000b0   Code   RO         1976    i.__hardfp_fmodf    m_wm.l(fmodf.o)
    0x08009c10   0x08009c10   0x00000006   Code   RO         1994    i.__mathlib_flt_infnan  m_wm.l(funder.o)
    0x08009c16   0x08009c16   0x00000002   PAD
    0x08009c18   0x08009c18   0x00000010   Code   RO         1996    i.__mathlib_flt_invalid  m_wm.l(funder.o)
    0x08009c28   0x08009c28   0x00000154   Code   RO         2007    i.__mathlib_rredf2  m_wm.l(rredf.o)
    0x08009d7c   0x08009d7c   0x0000000e   Code   RO         2044    i.__scatterload_copy  mc_w.l(handlers.o)
    0x08009d8a   0x08009d8a   0x00000002   Code   RO         2045    i.__scatterload_null  mc_w.l(handlers.o)
    0x08009d8c   0x08009d8c   0x0000000e   Code   RO         2046    i.__scatterload_zeroinit  mc_w.l(handlers.o)
    0x08009d9a   0x08009d9a   0x00000002   PAD
    0x08009d9c   0x08009d9c   0x0000000c   Code   RO         2030    i.__set_errno       mc_w.l(errno.o)
    0x08009da8   0x08009da8   0x00000020   Data   RO         2008    .constdata          m_wm.l(rredf.o)
    0x08009dc8   0x08009dc8   0x00000018   Data   RO         1606    .rodata..Lswitch.table.arm_final  arm.o
    0x08009de0   0x08009de0   0x00000018   Data   RO         1607    .rodata..Lswitch.table.arm_final.3  arm.o
    0x08009df8   0x08009df8   0x00000018   Data   RO         1608    .rodata..Lswitch.table.arm_final.4  arm.o
    0x08009e10   0x08009e10   0x00000010   Data   RO         1166    .rodata.AHBPrescTable  system_stm32f4xx.o
    0x08009e20   0x08009e20   0x00000008   Data   RO         1167    .rodata.APBPrescTable  system_stm32f4xx.o
    0x08009e28   0x08009e28   0x00000005   Data   RO         1884    .rodata.cmd_continuous  l1_laser.o
    0x08009e2d   0x08009e2d   0x00000001   PAD
    0x08009e2e   0x08009e2e   0x00000200   Data   RO         1946    .rodata.crc_ccitt_table  crc_ccitt.o
    0x0800a02e   0x0800a02e   0x00000008   Data   RO          794    .rodata.cst8        stm32f4xx_hal_dma.o
    0x0800a036   0x0800a036   0x00000200   Data   RO         1862    .rodata.modbus_crc16_table  modbus.o
    0x0800a236   0x0800a236   0x00000002   PAD
    0x0800a238   0x0800a238   0x00000020   Data   RO         2043    Region$$Table       anon$$obj.o


    Execution Region RW_IRAM2 (Exec base: 0x10000000, Load base: 0x0800a2a8, Size: 0x00000000, Max: 0x00010000, ABSOLUTE)

    **** No section assigned to this execution region ****


    Execution Region RW_IRAM1 (Exec base: 0x20000000, Load base: 0x0800a258, Size: 0x0000a3c8, Max: 0x00030000, ABSOLUTE)

    Exec Addr    Load Addr    Size         Type   Attr      Idx    E Section Name        Object

    0x20000000   0x0800a258   0x00000004   Data   RW         2031    .data               mc_w.l(errno.o)
    0x20000004   0x0800a25c   0x00000008   Data   RW          982    .data..L_MergedGlobals  stm32f4xx_hal.o
    0x2000000c   0x0800a264   0x00000030   Data   RW         1609    .data..L_MergedGlobals  arm.o
    0x2000003c   0x0800a294   0x00000002   Data   RW         1774    .data..L_MergedGlobals  mytask.o
    0x2000003e   0x0800a296   0x00000002   PAD
    0x20000040   0x0800a298   0x00000004   Data   RW         1165    .data.SystemCoreClock  system_stm32f4xx.o
    0x20000044   0x0800a29c   0x00000001   Data   RW         1883    .data.s_first_frame  l1_laser.o
    0x20000045   0x0800a29d   0x00000003   PAD
    0x20000048   0x0800a2a0   0x00000004   Data   RW         1590    .data.uxCriticalNesting  port.o
    0x2000004c   0x0800a2a4   0x00000004   PAD
    0x20000050        -       0x00000078   Zero   RW         1417    .bss..L_MergedGlobals  tasks.o
    0x200000c8        -       0x00000020   Zero   RW         1555    .bss..L_MergedGlobals  heap_4.o
    0x200000e8        -       0x00000008   Zero   RW         1591    .bss..L_MergedGlobals  port.o
    0x200000f0        -       0x0000005c   Zero   RW         1633    .bss..L_MergedGlobals  ros_uart.o
    0x2000014c        -       0x00000070   Zero   RW         1671    .bss..L_MergedGlobals  can_receive.o
    0x200001bc        -       0x00000048   Zero   RW         1692    .bss..L_MergedGlobals  contorl_two.o
    0x20000204        -       0x0000001c   Zero   RW         1807    .bss..L_MergedGlobals  r2006.o
    0x20000220        -       0x00000040   Zero   RW         1835    .bss..L_MergedGlobals  hi14_driver.o
    0x20000260        -       0x00000024   Zero   RW         1887    .bss..L_MergedGlobals  l1_laser.o
    0x20000284        -       0x0000000c   Zero   RW         1910    .bss..L_MergedGlobals  usart-x.o
    0x20000290        -       0x00000014   Zero   RW         1933    .bss..L_MergedGlobals  unitree.o
    0x200002a4        -       0x00000058   Zero   RW         1672    .bss..L_MergedGlobals.1  can_receive.o
    0x200002fc        -       0x00000028   Zero   RW         1418    .bss..L_MergedGlobals.2  tasks.o
    0x20000324        -       0x00000008   Zero   RW         1610    .bss..L_MergedGlobals.5  arm.o
    0x2000032c        -       0x0000007c   Zero   RW         1775    .bss..L_MergedGlobals.7  mytask.o
    0x200003a8        -       0x0000006c   Zero   RW         1776    .bss..L_MergedGlobals.8  mytask.o
    0x20000414        -       0x00000004   Zero   RW           66    .bss.HAL_RCC_CAN1_CLK_ENABLED  can.o
    0x20000418        -       0x00000420   Zero   RW         1806    .bss.R2006          r2006.o
    0x20000838        -       0x00000040   Zero   RW           19    .bss.Temp_buffer    main.o
    0x20000878        -       0x00000044   Zero   RW         1770    .bss.chassis_cmd_speed  mytask.o
    0x200008bc        -       0x000000b4   Zero   RW         1932    .bss.cmd            unitree.o
    0x20000970        -       0x000000e4   Zero   RW         1931    .bss.data           unitree.o
    0x20000a54        -       0x00000044   Zero   RW         1691    .bss.final_speed    contorl_two.o
    0x20000a98        -       0x00000001   Zero   RW         1709    .bss.g_gpioa11_level  control_cylinder.o
    0x20000a99   0x0800a2a4   0x00000003   PAD
    0x20000a9c        -       0x00000374   Zero   RW         1864    .bss.g_modbus_inst  modbus.o
    0x20000e10        -       0x00000028   Zero   RW           64    .bss.hcan1          can.o
    0x20000e38        -       0x00000028   Zero   RW           65    .bss.hcan2          can.o
    0x20000e60        -       0x00000008   Zero   RW           81    .bss.hcrc           crc.o
    0x20000e68        -       0x00000060   Zero   RW          118    .bss.hdma_usart1_rx  usart.o
    0x20000ec8        -       0x00000060   Zero   RW          119    .bss.hdma_usart1_tx  usart.o
    0x20000f28        -       0x00000060   Zero   RW          120    .bss.hdma_usart2_rx  usart.o
    0x20000f88        -       0x00000060   Zero   RW          121    .bss.hdma_usart2_tx  usart.o
    0x20000fe8        -       0x00000060   Zero   RW          122    .bss.hdma_usart3_rx  usart.o
    0x20001048        -       0x00000060   Zero   RW          123    .bss.hdma_usart3_tx  usart.o
    0x200010a8        -       0x00000060   Zero   RW          124    .bss.hdma_usart6_rx  usart.o
    0x20001108        -       0x00000060   Zero   RW          125    .bss.hdma_usart6_tx  usart.o
    0x20001168        -       0x00000048   Zero   RW          200    .bss.htim6          stm32f4xx_hal_timebase_tim.o
    0x200011b0        -       0x00000048   Zero   RW          114    .bss.huart1         usart.o
    0x200011f8        -       0x00000048   Zero   RW          115    .bss.huart2         usart.o
    0x20001240        -       0x00000048   Zero   RW          116    .bss.huart3         usart.o
    0x20001288        -       0x00000048   Zero   RW          113    .bss.huart4         usart.o
    0x200012d0        -       0x00000048   Zero   RW          117    .bss.huart6         usart.o
    0x20001318        -       0x00000004   Zero   RW         1771    .bss.laser_distance_m  mytask.o
    0x2000131c        -       0x0000008c   Zero   RW         1416    .bss.pxReadyTasksLists  tasks.o
    0x200013a8        -       0x00000080   Zero   RW         1632    .bss.ros_dma_buf    ros_uart.o
    0x20001428        -       0x00000406   Zero   RW         1631    .bss.ros_fifo       ros_uart.o
    0x2000182e   0x0800a2a4   0x00000002   PAD
    0x20001830        -       0x00000044   Zero   RW         1690    .bss.speed          contorl_two.o
    0x20001874        -       0x00008000   Zero   RW         1554    .bss.ucHeap         heap_4.o
    0x20009874        -       0x00000004   Zero   RW          981    .bss.uwTick         stm32f4xx_hal.o
    0x20009878        -       0x000004f8   Zero   RW         1689    .bss.wheel          contorl_two.o
    0x20009d70        -       0x00000200   Zero   RW           45    .bss.xIdleStack     freertos.o
    0x20009f70        -       0x00000054   Zero   RW           44    .bss.xIdleTaskTCBBuffer  freertos.o
    0x20009fc4   0x0800a2a4   0x00000004   PAD
    0x20009fc8        -       0x00000400   Zero   RW            1    STACK               startup_stm32f429xx.o


==============================================================================

Image component sizes


      Code (inc. data)   RO Data    RW Data    ZI Data      Debug   Object Name

       724         44         72         48          8       2773   arm.o
       576          0          0          0         84       7740   can.o
      1750         40          0          0        200      10277   can_receive.o
      2548        140          0          0       1480       8527   contorl_two.o
       232          0          0          0          1       1935   control_cylinder.o
        86          0          0          0          8       2680   crc.o
       198          0        512          0          0       1900   crc_ccitt.o
       188          0          0          0          0       3717   dma.o
       590          8          0          0          0       3023   ecpid.o
       498          0          0          0          0       2055   fifo.o
        26          0          0          0        596       3095   freertos.o
       764         60          0          0          0       3152   gom_protocol.o
       126          0          0          0          0       2203   gpio.o
       710          0          0          0      32800       5867   heap_4.o
      1226         56          0          0         64       7072   hi14_driver.o
       448         12          5          1         36       5624   l1_laser.o
       186          0          0          0          0       2343   list.o
       374         12          0          0         64       7015   main.o
      1490          0        512          0        884      15031   modbus.o
      6238        368          0          2        304      26580   mytask.o
       596          4          0          0          0       2895   pid.o
       900         16          0          4          8       4368   port.o
       844         44          0          0       1084       4035   r2006.o
       918          6          0          0       1250       6757   ros_uart.o
        36          8        428          0       1024        832   startup_stm32f429xx.o
        92          0          0          8          4       7704   stm32f4xx_hal.o
      1732          6          0          0          0      14058   stm32f4xx_hal_can.o
       194          0          0          0          0      10884   stm32f4xx_hal_cortex.o
        46          0          0          0          0       3554   stm32f4xx_hal_crc.o
      1150          6          8          0          0      10569   stm32f4xx_hal_dma.o
       434          0          0          0          0       5476   stm32f4xx_hal_gpio.o
        66          0          0          0          0       3734   stm32f4xx_hal_msp.o
       122          0          0          0          0       4650   stm32f4xx_hal_pwr_ex.o
      1544          4          0          0          0       7618   stm32f4xx_hal_rcc.o
       918          0          0          0          0      58482   stm32f4xx_hal_tim.o
         4          0          0          0          0      21929   stm32f4xx_hal_tim_ex.o
       178          0          0          0         72       7458   stm32f4xx_hal_timebase_tim.o
      4714          0          0          0          0      32797   stm32f4xx_hal_uart.o
       236          0          0          0          0       8476   stm32f4xx_it.o
        18          0         24          4          0       2637   system_stm32f4xx.o
      2208          8          0          0        300      29964   tasks.o
       538          8          0          0        428       4731   unitree.o
       420          0          0          0         12       5386   usart-x.o
      1400          0          0          0       1128       9117   usart.o

    ----------------------------------------------------------------------
     38516        850       1596         72      41852     390720   Object Totals
         0          0         32          0          0          0   (incl. Generated)
       230          0          3          5         13          0   (incl. Padding)

    ----------------------------------------------------------------------

      Code (inc. data)   RO Data    RW Data    ZI Data      Debug   Library Member Name

       336         56          0          0          0        136   cosf.o
       176          0          0          0          0        168   fmodf.o
        22          6          0          0          0        232   funder.o
       340         24         32          0          0        160   rredf.o
         0          0          0          0          0          0   entry.o
         0          0          0          0          0          0   entry10a.o
         0          0          0          0          0          0   entry11a.o
         8          4          0          0          0          0   entry2.o
         4          0          0          0          0          0   entry5.o
         0          0          0          0          0          0   entry7b.o
         0          0          0          0          0          0   entry8b.o
         8          4          0          0          0          0   entry9a.o
        12          6          0          4          0         68   errno.o
        30          0          0          0          0          0   handlers.o
        48         10          0          0          0         68   init.o
         0          0          0          0          0          0   iusefp.o
        30          0          0          0          0         68   llshl.o
        32          0          0          0          0         68   llushr.o
        36          0          0          0          0         68   memcpya.o
        36          0          0          0          0        108   memseta.o
        98          0          0          0          0         92   uldiv.o
       110          0          0          0          0        168   fepilogue.o
        82          0          0          0          0         96   frem.o

    ----------------------------------------------------------------------
      1416        110         32          4          0       1500   Library Totals
         8          0          0          0          0          0   (incl. Padding)

    ----------------------------------------------------------------------

      Code (inc. data)   RO Data    RW Data    ZI Data      Debug   Library Name

       874         86         32          0          0        696   m_wm.l
       342         24          0          4          0        540   mc_w.l
       192          0          0          0          0        264   mf_w.l

    ----------------------------------------------------------------------
      1416        110         32          4          0       1500   Library Totals

    ----------------------------------------------------------------------

==============================================================================


      Code (inc. data)   RO Data    RW Data    ZI Data      Debug   

     39932        960       1628         76      41852     390872   Grand Totals
     39932        960       1628         76      41852     390872   ELF Image Totals
     39932        960       1628         76          0          0   ROM Totals

==============================================================================

    Total RO  Size (Code + RO Data)                41560 (  40.59kB)
    Total RW  Size (RW Data + ZI Data)             41928 (  40.95kB)
    Total ROM Size (Code + RO Data + RW Data)      41636 (  40.66kB)

==============================================================================

