Component: Arm Compiler for Embedded 6.24 Tool: armlink [5f371500]

==============================================================================

Section Cross References

    startup_stm32f429xx.o(RESET) refers to startup_stm32f429xx.o(STACK) for __initial_sp
    startup_stm32f429xx.o(RESET) refers to startup_stm32f429xx.o(.text) for Reset_Handler
    startup_stm32f429xx.o(RESET) refers to stm32f4xx_it.o(.text.NMI_Handler) for NMI_Handler
    startup_stm32f429xx.o(RESET) refers to stm32f4xx_it.o(.text.HardFault_Handler) for HardFault_Handler
    startup_stm32f429xx.o(RESET) refers to stm32f4xx_it.o(.text.MemManage_Handler) for MemManage_Handler
    startup_stm32f429xx.o(RESET) refers to stm32f4xx_it.o(.text.BusFault_Handler) for BusFault_Handler
    startup_stm32f429xx.o(RESET) refers to stm32f4xx_it.o(.text.UsageFault_Handler) for UsageFault_Handler
    startup_stm32f429xx.o(RESET) refers to port.o(.text.SVC_Handler) for SVC_Handler
    startup_stm32f429xx.o(RESET) refers to stm32f4xx_it.o(.text.DebugMon_Handler) for DebugMon_Handler
    startup_stm32f429xx.o(RESET) refers to port.o(.text.PendSV_Handler) for PendSV_Handler
    startup_stm32f429xx.o(RESET) refers to port.o(.text.SysTick_Handler) for SysTick_Handler
    startup_stm32f429xx.o(RESET) refers to stm32f4xx_it.o(.text.DMA1_Stream1_IRQHandler) for DMA1_Stream1_IRQHandler
    startup_stm32f429xx.o(RESET) refers to stm32f4xx_it.o(.text.DMA1_Stream3_IRQHandler) for DMA1_Stream3_IRQHandler
    startup_stm32f429xx.o(RESET) refers to stm32f4xx_it.o(.text.CAN1_RX0_IRQHandler) for CAN1_RX0_IRQHandler
    startup_stm32f429xx.o(RESET) refers to stm32f4xx_it.o(.text.USART1_IRQHandler) for USART1_IRQHandler
    startup_stm32f429xx.o(RESET) refers to stm32f4xx_it.o(.text.USART3_IRQHandler) for USART3_IRQHandler
    startup_stm32f429xx.o(RESET) refers to stm32f4xx_it.o(.text.TIM6_DAC_IRQHandler) for TIM6_DAC_IRQHandler
    startup_stm32f429xx.o(RESET) refers to stm32f4xx_it.o(.text.DMA2_Stream2_IRQHandler) for DMA2_Stream2_IRQHandler
    startup_stm32f429xx.o(RESET) refers to stm32f4xx_it.o(.text.CAN2_RX0_IRQHandler) for CAN2_RX0_IRQHandler
    startup_stm32f429xx.o(RESET) refers to stm32f4xx_it.o(.text.DMA2_Stream7_IRQHandler) for DMA2_Stream7_IRQHandler
    startup_stm32f429xx.o(.text) refers to system_stm32f4xx.o(.text.SystemInit) for SystemInit
    startup_stm32f429xx.o(.text) refers to entry.o(.ARM.Collect$$$$00000000) for __main
    main.o(.text.main) refers to stm32f4xx_hal.o(.text.HAL_Init) for HAL_Init
    main.o(.text.main) refers to main.o(.text.SystemClock_Config) for SystemClock_Config
    main.o(.text.main) refers to gpio.o(.text.MX_GPIO_Init) for MX_GPIO_Init
    main.o(.text.main) refers to dma.o(.text.MX_DMA_Init) for MX_DMA_Init
    main.o(.text.main) refers to can.o(.text.MX_CAN1_Init) for MX_CAN1_Init
    main.o(.text.main) refers to can.o(.text.MX_CAN2_Init) for MX_CAN2_Init
    main.o(.text.main) refers to usart.o(.text.MX_USART1_UART_Init) for MX_USART1_UART_Init
    main.o(.text.main) refers to usart.o(.text.MX_USART2_UART_Init) for MX_USART2_UART_Init
    main.o(.text.main) refers to usart.o(.text.MX_USART3_UART_Init) for MX_USART3_UART_Init
    main.o(.text.main) refers to sbus.o(.text.SBUS_Start_DMA) for SBUS_Start_DMA
    main.o(.text.main) refers to hi14_driver.o(.text.HI14_Init) for HI14_Init
    main.o(.text.main) refers to mytask.o(.bss..L_MergedGlobals) for StartTask_Handler
    main.o(.text.main) refers to mytask.o(.text.start_task) for start_task
    main.o(.text.main) refers to tasks.o(.text.xTaskCreate) for xTaskCreate
    main.o(.text.main) refers to tasks.o(.text.vTaskStartScheduler) for vTaskStartScheduler
    main.o(.ARM.exidx.text.main) refers to main.o(.text.main) for [Anonymous Symbol]
    main.o(.text.SystemClock_Config) refers to memseta.o(.text) for __aeabi_memclr4
    main.o(.text.SystemClock_Config) refers to stm32f4xx_hal_rcc.o(.text.HAL_RCC_OscConfig) for HAL_RCC_OscConfig
    main.o(.text.SystemClock_Config) refers to stm32f4xx_hal_pwr_ex.o(.text.HAL_PWREx_EnableOverDrive) for HAL_PWREx_EnableOverDrive
    main.o(.text.SystemClock_Config) refers to stm32f4xx_hal_rcc.o(.text.HAL_RCC_ClockConfig) for HAL_RCC_ClockConfig
    main.o(.ARM.exidx.text.SystemClock_Config) refers to main.o(.text.SystemClock_Config) for [Anonymous Symbol]
    main.o(.ARM.exidx.text.Error_Handler) refers to main.o(.text.Error_Handler) for [Anonymous Symbol]
    main.o(.text.HAL_TIM_PeriodElapsedCallback) refers to stm32f4xx_hal.o(.text.HAL_IncTick) for HAL_IncTick
    main.o(.ARM.exidx.text.HAL_TIM_PeriodElapsedCallback) refers to main.o(.text.HAL_TIM_PeriodElapsedCallback) for [Anonymous Symbol]
    gpio.o(.text.MX_GPIO_Init) refers to stm32f4xx_hal_gpio.o(.text.HAL_GPIO_Init) for HAL_GPIO_Init
    gpio.o(.ARM.exidx.text.MX_GPIO_Init) refers to gpio.o(.text.MX_GPIO_Init) for [Anonymous Symbol]
    freertos.o(.text.vApplicationGetIdleTaskMemory) refers to freertos.o(.bss.xIdleTaskTCBBuffer) for xIdleTaskTCBBuffer
[...]
    [Anonymous Symbol]                       0x080062bc   Section        0  stm32f4xx_hal_uart.o(.text.UART_DMATransmitCplt)
    UART_DMATxHalfCplt                       0x0800636d   Thumb Code     6  stm32f4xx_hal_uart.o(.text.UART_DMATxHalfCplt)
    [Anonymous Symbol]                       0x0800636c   Section        0  stm32f4xx_hal_uart.o(.text.UART_DMATxHalfCplt)
    UART_Receive_IT                          0x08006375   Thumb Code   254  stm32f4xx_hal_uart.o(.text.UART_Receive_IT)
    [Anonymous Symbol]                       0x08006374   Section        0  stm32f4xx_hal_uart.o(.text.UART_Receive_IT)
    UART_SetConfig                           0x08006475   Thumb Code   230  stm32f4xx_hal_uart.o(.text.UART_SetConfig)
    [Anonymous Symbol]                       0x08006474   Section        0  stm32f4xx_hal_uart.o(.text.UART_SetConfig)
    [Anonymous Symbol]                       0x0800655c   Section        0  stm32f4xx_it.o(.text.USART1_IRQHandler)
    [Anonymous Symbol]                       0x0800657c   Section        0  stm32f4xx_it.o(.text.USART3_IRQHandler)
    [Anonymous Symbol]                       0x08006588   Section        0  stm32f4xx_it.o(.text.UsageFault_Handler)
    [Anonymous Symbol]                       0x0800658c   Section        0  sbus.o(.text.YS_IRTM_Send)
    [Anonymous Symbol]                       0x080065b8   Section        0  mytask.o(.text.imu_task)
    [Anonymous Symbol]                       0x08006794   Section        0  main.o(.text.main)
    modbus_send_frame                        0x080067f9   Thumb Code   302  modbus.o(.text.modbus_send_frame)
    [Anonymous Symbol]                       0x080067f8   Section        0  modbus.o(.text.modbus_send_frame)
    [Anonymous Symbol]                       0x08006928   Section        0  mytask.o(.text.motor_CHASSIS_task)
    prvAddNewTaskToReadyList                 0x08006955   Thumb Code   252  tasks.o(.text.prvAddNewTaskToReadyList)
    [Anonymous Symbol]                       0x08006954   Section        0  tasks.o(.text.prvAddNewTaskToReadyList)
    prvIdleTask                              0x08006a51   Thumb Code   134  tasks.o(.text.prvIdleTask)
    [Anonymous Symbol]                       0x08006a50   Section        0  tasks.o(.text.prvIdleTask)
    prvInitialiseNewTask                     0x08006ad9   Thumb Code   244  tasks.o(.text.prvInitialiseNewTask)
    [Anonymous Symbol]                       0x08006ad8   Section        0  tasks.o(.text.prvInitialiseNewTask)
    prvPortStartFirstTask                    0x08006bcd   Thumb Code    34  port.o(.text.prvPortStartFirstTask)
    [Anonymous Symbol]                       0x08006bcc   Section        0  port.o(.text.prvPortStartFirstTask)
    prvTaskExitError                         0x08006bf5   Thumb Code    62  port.o(.text.prvTaskExitError)
    [Anonymous Symbol]                       0x08006bf4   Section        0  port.o(.text.prvTaskExitError)
    [Anonymous Symbol]                       0x08006c34   Section        0  heap_4.o(.text.pvPortMalloc)
    [Anonymous Symbol]                       0x08006e1c   Section        0  port.o(.text.pxPortInitialiseStack)
    [Anonymous Symbol]                       0x08006e40   Section        0  sbus.o(.text.sbus_loop)
    [Anonymous Symbol]                       0x08006e44   Section        0  mytask.o(.text.start_task)
    [Anonymous Symbol]                       0x08006f14   Section        0  list.o(.text.uxListRemove)
    [Anonymous Symbol]                       0x08006f38   Section        0  freertos.o(.text.vApplicationGetIdleTaskMemory)
    [Anonymous Symbol]                       0x08006f54   Section        0  list.o(.text.vListInitialise)
    [Anonymous Symbol]                       0x08006f6c   Section        0  list.o(.text.vListInitialiseItem)
    [Anonymous Symbol]                       0x08006f74   Section        0  list.o(.text.vListInsert)
    [Anonymous Symbol]                       0x08006fd8   Section        0  list.o(.text.vListInsertEnd)
    vPortEnableVFP                           0x08006ff5   Thumb Code    14  port.o(.text.vPortEnableVFP)
    [Anonymous Symbol]                       0x08006ff4   Section        0  port.o(.text.vPortEnableVFP)
    [Anonymous Symbol]                       0x08007008   Section        0  port.o(.text.vPortEnterCritical)
    [Anonymous Symbol]                       0x08007050   Section        0  port.o(.text.vPortExitCritical)
    [Anonymous Symbol]                       0x08007080   Section        0  heap_4.o(.text.vPortFree)
    [Anonymous Symbol]                       0x08007160   Section        0  port.o(.text.vPortSetupTimerInterrupt)
    [Anonymous Symbol]                       0x08007194   Section        0  tasks.o(.text.vTaskDelay)
    [Anonymous Symbol]                       0x08007234   Section        0  tasks.o(.text.vTaskDelayUntil)
    [Anonymous Symbol]                       0x08007314   Section        0  tasks.o(.text.vTaskDelete)
    [Anonymous Symbol]                       0x0800741c   Section        0  tasks.o(.text.vTaskStartScheduler)
    [Anonymous Symbol]                       0x080074e8   Section        0  tasks.o(.text.vTaskSuspendAll)
    [Anonymous Symbol]                       0x080074f8   Section        0  tasks.o(.text.vTaskSwitchContext)
    [Anonymous Symbol]                       0x08007568   Section        0  port.o(.text.xPortStartScheduler)
    [Anonymous Symbol]                       0x080076f0   Section        0  tasks.o(.text.xTaskCreate)
    [Anonymous Symbol]                       0x08007750   Section        0  tasks.o(.text.xTaskGetTickCount)
    [Anonymous Symbol]                       0x0800775c   Section        0  tasks.o(.text.xTaskIncrementTick)
    [Anonymous Symbol]                       0x08007864   Section        0  tasks.o(.text.xTaskResumeAll)
    [Anonymous Symbol]                       0x08007950   Section        0  mytask.o(.text.yaokong_task)
    __arm_cp.3_15                            0x080079c0   Number         4  mytask.o(.text.yaokong_task)
    __arm_cp.3_16                            0x08007d54   Number         4  mytask.o(.text.yaokong_task)
    __arm_cp.3_17                            0x08007d58   Number         4  mytask.o(.text.yaokong_task)
    __arm_cp.3_18                            0x08007d5c   Number         4  mytask.o(.text.yaokong_task)
    __arm_cp.3_19                            0x08007d60   Number         4  mytask.o(.text.yaokong_task)
    i.__scatterload_copy                     0x08007df8   Section       14  handlers.o(i.__scatterload_copy)
    i.__scatterload_null                     0x08007e06   Section        2  handlers.o(i.__scatterload_null)
    i.__scatterload_zeroinit                 0x08007e08   Section       14  handlers.o(i.__scatterload_zeroinit)
    DMA_CalcBaseAndBitshift.flagBitshiftOffset 0x08007e2e   Data           8  stm32f4xx_hal_dma.o(.rodata.cst8)
    [Anonymous Symbol]                       0x08007e2e   Section        0  stm32f4xx_hal_dma.o(.rodata.cst8)
    modbus_crc16_table                       0x08007e36   Data         512  modbus.o(.rodata.modbus_crc16_table)
    [Anonymous Symbol]                       0x08007e36   Section        0  modbus.o(.rodata.modbus_crc16_table)
    .L_MergedGlobals                         0x20000000   Data           8  stm32f4xx_hal.o(.data..L_MergedGlobals)
    [Anonymous Symbol]                       0x20000000   Section        0  stm32f4xx_hal.o(.data..L_MergedGlobals)
    .L_MergedGlobals                         0x20000008   Data          38  sbus.o(.data..L_MergedGlobals)
    [Anonymous Symbol]                       0x20000008   Section        0  sbus.o(.data..L_MergedGlobals)
    uxCriticalNesting                        0x20000034   Data           4  port.o(.data.uxCriticalNesting)
    [Anonymous Symbol]                       0x20000034   Section        0  port.o(.data.uxCriticalNesting)
    .L_MergedGlobals                         0x20000038   Data         120  tasks.o(.bss..L_MergedGlobals)
    [Anonymous Symbol]                       0x20000038   Section        0  tasks.o(.bss..L_MergedGlobals)
    uxTopReadyPriority                       0x2000003c   Data           4  tasks.o(.bss..L_MergedGlobals)
    uxTaskNumber                             0x20000040   Data           4  tasks.o(.bss..L_MergedGlobals)
    uxDeletedTasksWaitingCleanUp             0x20000044   Data           4  tasks.o(.bss..L_MergedGlobals)
    uxCurrentNumberOfTasks                   0x20000048   Data           4  tasks.o(.bss..L_MergedGlobals)
    xSchedulerRunning                        0x2000004c   Data           4  tasks.o(.bss..L_MergedGlobals)
    uxSchedulerSuspended                     0x20000050   Data           4  tasks.o(.bss..L_MergedGlobals)
    xTickCount                               0x20000054   Data           4  tasks.o(.bss..L_MergedGlobals)
    xIdleTaskHandle                          0x20000058   Data           4  tasks.o(.bss..L_MergedGlobals)
    xNextTaskUnblockTime                     0x2000005c   Data           4  tasks.o(.bss..L_MergedGlobals)
    xYieldPending                            0x20000060   Data           4  tasks.o(.bss..L_MergedGlobals)
    xPendedTicks                             0x20000064   Data           4  tasks.o(.bss..L_MergedGlobals)
    pxDelayedTaskList                        0x20000068   Data           4  tasks.o(.bss..L_MergedGlobals)
    pxOverflowDelayedTaskList                0x2000006c   Data           4  tasks.o(.bss..L_MergedGlobals)
    xNumOfOverflows                          0x20000070   Data           4  tasks.o(.bss..L_MergedGlobals)
    xTasksWaitingTermination                 0x20000074   Data          20  tasks.o(.bss..L_MergedGlobals)
    xSuspendedTaskList                       0x20000088   Data          20  tasks.o(.bss..L_MergedGlobals)
    xPendingReadyList                        0x2000009c   Data          20  tasks.o(.bss..L_MergedGlobals)
    .L_MergedGlobals                         0x200000b0   Data          32  heap_4.o(.bss..L_MergedGlobals)
    xBlockAllocatedBit                       0x200000b0   Data           1  heap_4.o(.bss..L_MergedGlobals)
    [Anonymous Symbol]                       0x200000b0   Section        0  heap_4.o(.bss..L_MergedGlobals)
    pxEnd                                    0x200000b4   Data           4  heap_4.o(.bss..L_MergedGlobals)
    xFreeBytesRemaining                      0x200000b8   Data           4  heap_4.o(.bss..L_MergedGlobals)
    xMinimumEverFreeBytesRemaining           0x200000bc   Data           4  heap_4.o(.bss..L_MergedGlobals)
    xNumberOfSuccessfulAllocations           0x200000c0   Data           4  heap_4.o(.bss..L_MergedGlobals)
    xNumberOfSuccessfulFrees                 0x200000c4   Data           4  heap_4.o(.bss..L_MergedGlobals)
    xStart                                   0x200000c8   Data           8  heap_4.o(.bss..L_MergedGlobals)
    .L_MergedGlobals                         0x200000d0   Data           8  port.o(.bss..L_MergedGlobals)
    ucMaxSysCallPriority                     0x200000d0   Data           1  port.o(.bss..L_MergedGlobals)
    [Anonymous Symbol]                       0x200000d0   Section        0  port.o(.bss..L_MergedGlobals)
    ulMaxPRIGROUPValue                       0x200000d4   Data           4  port.o(.bss..L_MergedGlobals)
    .L_MergedGlobals                         0x200000d8   Data         104  can_receive.o(.bss..L_MergedGlobals)
    [Anonymous Symbol]                       0x200000d8   Section        0  can_receive.o(.bss..L_MergedGlobals)
    chassis_wheel_can_send_data              0x200000e0   Data           8  can_receive.o(.bss..L_MergedGlobals)
    Lift_su_motor_can_send_data              0x200000e8   Data           8  can_receive.o(.bss..L_MergedGlobals)
    GT_ID_can2_send_data                     0x200000f0   Data           8  can_receive.o(.bss..L_MergedGlobals)
    chassis_wheel_tx_message                 0x200000f8   Data          24  can_receive.o(.bss..L_MergedGlobals)
    Lift_su_motor_tx_message                 0x20000110   Data          24  can_receive.o(.bss..L_MergedGlobals)
    CAN2_GT_ID_tx_message                    0x20000128   Data          24  can_receive.o(.bss..L_MergedGlobals)
    .L_MergedGlobals                         0x20000140   Data           6  control_cylinder.o(.bss..L_MergedGlobals)
    lift_saved                               0x20000140   Data           1  control_cylinder.o(.bss..L_MergedGlobals)
    [Anonymous Symbol]                       0x20000140   Section        0  control_cylinder.o(.bss..L_MergedGlobals)
    cylinder_state                           0x20000141   Data           5  control_cylinder.o(.bss..L_MergedGlobals)
    .L_MergedGlobals                         0x20000148   Data          12  grip_turnd.o(.bss..L_MergedGlobals)
    GT_Control.GT_first_run                  0x20000148   Data           1  grip_turnd.o(.bss..L_MergedGlobals)
    [Anonymous Symbol]                       0x20000148   Section        0  grip_turnd.o(.bss..L_MergedGlobals)
    GT_Control.GT_init_angle.0               0x2000014c   Data           4  grip_turnd.o(.bss..L_MergedGlobals)
    GT_Control.GT_init_angle.1               0x20000150   Data           4  grip_turnd.o(.bss..L_MergedGlobals)
    .L_MergedGlobals                         0x20000154   Data          36  lift_sucker.o(.bss..L_MergedGlobals)
    inited                                   0x20000154   Data           1  lift_sucker.o(.bss..L_MergedGlobals)
    [Anonymous Symbol]                       0x20000154   Section        0  lift_sucker.o(.bss..L_MergedGlobals)
    was_active                               0x20000155   Data           1  lift_sucker.o(.bss..L_MergedGlobals)
    calib_done                               0x20000156   Data           1  lift_sucker.o(.bss..L_MergedGlobals)
    sucker_i_att                             0x20000157   Data           1  lift_sucker.o(.bss..L_MergedGlobals)
    lift_delta                               0x20000160   Data           4  lift_sucker.o(.bss..L_MergedGlobals)
    sucker_delta                             0x20000164   Data           4  lift_sucker.o(.bss..L_MergedGlobals)
    sucker_target                            0x20000168   Data           4  lift_sucker.o(.bss..L_MergedGlobals)
    m0_lock                                  0x2000016c   Data           4  lift_sucker.o(.bss..L_MergedGlobals)
    m1_lock                                  0x20000170   Data           4  lift_sucker.o(.bss..L_MergedGlobals)
    sync_offset                              0x20000174   Data           4  lift_sucker.o(.bss..L_MergedGlobals)
    .L_MergedGlobals                         0x20000178   Data         104  omin.o(.bss..L_MergedGlobals)
    speed_filt.0                             0x20000178   Data           4  omin.o(.bss..L_MergedGlobals)
    [Anonymous Symbol]                       0x20000178   Section        0  omin.o(.bss..L_MergedGlobals)
    speed_filt.1                             0x2000017c   Data           4  omin.o(.bss..L_MergedGlobals)
    speed_filt.2                             0x20000180   Data           4  omin.o(.bss..L_MergedGlobals)
    ramp_vx                                  0x20000184   Data           4  omin.o(.bss..L_MergedGlobals)
    ramp_vy                                  0x20000188   Data           4  omin.o(.bss..L_MergedGlobals)
    ramp_vw                                  0x2000018c   Data           4  omin.o(.bss..L_MergedGlobals)
    .L_MergedGlobals                         0x200001e0   Data          96  mytask.o(.bss..L_MergedGlobals)
    [Anonymous Symbol]                       0x200001e0   Section        0  mytask.o(.bss..L_MergedGlobals)
    yaokong_task.last_how                    0x200001e3   Data           1  mytask.o(.bss..L_MergedGlobals)
    How_task.last_ys_send                    0x200001f8   Data           4  mytask.o(.bss..L_MergedGlobals)
    imu_task.cmd_z_ramp                      0x20000204   Data           4  mytask.o(.bss..L_MergedGlobals)
    .L_MergedGlobals                         0x20000240   Data          64  hi14_driver.o(.bss..L_MergedGlobals)
    [Anonymous Symbol]                       0x20000240   Section        0  hi14_driver.o(.bss..L_MergedGlobals)
    s_filter_first                           0x20000241   Data           1  hi14_driver.o(.bss..L_MergedGlobals)
    s_initialized                            0x20000242   Data           1  hi14_driver.o(.bss..L_MergedGlobals)
    s_roll_filtered                          0x20000244   Data           4  hi14_driver.o(.bss..L_MergedGlobals)
    s_pitch_filtered                         0x20000248   Data           4  hi14_driver.o(.bss..L_MergedGlobals)
    s_yaw_filtered                           0x2000024c   Data           4  hi14_driver.o(.bss..L_MergedGlobals)
    Mecanum_HeadingCorrection.last_error     0x20000250   Data           4  hi14_driver.o(.bss..L_MergedGlobals)
    Mecanum_HeadingCorrection.integral       0x20000254   Data           4  hi14_driver.o(.bss..L_MergedGlobals)
    .L_MergedGlobals.1                       0x20000280   Data         104  can_receive.o(.bss..L_MergedGlobals.1)
    [Anonymous Symbol]                       0x20000280   Section        0  can_receive.o(.bss..L_MergedGlobals.1)
    .L_MergedGlobals.1                       0x200002e8   Data          85  sbus.o(.bss..L_MergedGlobals.1)
    [Anonymous Symbol]                       0x200002e8   Section        0  sbus.o(.bss..L_MergedGlobals.1)
    sbus_tx_busy                             0x200002eb   Data           1  sbus.o(.bss..L_MergedGlobals.1)
    sbus_tx_head                             0x200002ec   Data           2  sbus.o(.bss..L_MergedGlobals.1)
    sbus_tx_tail                             0x200002ee   Data           2  sbus.o(.bss..L_MergedGlobals.1)
    sbus_tx_dma_len                          0x200002f0   Data           2  sbus.o(.bss..L_MergedGlobals.1)
    sbus_dma_buf                             0x20000324   Data          25  sbus.o(.bss..L_MergedGlobals.1)
    .L_MergedGlobals.2                       0x20000340   Data          40  tasks.o(.bss..L_MergedGlobals.2)
    xDelayedTaskList1                        0x20000340   Data          20  tasks.o(.bss..L_MergedGlobals.2)
    [Anonymous Symbol]                       0x20000340   Section        0  tasks.o(.bss..L_MergedGlobals.2)
    xDelayedTaskList2                        0x20000354   Data          20  tasks.o(.bss..L_MergedGlobals.2)
    HAL_RCC_CAN1_CLK_ENABLED                 0x20000588   Data           4  can.o(.bss.HAL_RCC_CAN1_CLK_ENABLED)
    [Anonymous Symbol]                       0x20000588   Section        0  can.o(.bss.HAL_RCC_CAN1_CLK_ENABLED)
    pxReadyTasksLists                        0x200012ec   Data         140  tasks.o(.bss.pxReadyTasksLists)
    [Anonymous Symbol]                       0x200012ec   Section        0  tasks.o(.bss.pxReadyTasksLists)
    sbus_tx_buf                              0x20001378   Data         256  sbus.o(.bss.sbus_tx_buf)
    [Anonymous Symbol]                       0x20001378   Section        0  sbus.o(.bss.sbus_tx_buf)
    ucHeap                                   0x20001478   Data       32768  heap_4.o(.bss.ucHeap)
    [Anonymous Symbol]                       0x20001478   Section        0  heap_4.o(.bss.ucHeap)
    xIdleStack                               0x2000947c   Data         512  freertos.o(.bss.xIdleStack)
    [Anonymous Symbol]                       0x2000947c   Section        0  freertos.o(.bss.xIdleStack)
    xIdleTaskTCBBuffer                       0x2000967c   Data          84  freertos.o(.bss.xIdleTaskTCBBuffer)
    [Anonymous Symbol]                       0x2000967c   Section        0  freertos.o(.bss.xIdleTaskTCBBuffer)
    STACK                                    0x200096d0   Section     1024  startup_stm32f429xx.o(STACK)

    Global Symbols

    Symbol Name                              Value     Ov Type        Size  Object(Section)

    BuildAttributes$$THM_ISAv4$E$P$D$K$B$S$7EM$VFPi3$EXTD16$VFPS$VFMA$PE$A:L22UL41UL21$X:L11$S22US41US21$IEEE1$IW$~IW$USESV6$~STKCKD$USESV7$~SHL$OTIME$EBA8$MICROLIB$REQ8$PRES8$EABIv2 0x00000000   Number         0  anon$$obj.o ABSOLUTE
    __cpp_initialize__aeabi_                  - Undefined Weak Reference
    __cxa_finalize                            - Undefined Weak Reference
    __decompress                              - Undefined Weak Reference
    _clock_init                               - Undefined Weak Reference
    _microlib_exit                            - Undefined Weak Reference
    __Vectors_Size                           0x000001ac   Number         0  startup_stm32f429xx.o ABSOLUTE
    __Vectors                                0x08000000   Data           4  startup_stm32f429xx.o(RESET)
    __Vectors_End                            0x080001ac   Data           0  startup_stm32f429xx.o(RESET)
    __main                                   0x080001ad   Thumb Code     0  entry.o(.ARM.Collect$$$$00000000)
    _main_stk                                0x080001ad   Thumb Code     0  entry2.o(.ARM.Collect$$$$00000001)
    _main_scatterload                        0x080001b1   Thumb Code     0  entry5.o(.ARM.Collect$$$$00000004)
    __main_after_scatterload                 0x080001b5   Thumb Code     0  entry5.o(.ARM.Collect$$$$00000004)
    _main_clock                              0x080001b5   Thumb Code     0  entry7b.o(.ARM.Collect$$$$00000008)
    _main_cpp_init                           0x080001b5   Thumb Code     0  entry8b.o(.ARM.Collect$$$$0000000A)
    _main_init                               0x080001b5   Thumb Code     0  entry9a.o(.ARM.Collect$$$$0000000B)
    __rt_final_cpp                           0x080001bd   Thumb Code     0  entry10a.o(.ARM.Collect$$$$0000000D)
    __rt_final_exit                          0x080001bd   Thumb Code     0  entry11a.o(.ARM.Collect$$$$0000000F)
    Reset_Handler                            0x080001c1   Thumb Code     8  startup_stm32f429xx.o(.text)
    ADC_IRQHandler                           0x080001db   Thumb Code     0  startup_stm32f429xx.o(.text)
    CAN1_RX1_IRQHandler                      0x080001db   Thumb Code     0  startup_stm32f429xx.o(.text)
    CAN1_SCE_IRQHandler                      0x080001db   Thumb Code     0  startup_stm32f429xx.o(.text)
    CAN1_TX_IRQHandler                       0x080001db   Thumb Code     0  startup_stm32f429xx.o(.text)
    CAN2_RX1_IRQHandler                      0x080001db   Thumb Code     0  startup_stm32f429xx.o(.text)
    CAN2_SCE_IRQHandler                      0x080001db   Thumb Code     0  startup_stm32f429xx.o(.text)
    CAN2_TX_IRQHandler                       0x080001db   Thumb Code     0  startup_stm32f429xx.o(.text)
    DCMI_IRQHandler                          0x080001db   Thumb Code     0  startup_stm32f429xx.o(.text)
    DMA1_Stream0_IRQHandler                  0x080001db   Thumb Code     0  startup_stm32f429xx.o(.text)
    DMA1_Stream2_IRQHandler                  0x080001db   Thumb Code     0  startup_stm32f429xx.o(.text)
    DMA1_Stream4_IRQHandler                  0x080001db   Thumb Code     0  startup_stm32f429xx.o(.text)
    DMA1_Stream5_IRQHandler                  0x080001db   Thumb Code     0  startup_stm32f429xx.o(.text)
    DMA1_Stream6_IRQHandler                  0x080001db   Thumb Code     0  startup_stm32f429xx.o(.text)
    DMA1_Stream7_IRQHandler                  0x080001db   Thumb Code     0  startup_stm32f429xx.o(.text)
    DMA2D_IRQHandler                         0x080001db   Thumb Code     0  startup_stm32f429xx.o(.text)
    DMA2_Stream0_IRQHandler                  0x080001db   Thumb Code     0  startup_stm32f429xx.o(.text)
    DMA2_Stream1_IRQHandler                  0x080001db   Thumb Code     0  startup_stm32f429xx.o(.text)
    DMA2_Stream3_IRQHandler                  0x080001db   Thumb Code     0  startup_stm32f429xx.o(.text)
    DMA2_Stream4_IRQHandler                  0x080001db   Thumb Code     0  startup_stm32f429xx.o(.text)
    DMA2_Stream5_IRQHandler                  0x080001db   Thumb Code     0  startup_stm32f429xx.o(.text)
    DMA2_Stream6_IRQHandler                  0x080001db   Thumb Code     0  startup_stm32f429xx.o(.text)
    ETH_IRQHandler                           0x080001db   Thumb Code     0  startup_stm32f429xx.o(.text)
    ETH_WKUP_IRQHandler                      0x080001db   Thumb Code     0  startup_stm32f429xx.o(.text)
    EXTI0_IRQHandler                         0x080001db   Thumb Code     0  startup_stm32f429xx.o(.text)
    EXTI15_10_IRQHandler                     0x080001db   Thumb Code     0  startup_stm32f429xx.o(.text)
    EXTI1_IRQHandler                         0x080001db   Thumb Code     0  startup_stm32f429xx.o(.text)
    EXTI2_IRQHandler                         0x080001db   Thumb Code     0  startup_stm32f429xx.o(.text)
    EXTI3_IRQHandler                         0x080001db   Thumb Code     0  startup_stm32f429xx.o(.text)
    EXTI4_IRQHandler                         0x080001db   Thumb Code     0  startup_stm32f429xx.o(.text)
    EXTI9_5_IRQHandler                       0x080001db   Thumb Code     0  startup_stm32f429xx.o(.text)
    FLASH_IRQHandler                         0x080001db   Thumb Code     0  startup_stm32f429xx.o(.text)
    FMC_IRQHandler                           0x080001db   Thumb Code     0  startup_stm32f429xx.o(.text)
    FPU_IRQHandler                           0x080001db   Thumb Code     0  startup_stm32f429xx.o(.text)
    HASH_RNG_IRQHandler                      0x080001db   Thumb Code     0  startup_stm32f429xx.o(.text)
    I2C1_ER_IRQHandler                       0x080001db   Thumb Code     0  startup_stm32f429xx.o(.text)
    I2C1_EV_IRQHandler                       0x080001db   Thumb Code     0  startup_stm32f429xx.o(.text)
    I2C2_ER_IRQHandler                       0x080001db   Thumb Code     0  startup_stm32f429xx.o(.text)
    I2C2_EV_IRQHandler                       0x080001db   Thumb Code     0  startup_stm32f429xx.o(.text)
    I2C3_ER_IRQHandler                       0x080001db   Thumb Code     0  startup_stm32f429xx.o(.text)
    I2C3_EV_IRQHandler                       0x080001db   Thumb Code     0  startup_stm32f429xx.o(.text)
    LTDC_ER_IRQHandler                       0x080001db   Thumb Code     0  startup_stm32f429xx.o(.text)
    LTDC_IRQHandler                          0x080001db   Thumb Code     0  startup_stm32f429xx.o(.text)
    OTG_FS_IRQHandler                        0x080001db   Thumb Code     0  startup_stm32f429xx.o(.text)
    OTG_FS_WKUP_IRQHandler                   0x080001db   Thumb Code     0  startup_stm32f429xx.o(.text)
    OTG_HS_EP1_IN_IRQHandler                 0x080001db   Thumb Code     0  startup_stm32f429xx.o(.text)
    OTG_HS_EP1_OUT_IRQHandler                0x080001db   Thumb Code     0  startup_stm32f429xx.o(.text)
    OTG_HS_IRQHandler                        0x080001db   Thumb Code     0  startup_stm32f429xx.o(.text)
    OTG_HS_WKUP_IRQHandler                   0x080001db   Thumb Code     0  startup_stm32f429xx.o(.text)
    PVD_IRQHandler                           0x080001db   Thumb Code     0  startup_stm32f429xx.o(.text)
    RCC_IRQHandler                           0x080001db   Thumb Code     0  startup_stm32f429xx.o(.text)
    RTC_Alarm_IRQHandler                     0x080001db   Thumb Code     0  startup_stm32f429xx.o(.text)
    RTC_WKUP_IRQHandler                      0x080001db   Thumb Code     0  startup_stm32f429xx.o(.text)
    SAI1_IRQHandler                          0x080001db   Thumb Code     0  startup_stm32f429xx.o(.text)
    SDIO_IRQHandler                          0x080001db   Thumb Code     0  startup_stm32f429xx.o(.text)
    SPI1_IRQHandler                          0x080001db   Thumb Code     0  startup_stm32f429xx.o(.text)
    SPI2_IRQHandler                          0x080001db   Thumb Code     0  startup_stm32f429xx.o(.text)
    SPI3_IRQHandler                          0x080001db   Thumb Code     0  startup_stm32f429xx.o(.text)
    SPI4_IRQHandler                          0x080001db   Thumb Code     0  startup_stm32f429xx.o(.text)
    SPI5_IRQHandler                          0x080001db   Thumb Code     0  startup_stm32f429xx.o(.text)
    SPI6_IRQHandler                          0x080001db   Thumb Code     0  startup_stm32f429xx.o(.text)
    TAMP_STAMP_IRQHandler                    0x080001db   Thumb Code     0  startup_stm32f429xx.o(.text)
    TIM1_BRK_TIM9_IRQHandler                 0x080001db   Thumb Code     0  startup_stm32f429xx.o(.text)
    TIM1_CC_IRQHandler                       0x080001db   Thumb Code     0  startup_stm32f429xx.o(.text)
    TIM1_TRG_COM_TIM11_IRQHandler            0x080001db   Thumb Code     0  startup_stm32f429xx.o(.text)
    TIM1_UP_TIM10_IRQHandler                 0x080001db   Thumb Code     0  startup_stm32f429xx.o(.text)
    TIM2_IRQHandler                          0x080001db   Thumb Code     0  startup_stm32f429xx.o(.text)
    TIM3_IRQHandler                          0x080001db   Thumb Code     0  startup_stm32f429xx.o(.text)
    TIM4_IRQHandler                          0x080001db   Thumb Code     0  startup_stm32f429xx.o(.text)
    TIM5_IRQHandler                          0x080001db   Thumb Code     0  startup_stm32f429xx.o(.text)
    TIM7_IRQHandler                          0x080001db   Thumb Code     0  startup_stm32f429xx.o(.text)
    TIM8_BRK_TIM12_IRQHandler                0x080001db   Thumb Code     0  startup_stm32f429xx.o(.text)
    TIM8_CC_IRQHandler                       0x080001db   Thumb Code     0  startup_stm32f429xx.o(.text)
    TIM8_TRG_COM_TIM14_IRQHandler            0x080001db   Thumb Code     0  startup_stm32f429xx.o(.text)
    TIM8_UP_TIM13_IRQHandler                 0x080001db   Thumb Code     0  startup_stm32f429xx.o(.text)
    UART4_IRQHandler                         0x080001db   Thumb Code     0  startup_stm32f429xx.o(.text)
    UART5_IRQHandler                         0x080001db   Thumb Code     0  startup_stm32f429xx.o(.text)
    UART7_IRQHandler                         0x080001db   Thumb Code     0  startup_stm32f429xx.o(.text)
    UART8_IRQHandler                         0x080001db   Thumb Code     0  startup_stm32f429xx.o(.text)
    USART2_IRQHandler                        0x080001db   Thumb Code     0  startup_stm32f429xx.o(.text)
    USART6_IRQHandler                        0x080001db   Thumb Code     0  startup_stm32f429xx.o(.text)
    WWDG_IRQHandler                          0x080001db   Thumb Code     0  startup_stm32f429xx.o(.text)
    __aeabi_uldivmod                         0x080001e5   Thumb Code    98  uldiv.o(.text)
    __aeabi_memcpy                           0x08000247   Thumb Code    36  memcpya.o(.text)
    __aeabi_memcpy4                          0x08000247   Thumb Code     0  memcpya.o(.text)
    __aeabi_memcpy8                          0x08000247   Thumb Code     0  memcpya.o(.text)
    __aeabi_memset                           0x0800026b   Thumb Code    14  memseta.o(.text)
    __aeabi_memset4                          0x0800026b   Thumb Code     0  memseta.o(.text)
    __aeabi_memset8                          0x0800026b   Thumb Code     0  memseta.o(.text)
    __aeabi_memclr                           0x08000279   Thumb Code     4  memseta.o(.text)
    __aeabi_memclr4                          0x08000279   Thumb Code     0  memseta.o(.text)
    __aeabi_memclr8                          0x08000279   Thumb Code     0  memseta.o(.text)
    _memset$wrapper                          0x0800027d   Thumb Code    18  memseta.o(.text)
    __aeabi_llsl                             0x0800028f   Thumb Code    30  llshl.o(.text)
    _ll_shift_l                              0x0800028f   Thumb Code     0  llshl.o(.text)
    __aeabi_llsr                             0x080002ad   Thumb Code    32  llushr.o(.text)
    _ll_ushift_r                             0x080002ad   Thumb Code     0  llushr.o(.text)
    __scatterload                            0x080002cd   Thumb Code    38  init.o(.text)
    __scatterload_rt2                        0x080002cd   Thumb Code     0  init.o(.text)
    BusFault_Handler                         0x080002fd   Thumb Code     2  stm32f4xx_it.o(.text.BusFault_Handler)
    CAN1_RX0_IRQHandler                      0x08000301   Thumb Code    12  stm32f4xx_it.o(.text.CAN1_RX0_IRQHandler)
    CAN2_RX0_IRQHandler                      0x0800030d   Thumb Code    12  stm32f4xx_it.o(.text.CAN2_RX0_IRQHandler)
    CAN_cmd_GT_motor                         0x08000319   Thumb Code    76  can_receive.o(.text.CAN_cmd_GT_motor)
    CAN_cmd_Lift_su_motor                    0x08000365   Thumb Code    94  can_receive.o(.text.CAN_cmd_Lift_su_motor)
    CAN_cmd_chassis                          0x080003c5   Thumb Code   102  can_receive.o(.text.CAN_cmd_chassis)
    C_AND_GTLS_change                        0x0800042d   Thumb Code    32  mytask.o(.text.C_AND_GTLS_change)
    Cylinder_Control                         0x0800044d   Thumb Code   134  control_cylinder.o(.text.Cylinder_Control)
    Cylinder_Controlx                        0x080004d5   Thumb Code   136  control_cylinder.o(.text.Cylinder_Controlx)
    Cylinder_Init                            0x0800055d   Thumb Code    86  control_cylinder.o(.text.Cylinder_Init)
    DMA1_Stream1_IRQHandler                  0x080005b5   Thumb Code    12  stm32f4xx_it.o(.text.DMA1_Stream1_IRQHandler)
    DMA1_Stream3_IRQHandler                  0x080005c1   Thumb Code    12  stm32f4xx_it.o(.text.DMA1_Stream3_IRQHandler)
    DMA2_Stream2_IRQHandler                  0x080005cd   Thumb Code    12  stm32f4xx_it.o(.text.DMA2_Stream2_IRQHandler)
    DMA2_Stream7_IRQHandler                  0x080005d9   Thumb Code    12  stm32f4xx_it.o(.text.DMA2_Stream7_IRQHandler)
    DebugMon_Handler                         0x080005e5   Thumb Code     2  stm32f4xx_it.o(.text.DebugMon_Handler)
    ECPID_Calc                               0x080005e9   Thumb Code   584  ecpid.o(.text.ECPID_Calc)
    ECPID_clear                              0x08000839   Thumb Code    22  ecpid.o(.text.ECPID_clear)
    ECPID_init                               0x08000851   Thumb Code    54  ecpid.o(.text.ECPID_init)
    Error_Handler                            0x08000889   Thumb Code     6  main.o(.text.Error_Handler)
    GT_Control                               0x08000891   Thumb Code   484  grip_turnd.o(.text.GT_Control)
    GT_Init                                  0x08000a9d   Thumb Code   308  grip_turnd.o(.text.GT_Init)
    HAL_CAN_ActivateNotification             0x08000c05   Thumb Code    46  stm32f4xx_hal_can.o(.text.HAL_CAN_ActivateNotification)
    HAL_CAN_AddTxMessage                     0x08000c35   Thumb Code   164  stm32f4xx_hal_can.o(.text.HAL_CAN_AddTxMessage)
    HAL_CAN_ConfigFilter                     0x08000cd9   Thumb Code   222  stm32f4xx_hal_can.o(.text.HAL_CAN_ConfigFilter)
    HAL_CAN_ErrorCallback                    0x08000db9   Thumb Code    48  can_receive.o(.text.HAL_CAN_ErrorCallback)
    HAL_CAN_GetError                         0x08000de9   Thumb Code     4  stm32f4xx_hal_can.o(.text.HAL_CAN_GetError)
    HAL_CAN_GetRxFifoFillLevel               0x08000ded   Thumb Code    32  stm32f4xx_hal_can.o(.text.HAL_CAN_GetRxFifoFillLevel)
    HAL_CAN_GetRxMessage                     0x08000e0d   Thumb Code   302  stm32f4xx_hal_can.o(.text.HAL_CAN_GetRxMessage)
    HAL_CAN_IRQHandler                       0x08000f3d   Thumb Code   606  stm32f4xx_hal_can.o(.text.HAL_CAN_IRQHandler)
    HAL_CAN_Init                             0x0800119d   Thumb Code   244  stm32f4xx_hal_can.o(.text.HAL_CAN_Init)
    HAL_CAN_MspInit                          0x08001291   Thumb Code   276  can.o(.text.HAL_CAN_MspInit)
    HAL_CAN_RxFifo0FullCallback              0x080013a5   Thumb Code     2  stm32f4xx_hal_can.o(.text.HAL_CAN_RxFifo0FullCallback)
    HAL_CAN_RxFifo0MsgPendingCallback        0x080013a9   Thumb Code  1256  can_receive.o(.text.HAL_CAN_RxFifo0MsgPendingCallback)
    HAL_CAN_RxFifo1FullCallback              0x080018a5   Thumb Code     2  stm32f4xx_hal_can.o(.text.HAL_CAN_RxFifo1FullCallback)
    HAL_CAN_RxFifo1MsgPendingCallback        0x080018a9   Thumb Code     2  stm32f4xx_hal_can.o(.text.HAL_CAN_RxFifo1MsgPendingCallback)
    HAL_CAN_SleepCallback                    0x080018ad   Thumb Code     2  stm32f4xx_hal_can.o(.text.HAL_CAN_SleepCallback)
    HAL_CAN_Start                            0x080018b1   Thumb Code    90  stm32f4xx_hal_can.o(.text.HAL_CAN_Start)
    HAL_CAN_TxMailbox0AbortCallback          0x0800190d   Thumb Code     2  stm32f4xx_hal_can.o(.text.HAL_CAN_TxMailbox0AbortCallback)
    HAL_CAN_TxMailbox0CompleteCallback       0x08001911   Thumb Code     2  stm32f4xx_hal_can.o(.text.HAL_CAN_TxMailbox0CompleteCallback)
    HAL_CAN_TxMailbox1AbortCallback          0x08001915   Thumb Code     2  stm32f4xx_hal_can.o(.text.HAL_CAN_TxMailbox1AbortCallback)
    HAL_CAN_TxMailbox1CompleteCallback       0x08001919   Thumb Code     2  stm32f4xx_hal_can.o(.text.HAL_CAN_TxMailbox1CompleteCallback)
    HAL_CAN_TxMailbox2AbortCallback          0x0800191d   Thumb Code     2  stm32f4xx_hal_can.o(.text.HAL_CAN_TxMailbox2AbortCallback)
    HAL_CAN_TxMailbox2CompleteCallback       0x08001921   Thumb Code     2  stm32f4xx_hal_can.o(.text.HAL_CAN_TxMailbox2CompleteCallback)
    HAL_CAN_WakeUpFromRxMsgCallback          0x08001925   Thumb Code     2  stm32f4xx_hal_can.o(.text.HAL_CAN_WakeUpFromRxMsgCallback)
    HAL_DMA_Abort                            0x08001929   Thumb Code   142  stm32f4xx_hal_dma.o(.text.HAL_DMA_Abort)
    HAL_DMA_Abort_IT                         0x080019b9   Thumb Code    36  stm32f4xx_hal_dma.o(.text.HAL_DMA_Abort_IT)
    HAL_DMA_GetError                         0x080019dd   Thumb Code     4  stm32f4xx_hal_dma.o(.text.HAL_DMA_GetError)
    HAL_DMA_IRQHandler                       0x080019e1   Thumb Code   452  stm32f4xx_hal_dma.o(.text.HAL_DMA_IRQHandler)
    HAL_DMA_Init                             0x08001ba5   Thumb Code   354  stm32f4xx_hal_dma.o(.text.HAL_DMA_Init)
    HAL_DMA_Start_IT                         0x08001d09   Thumb Code   162  stm32f4xx_hal_dma.o(.text.HAL_DMA_Start_IT)
    HAL_GPIO_Init                            0x08001dad   Thumb Code   414  stm32f4xx_hal_gpio.o(.text.HAL_GPIO_Init)
    HAL_GPIO_WritePin                        0x08001f4d   Thumb Code    10  stm32f4xx_hal_gpio.o(.text.HAL_GPIO_WritePin)
    HAL_GetTick                              0x08001f59   Thumb Code    12  stm32f4xx_hal.o(.text.HAL_GetTick)
    HAL_IncTick                              0x08001f65   Thumb Code    26  stm32f4xx_hal.o(.text.HAL_IncTick)
    HAL_Init                                 0x08001f81   Thumb Code    54  stm32f4xx_hal.o(.text.HAL_Init)
    HAL_InitTick                             0x08001fb9   Thumb Code   178  stm32f4xx_hal_timebase_tim.o(.text.HAL_InitTick)
    HAL_MspInit                              0x0800206d   Thumb Code    66  stm32f4xx_hal_msp.o(.text.HAL_MspInit)
    HAL_NVIC_EnableIRQ                       0x080020b1   Thumb Code    34  stm32f4xx_hal_cortex.o(.text.HAL_NVIC_EnableIRQ)
    HAL_NVIC_SetPriority                     0x080020d5   Thumb Code    86  stm32f4xx_hal_cortex.o(.text.HAL_NVIC_SetPriority)
    HAL_NVIC_SetPriorityGrouping             0x0800212d   Thumb Code    32  stm32f4xx_hal_cortex.o(.text.HAL_NVIC_SetPriorityGrouping)
    HAL_PWREx_EnableOverDrive                0x0800214d   Thumb Code   122  stm32f4xx_hal_pwr_ex.o(.text.HAL_PWREx_EnableOverDrive)
    HAL_RCC_ClockConfig                      0x080021c9   Thumb Code   356  stm32f4xx_hal_rcc.o(.text.HAL_RCC_ClockConfig)
    HAL_RCC_GetClockConfig                   0x0800232d   Thumb Code    62  stm32f4xx_hal_rcc.o(.text.HAL_RCC_GetClockConfig)
    HAL_RCC_GetPCLK1Freq                     0x0800236d   Thumb Code    38  stm32f4xx_hal_rcc.o(.text.HAL_RCC_GetPCLK1Freq)
    HAL_RCC_GetPCLK2Freq                     0x08002395   Thumb Code    38  stm32f4xx_hal_rcc.o(.text.HAL_RCC_GetPCLK2Freq)
    HAL_RCC_GetSysClockFreq                  0x080023bd   Thumb Code   110  stm32f4xx_hal_rcc.o(.text.HAL_RCC_GetSysClockFreq)
    HAL_RCC_OscConfig                        0x0800242d   Thumb Code   940  stm32f4xx_hal_rcc.o(.text.HAL_RCC_OscConfig)
    HAL_TIMEx_BreakCallback                  0x080027d9   Thumb Code     2  stm32f4xx_hal_tim_ex.o(.text.HAL_TIMEx_BreakCallback)
    HAL_TIMEx_CommutCallback                 0x080027dd   Thumb Code     2  stm32f4xx_hal_tim_ex.o(.text.HAL_TIMEx_CommutCallback)
    HAL_TIM_Base_Init                        0x080027e1   Thumb Code    90  stm32f4xx_hal_tim.o(.text.HAL_TIM_Base_Init)
    HAL_TIM_Base_MspInit                     0x0800283d   Thumb Code     2  stm32f4xx_hal_tim.o(.text.HAL_TIM_Base_MspInit)
    HAL_TIM_Base_Start_IT                    0x08002841   Thumb Code   170  stm32f4xx_hal_tim.o(.text.HAL_TIM_Base_Start_IT)
    HAL_TIM_IC_CaptureCallback               0x080028ed   Thumb Code     2  stm32f4xx_hal_tim.o(.text.HAL_TIM_IC_CaptureCallback)
    HAL_TIM_IRQHandler                       0x080028f1   Thumb Code   334  stm32f4xx_hal_tim.o(.text.HAL_TIM_IRQHandler)
    HAL_TIM_OC_DelayElapsedCallback          0x08002a41   Thumb Code     2  stm32f4xx_hal_tim.o(.text.HAL_TIM_OC_DelayElapsedCallback)
    HAL_TIM_PWM_PulseFinishedCallback        0x08002a45   Thumb Code     2  stm32f4xx_hal_tim.o(.text.HAL_TIM_PWM_PulseFinishedCallback)
    HAL_TIM_PeriodElapsedCallback            0x08002a49   Thumb Code    20  main.o(.text.HAL_TIM_PeriodElapsedCallback)
    HAL_TIM_TriggerCallback                  0x08002a5d   Thumb Code     2  stm32f4xx_hal_tim.o(.text.HAL_TIM_TriggerCallback)
    HAL_UARTEx_ReceiveToIdle_DMA             0x08002a61   Thumb Code   494  stm32f4xx_hal_uart.o(.text.HAL_UARTEx_ReceiveToIdle_DMA)
    HAL_UARTEx_RxEventCallback               0x08002c51   Thumb Code   788  sbus.o(.text.HAL_UARTEx_RxEventCallback)
    HAL_UART_AbortReceive                    0x08002f65   Thumb Code   366  stm32f4xx_hal_uart.o(.text.HAL_UART_AbortReceive)
    HAL_UART_ErrorCallback                   0x080030d5   Thumb Code    78  sbus.o(.text.HAL_UART_ErrorCallback)
    HAL_UART_IRQHandler                      0x08003125   Thumb Code  1428  stm32f4xx_hal_uart.o(.text.HAL_UART_IRQHandler)
    HAL_UART_Init                            0x080036b9   Thumb Code    96  stm32f4xx_hal_uart.o(.text.HAL_UART_Init)
    HAL_UART_MspInit                         0x08003719   Thumb Code   612  usart.o(.text.HAL_UART_MspInit)
    HAL_UART_Receive_DMA                     0x0800397d   Thumb Code   384  stm32f4xx_hal_uart.o(.text.HAL_UART_Receive_DMA)
    HAL_UART_RxCpltCallback                  0x08003afd   Thumb Code     2  stm32f4xx_hal_uart.o(.text.HAL_UART_RxCpltCallback)
    HAL_UART_RxHalfCpltCallback              0x08003b01   Thumb Code     2  stm32f4xx_hal_uart.o(.text.HAL_UART_RxHalfCpltCallback)
    HAL_UART_Transmit                        0x08003b05   Thumb Code   402  stm32f4xx_hal_uart.o(.text.HAL_UART_Transmit)
    HAL_UART_Transmit_DMA                    0x08003c99   Thumb Code   212  stm32f4xx_hal_uart.o(.text.HAL_UART_Transmit_DMA)
    HAL_UART_TxCpltCallback                  0x08003d6d   Thumb Code   136  sbus.o(.text.HAL_UART_TxCpltCallback)
    HAL_UART_TxHalfCpltCallback              0x08003df5   Thumb Code     2  stm32f4xx_hal_uart.o(.text.HAL_UART_TxHalfCpltCallback)
    HI14_GetYaw                              0x08003df9   Thumb Code    14  hi14_driver.o(.text.HI14_GetYaw)
    HI14_Init                                0x08003e09   Thumb Code    68  hi14_driver.o(.text.HI14_Init)
    HI14_ReadAllSensors                      0x08003e4d   Thumb Code   656  hi14_driver.o(.text.HI14_ReadAllSensors)
    HardFault_Handler                        0x08004105   Thumb Code     2  stm32f4xx_it.o(.text.HardFault_Handler)
    How_task                                 0x08004109   Thumb Code   164  mytask.o(.text.How_task)
    Lift_su_Control                          0x080041ad   Thumb Code  1200  lift_sucker.o(.text.Lift_su_Control)
    Lift_su_Init                             0x0800468d   Thumb Code   420  lift_sucker.o(.text.Lift_su_Init)
    Lift_su_Reset                            0x08004869   Thumb Code   124  lift_sucker.o(.text.Lift_su_Reset)
    MX_CAN1_Init                             0x080048e5   Thumb Code   150  can.o(.text.MX_CAN1_Init)
    MX_CAN2_Init                             0x0800497d   Thumb Code   150  can.o(.text.MX_CAN2_Init)
    MX_DMA_Init                              0x08004a15   Thumb Code   124  dma.o(.text.MX_DMA_Init)
    MX_GPIO_Init                             0x08004a91   Thumb Code   200  gpio.o(.text.MX_GPIO_Init)
    MX_USART1_UART_Init                      0x08004b59   Thumb Code    60  usart.o(.text.MX_USART1_UART_Init)
    MX_USART2_UART_Init                      0x08004b95   Thumb Code    60  usart.o(.text.MX_USART2_UART_Init)
    MX_USART3_UART_Init                      0x08004bd1   Thumb Code    70  usart.o(.text.MX_USART3_UART_Init)
    Mecanum_HeadingCorrection                0x08004c19   Thumb Code   432  hi14_driver.o(.text.Mecanum_HeadingCorrection)
    MemManage_Handler                        0x08004dd9   Thumb Code     2  stm32f4xx_it.o(.text.MemManage_Handler)
    Modbus_Init                              0x08004ddd   Thumb Code   260  modbus.o(.text.Modbus_Init)
    Modbus_ReadHoldingRegs                   0x08004ee1   Thumb Code   440  modbus.o(.text.Modbus_ReadHoldingRegs)
    Modbus_Restart                           0x08005099   Thumb Code   112  modbus.o(.text.Modbus_Restart)
    Modbus_UART_IDLE_Callback                0x08005109   Thumb Code   234  modbus.o(.text.Modbus_UART_IDLE_Callback)
    NMI_Handler                              0x080051f5   Thumb Code     2  stm32f4xx_it.o(.text.NMI_Handler)
    Omni_Init                                0x080051f9   Thumb Code   508  omin.o(.text.Omni_Init)
    Omni_calc                                0x08005421   Thumb Code   700  omin.o(.text.Omni_calc)
    Omni_inverse_calc                        0x0800570d   Thumb Code   492  omin.o(.text.Omni_inverse_calc)
    PID_calc                                 0x08005915   Thumb Code   520  pid.o(.text.PID_calc)
    PID_clear                                0x08005b21   Thumb Code    18  pid.o(.text.PID_clear)
    PID_init                                 0x08005b35   Thumb Code    54  pid.o(.text.PID_init)
    PendSV_Handler                           0x08005b71   Thumb Code   100  port.o(.text.PendSV_Handler)
    SBUS_Handle                              0x08005bd5   Thumb Code   328  sbus.o(.text.SBUS_Handle)
    SBUS_Start_DMA                           0x08005d1d   Thumb Code    50  sbus.o(.text.SBUS_Start_DMA)
    SVC_Handler                              0x08005d51   Thumb Code    36  port.o(.text.SVC_Handler)
    SysTick_Handler                          0x08005d75   Thumb Code    46  port.o(.text.SysTick_Handler)
    SystemClock_Config                       0x08005da5   Thumb Code   188  main.o(.text.SystemClock_Config)
    SystemInit                               0x08005e61   Thumb Code    18  system_stm32f4xx.o(.text.SystemInit)
    TIM6_DAC_IRQHandler                      0x08005e75   Thumb Code    12  stm32f4xx_it.o(.text.TIM6_DAC_IRQHandler)
    TIM_Base_SetConfig                       0x08005e81   Thumb Code   314  stm32f4xx_hal_tim.o(.text.TIM_Base_SetConfig)
    USART1_IRQHandler                        0x0800655d   Thumb Code    30  stm32f4xx_it.o(.text.USART1_IRQHandler)
    USART3_IRQHandler                        0x0800657d   Thumb Code    12  stm32f4xx_it.o(.text.USART3_IRQHandler)
    UsageFault_Handler                       0x08006589   Thumb Code     2  stm32f4xx_it.o(.text.UsageFault_Handler)
    YS_IRTM_Send                             0x0800658d   Thumb Code    44  sbus.o(.text.YS_IRTM_Send)
    imu_task                                 0x080065b9   Thumb Code   428  mytask.o(.text.imu_task)
    main                                     0x08006795   Thumb Code    88  main.o(.text.main)
    motor_CHASSIS_task                       0x08006929   Thumb Code    44  mytask.o(.text.motor_CHASSIS_task)
    pvPortMalloc                             0x08006c35   Thumb Code   488  heap_4.o(.text.pvPortMalloc)
    pxPortInitialiseStack                    0x08006e1d   Thumb Code    36  port.o(.text.pxPortInitialiseStack)
    sbus_loop                                0x08006e41   Thumb Code     4  sbus.o(.text.sbus_loop)
    start_task                               0x08006e45   Thumb Code   148  mytask.o(.text.start_task)
    uxListRemove                             0x08006f15   Thumb Code    34  list.o(.text.uxListRemove)
    vApplicationGetIdleTaskMemory            0x08006f39   Thumb Code    26  freertos.o(.text.vApplicationGetIdleTaskMemory)
    vListInitialise                          0x08006f55   Thumb Code    22  list.o(.text.vListInitialise)
    vListInitialiseItem                      0x08006f6d   Thumb Code     6  list.o(.text.vListInitialiseItem)
    vListInsert                              0x08006f75   Thumb Code    98  list.o(.text.vListInsert)
    vListInsertEnd                           0x08006fd9   Thumb Code    26  list.o(.text.vListInsertEnd)
    vPortEnterCritical                       0x08007009   Thumb Code    70  port.o(.text.vPortEnterCritical)
    vPortExitCritical                        0x08007051   Thumb Code    46  port.o(.text.vPortExitCritical)
    vPortFree                                0x08007081   Thumb Code   222  heap_4.o(.text.vPortFree)
    vPortSetupTimerInterrupt                 0x08007161   Thumb Code    52  port.o(.text.vPortSetupTimerInterrupt)
    vTaskDelay                               0x08007195   Thumb Code   158  tasks.o(.text.vTaskDelay)
    vTaskDelayUntil                          0x08007235   Thumb Code   224  tasks.o(.text.vTaskDelayUntil)
    vTaskDelete                              0x08007315   Thumb Code   262  tasks.o(.text.vTaskDelete)
    vTaskStartScheduler                      0x0800741d   Thumb Code   196  tasks.o(.text.vTaskStartScheduler)
    vTaskSuspendAll                          0x080074e9   Thumb Code    16  tasks.o(.text.vTaskSuspendAll)
    vTaskSwitchContext                       0x080074f9   Thumb Code   110  tasks.o(.text.vTaskSwitchContext)
    xPortStartScheduler                      0x08007569   Thumb Code   392  port.o(.text.xPortStartScheduler)
    xTaskCreate                              0x080076f1   Thumb Code    96  tasks.o(.text.xTaskCreate)
    xTaskGetTickCount                        0x08007751   Thumb Code    12  tasks.o(.text.xTaskGetTickCount)
    xTaskIncrementTick                       0x0800775d   Thumb Code   262  tasks.o(.text.xTaskIncrementTick)
    xTaskResumeAll                           0x08007865   Thumb Code   234  tasks.o(.text.xTaskResumeAll)
    yaokong_task                             0x08007951   Thumb Code  1148  mytask.o(.text.yaokong_task)
    __scatterload_copy                       0x08007df9   Thumb Code    14  handlers.o(i.__scatterload_copy)
    __scatterload_null                       0x08007e07   Thumb Code     2  handlers.o(i.__scatterload_null)
    __scatterload_zeroinit                   0x08007e09   Thumb Code    14  handlers.o(i.__scatterload_zeroinit)
    AHBPrescTable                            0x08007e16   Data          16  system_stm32f4xx.o(.rodata.AHBPrescTable)
    APBPrescTable                            0x08007e26   Data           8  system_stm32f4xx.o(.rodata.APBPrescTable)
    Region$$Table$$Base                      0x08008038   Number         0  anon$$obj.o(Region$$Table)
    Region$$Table$$Limit                     0x08008058   Number         0  anon$$obj.o(Region$$Table)
    uwTickFreq                               0x20000000   Data           1  stm32f4xx_hal.o(.data..L_MergedGlobals)
    uwTickPrio                               0x20000004   Data           4  stm32f4xx_hal.o(.data..L_MergedGlobals)
    failsafe_status                          0x20000008   Data           1  sbus.o(.data..L_MergedGlobals)
    g_sbus_channels                          0x2000000a   Data          36  sbus.o(.data..L_MergedGlobals)
    SystemCoreClock                          0x20000030   Data           4  system_stm32f4xx.o(.data.SystemCoreClock)
    pxCurrentTCB                             0x20000038   Data           4  tasks.o(.bss..L_MergedGlobals)
    can_err_code1                            0x200000d8   Data           4  can_receive.o(.bss..L_MergedGlobals)
    can_err_code2                            0x200000dc   Data           4  can_receive.o(.bss..L_MergedGlobals)
    target_sucker                            0x20000158   Data           4  lift_sucker.o(.bss..L_MergedGlobals)
    target_lift                              0x2000015c   Data           4  lift_sucker.o(.bss..L_MergedGlobals)
    final_speed                              0x20000190   Data          40  omin.o(.bss..L_MergedGlobals)
    speed                                    0x200001b8   Data          40  omin.o(.bss..L_MergedGlobals)
    how                                      0x200001e0   Data           1  mytask.o(.bss..L_MergedGlobals)
    c_and_gtls                               0x200001e1   Data           1  mytask.o(.bss..L_MergedGlobals)
    ys_run                                   0x200001e2   Data           1  mytask.o(.bss..L_MergedGlobals)
    MOTOR_CHASSISTask_Handler                0x200001e4   Data           4  mytask.o(.bss..L_MergedGlobals)
    HOWTask_Handler                          0x200001e8   Data           4  mytask.o(.bss..L_MergedGlobals)
    YAOKONGTask_Handler                      0x200001ec   Data           4  mytask.o(.bss..L_MergedGlobals)
    IMUTask_Handler                          0x200001f0   Data           4  mytask.o(.bss..L_MergedGlobals)
    StartTask_Handler                        0x200001f4   Data           4  mytask.o(.bss..L_MergedGlobals)
    GT_g                                     0x200001fc   Data           4  mytask.o(.bss..L_MergedGlobals)
    b                                        0x20000200   Data           4  mytask.o(.bss..L_MergedGlobals)
    lift_su_speed                            0x20000208   Data          16  mytask.o(.bss..L_MergedGlobals)
    f_speed                                  0x20000218   Data          40  mytask.o(.bss..L_MergedGlobals)
    g_emergency_stop                         0x20000240   Data           1  hi14_driver.o(.bss..L_MergedGlobals)
    g_imu_data                               0x20000258   Data          40  hi14_driver.o(.bss..L_MergedGlobals)
    motor_infor                              0x20000280   Data          52  can_receive.o(.bss..L_MergedGlobals.1)
    motor_infor1                             0x200002b4   Data          52  can_receive.o(.bss..L_MergedGlobals.1)
    sbus_start                               0x200002e8   Data           1  sbus.o(.bss..L_MergedGlobals.1)
    sbus_buf_index                           0x200002e9   Data           1  sbus.o(.bss..L_MergedGlobals.1)
    sbus_new_cmd                             0x200002ea   Data           1  sbus.o(.bss..L_MergedGlobals.1)
    inBuffer                                 0x200002f2   Data          25  sbus.o(.bss..L_MergedGlobals.1)
    sbus_data                                0x2000030b   Data          25  sbus.o(.bss..L_MergedGlobals.1)
    GT                                       0x20000368   Data         544  grip_turnd.o(.bss.GT)
    Lift_su                                  0x2000058c   Data         788  lift_sucker.o(.bss.Lift_su)
    a                                        0x200008a0   Data           4  mytask.o(.bss.a)
    chassis                                  0x200008a4   Data         996  omin.o(.bss.chassis)
    g_modbus_inst                            0x20000c88   Data         884  modbus.o(.bss.g_modbus_inst)
    hcan1                                    0x20000ffc   Data          40  can.o(.bss.hcan1)
    hcan2                                    0x20001024   Data          40  can.o(.bss.hcan2)
    hdma_usart1_rx                           0x2000104c   Data          96  usart.o(.bss.hdma_usart1_rx)
    hdma_usart1_tx                           0x200010ac   Data          96  usart.o(.bss.hdma_usart1_tx)
    hdma_usart3_rx                           0x2000110c   Data          96  usart.o(.bss.hdma_usart3_rx)
    hdma_usart3_tx                           0x2000116c   Data          96  usart.o(.bss.hdma_usart3_tx)
    htim6                                    0x200011cc   Data          72  stm32f4xx_hal_timebase_tim.o(.bss.htim6)
    huart1                                   0x20001214   Data          72  usart.o(.bss.huart1)
    huart2                                   0x2000125c   Data          72  usart.o(.bss.huart2)
    huart3                                   0x200012a4   Data          72  usart.o(.bss.huart3)
    uwTick                                   0x20009478   Data           4  stm32f4xx_hal.o(.bss.uwTick)
    __initial_sp                             0x20009ad0   Data           0  startup_stm32f429xx.o(STACK)



==============================================================================

Memory Map of the image

  Image Entry point : 0x080001ad

  Load Region LR_IROM1 (Base: 0x08000000, Size: 0x00008090, Max: 0x00100000, ABSOLUTE)

    Execution Region ER_IROM1 (Exec base: 0x08000000, Load base: 0x08000000, Size: 0x00008058, Max: 0x00100000, ABSOLUTE)

    Exec Addr    Load Addr    Size         Type   Attr      Idx    E Section Name        Object

    0x08000000   0x08000000   0x000001ac   Data   RO            3    RESET               startup_stm32f429xx.o
    0x080001ac   0x080001ac   0x00000000   Code   RO         1788  * .ARM.Collect$$$$00000000  mc_w.l(entry.o)
    0x080001ac   0x080001ac   0x00000004   Code   RO         1799    .ARM.Collect$$$$00000001  mc_w.l(entry2.o)
    0x080001b0   0x080001b0   0x00000004   Code   RO         1802    .ARM.Collect$$$$00000004  mc_w.l(entry5.o)
    0x080001b4   0x080001b4   0x00000000   Code   RO         1804    .ARM.Collect$$$$00000008  mc_w.l(entry7b.o)
    0x080001b4   0x080001b4   0x00000000   Code   RO         1806    .ARM.Collect$$$$0000000A  mc_w.l(entry8b.o)
    0x080001b4   0x080001b4   0x00000008   Code   RO         1807    .ARM.Collect$$$$0000000B  mc_w.l(entry9a.o)
    0x080001bc   0x080001bc   0x00000000   Code   RO         1809    .ARM.Collect$$$$0000000D  mc_w.l(entry10a.o)
    0x080001bc   0x080001bc   0x00000000   Code   RO         1811    .ARM.Collect$$$$0000000F  mc_w.l(entry11a.o)
    0x080001bc   0x080001bc   0x00000004   Code   RO         1800    .ARM.Collect$$$$00002712  mc_w.l(entry2.o)
    0x080001c0   0x080001c0   0x00000024   Code   RO            4    .text               startup_stm32f429xx.o
    0x080001e4   0x080001e4   0x00000062   Code   RO         1791    .text               mc_w.l(uldiv.o)
    0x08000246   0x08000246   0x00000024   Code   RO         1793    .text               mc_w.l(memcpya.o)
    0x0800026a   0x0800026a   0x00000024   Code   RO         1795    .text               mc_w.l(memseta.o)
    0x0800028e   0x0800028e   0x0000001e   Code   RO         1813    .text               mc_w.l(llshl.o)
    0x080002ac   0x080002ac   0x00000020   Code   RO         1815    .text               mc_w.l(llushr.o)
    0x080002cc   0x080002cc   0x00000030   Code   RO         1817    .text               mc_w.l(init.o)
    0x080002fc   0x080002fc   0x00000002   Code   RO          114    .text.BusFault_Handler  stm32f4xx_it.o
    0x080002fe   0x080002fe   0x00000002   PAD
    0x08000300   0x08000300   0x0000000c   Code   RO          124    .text.CAN1_RX0_IRQHandler  stm32f4xx_it.o
    0x0800030c   0x0800030c   0x0000000c   Code   RO          134    .text.CAN2_RX0_IRQHandler  stm32f4xx_it.o
    0x08000318   0x08000318   0x0000004c   Code   RO         1554    .text.CAN_cmd_GT_motor  can_receive.o
    0x08000364   0x08000364   0x0000005e   Code   RO         1552    .text.CAN_cmd_Lift_su_motor  can_receive.o
    0x080003c2   0x080003c2   0x00000002   PAD
    0x080003c4   0x080003c4   0x00000066   Code   RO         1550    .text.CAN_cmd_chassis  can_receive.o
    0x0800042a   0x0800042a   0x00000002   PAD
    0x0800042c   0x0800042c   0x00000020   Code   RO         1664    .text.C_AND_GTLS_change  mytask.o
    0x0800044c   0x0800044c   0x00000086   Code   RO         1574    .text.Cylinder_Control  control_cylinder.o
    0x080004d2   0x080004d2   0x00000002   PAD
    0x080004d4   0x080004d4   0x00000088   Code   RO         1578    .text.Cylinder_Controlx  control_cylinder.o
    0x0800055c   0x0800055c   0x00000056   Code   RO         1572    .text.Cylinder_Init  control_cylinder.o
    0x080005b2   0x080005b2   0x00000002   PAD
    0x080005b4   0x080005b4   0x0000000c   Code   RO          120    .text.DMA1_Stream1_IRQHandler  stm32f4xx_it.o
    0x080005c0   0x080005c0   0x0000000c   Code   RO          122    .text.DMA1_Stream3_IRQHandler  stm32f4xx_it.o
    0x080005cc   0x080005cc   0x0000000c   Code   RO          132    .text.DMA2_Stream2_IRQHandler  stm32f4xx_it.o
    0x080005d8   0x080005d8   0x0000000c   Code   RO          136    .text.DMA2_Stream7_IRQHandler  stm32f4xx_it.o
    0x080005e4   0x080005e4   0x00000002   Code   RO          118    .text.DebugMon_Handler  stm32f4xx_it.o
    0x080005e6   0x080005e6   0x00000002   PAD
    0x080005e8   0x080005e8   0x00000250   Code   RO         1593    .text.ECPID_Calc    ecpid.o
    0x08000838   0x08000838   0x00000016   Code   RO         1595    .text.ECPID_clear   ecpid.o
    0x0800084e   0x0800084e   0x00000002   PAD
    0x08000850   0x08000850   0x00000036   Code   RO         1591    .text.ECPID_init    ecpid.o
    0x08000886   0x08000886   0x00000002   PAD
    0x08000888   0x08000888   0x00000006   Code   RO           15    .text.Error_Handler  main.o
    0x0800088e   0x0800088e   0x00000002   PAD
    0x08000890   0x08000890   0x0000020c   Code   RO         1608    .text.GT_Control    grip_turnd.o
    0x08000a9c   0x08000a9c   0x00000168   Code   RO         1606    .text.GT_Init       grip_turnd.o
    0x08000c04   0x08000c04   0x0000002e   Code   RO          522    .text.HAL_CAN_ActivateNotification  stm32f4xx_hal_can.o
    0x08000c32   0x08000c32   0x00000002   PAD
    0x08000c34   0x08000c34   0x000000a4   Code   RO          508    .text.HAL_CAN_AddTxMessage  stm32f4xx_hal_can.o
    0x08000cd8   0x08000cd8   0x000000de   Code   RO          498    .text.HAL_CAN_ConfigFilter  stm32f4xx_hal_can.o
    0x08000db6   0x08000db6   0x00000002   PAD
    0x08000db8   0x08000db8   0x00000030   Code   RO         1544    .text.HAL_CAN_ErrorCallback  can_receive.o
    0x08000de8   0x08000de8   0x00000004   Code   RO          556    .text.HAL_CAN_GetError  stm32f4xx_hal_can.o
    0x08000dec   0x08000dec   0x00000020   Code   RO          520    .text.HAL_CAN_GetRxFifoFillLevel  stm32f4xx_hal_can.o
    0x08000e0c   0x08000e0c   0x0000012e   Code   RO          518    .text.HAL_CAN_GetRxMessage  stm32f4xx_hal_can.o
    0x08000f3a   0x08000f3a   0x00000002   PAD
    0x08000f3c   0x08000f3c   0x0000025e   Code   RO          526    .text.HAL_CAN_IRQHandler  stm32f4xx_hal_can.o
    0x0800119a   0x0800119a   0x00000002   PAD
    0x0800119c   0x0800119c   0x000000f4   Code   RO          488    .text.HAL_CAN_Init  stm32f4xx_hal_can.o
    0x08001290   0x08001290   0x00000114   Code   RO           59    .text.HAL_CAN_MspInit  can.o
    0x080013a4   0x080013a4   0x00000002   Code   RO          540    .text.HAL_CAN_RxFifo0FullCallback  stm32f4xx_hal_can.o
    0x080013a6   0x080013a6   0x00000002   PAD
    0x080013a8   0x080013a8   0x000004fc   Code   RO         1540    .text.HAL_CAN_RxFifo0MsgPendingCallback  can_receive.o
    0x080018a4   0x080018a4   0x00000002   Code   RO          544    .text.HAL_CAN_RxFifo1FullCallback  stm32f4xx_hal_can.o
    0x080018a6   0x080018a6   0x00000002   PAD
    0x080018a8   0x080018a8   0x00000002   Code   RO          546    .text.HAL_CAN_RxFifo1MsgPendingCallback  stm32f4xx_hal_can.o
    0x080018aa   0x080018aa   0x00000002   PAD
    0x080018ac   0x080018ac   0x00000002   Code   RO          548    .text.HAL_CAN_SleepCallback  stm32f4xx_hal_can.o
    0x080018ae   0x080018ae   0x00000002   PAD
    0x080018b0   0x080018b0   0x0000005a   Code   RO          500    .text.HAL_CAN_Start  stm32f4xx_hal_can.o
    0x0800190a   0x0800190a   0x00000002   PAD
    0x0800190c   0x0800190c   0x00000002   Code   RO          530    .text.HAL_CAN_TxMailbox0AbortCallback  stm32f4xx_hal_can.o
    0x0800190e   0x0800190e   0x00000002   PAD
    0x08001910   0x08001910   0x00000002   Code   RO          528    .text.HAL_CAN_TxMailbox0CompleteCallback  stm32f4xx_hal_can.o
    0x08001912   0x08001912   0x00000002   PAD
    0x08001914   0x08001914   0x00000002   Code   RO          534    .text.HAL_CAN_TxMailbox1AbortCallback  stm32f4xx_hal_can.o
    0x08001916   0x08001916   0x00000002   PAD
    0x08001918   0x08001918   0x00000002   Code   RO          532    .text.HAL_CAN_TxMailbox1CompleteCallback  stm32f4xx_hal_can.o
    0x0800191a   0x0800191a   0x00000002   PAD
    0x0800191c   0x0800191c   0x00000002   Code   RO          538    .text.HAL_CAN_TxMailbox2AbortCallback  stm32f4xx_hal_can.o
    0x0800191e   0x0800191e   0x00000002   PAD
    0x08001920   0x08001920   0x00000002   Code   RO          536    .text.HAL_CAN_TxMailbox2CompleteCallback  stm32f4xx_hal_can.o
    0x08001922   0x08001922   0x00000002   PAD
    0x08001924   0x08001924   0x00000002   Code   RO          550    .text.HAL_CAN_WakeUpFromRxMsgCallback  stm32f4xx_hal_can.o
    0x08001926   0x08001926   0x00000002   PAD
    0x08001928   0x08001928   0x0000008e   Code   RO          738    .text.HAL_DMA_Abort  stm32f4xx_hal_dma.o
    0x080019b6   0x080019b6   0x00000002   PAD
    0x080019b8   0x080019b8   0x00000024   Code   RO          740    .text.HAL_DMA_Abort_IT  stm32f4xx_hal_dma.o
    0x080019dc   0x080019dc   0x00000004   Code   RO          752    .text.HAL_DMA_GetError  stm32f4xx_hal_dma.o
    0x080019e0   0x080019e0   0x000001c4   Code   RO          744    .text.HAL_DMA_IRQHandler  stm32f4xx_hal_dma.o
    0x08001ba4   0x08001ba4   0x00000162   Code   RO          730    .text.HAL_DMA_Init  stm32f4xx_hal_dma.o
    0x08001d06   0x08001d06   0x00000002   PAD
    0x08001d08   0x08001d08   0x000000a2   Code   RO          736    .text.HAL_DMA_Start_IT  stm32f4xx_hal_dma.o
    0x08001daa   0x08001daa   0x00000002   PAD
    0x08001dac   0x08001dac   0x0000019e   Code   RO          692    .text.HAL_GPIO_Init  stm32f4xx_hal_gpio.o
    0x08001f4a   0x08001f4a   0x00000002   PAD
    0x08001f4c   0x08001f4c   0x0000000a   Code   RO          698    .text.HAL_GPIO_WritePin  stm32f4xx_hal_gpio.o
    0x08001f56   0x08001f56   0x00000002   PAD
    0x08001f58   0x08001f58   0x0000000c   Code   RO          895    .text.HAL_GetTick   stm32f4xx_hal.o
    0x08001f64   0x08001f64   0x0000001a   Code   RO          893    .text.HAL_IncTick   stm32f4xx_hal.o
    0x08001f7e   0x08001f7e   0x00000002   PAD
    0x08001f80   0x08001f80   0x00000036   Code   RO          883    .text.HAL_Init      stm32f4xx_hal.o
    0x08001fb6   0x08001fb6   0x00000002   PAD
    0x08001fb8   0x08001fb8   0x000000b2   Code   RO          154    .text.HAL_InitTick  stm32f4xx_hal_timebase_tim.o
    0x0800206a   0x0800206a   0x00000002   PAD
    0x0800206c   0x0800206c   0x00000042   Code   RO          145    .text.HAL_MspInit   stm32f4xx_hal_msp.o
    0x080020ae   0x080020ae   0x00000002   PAD
    0x080020b0   0x080020b0   0x00000022   Code   RO          835    .text.HAL_NVIC_EnableIRQ  stm32f4xx_hal_cortex.o
    0x080020d2   0x080020d2   0x00000002   PAD
    0x080020d4   0x080020d4   0x00000056   Code   RO          833    .text.HAL_NVIC_SetPriority  stm32f4xx_hal_cortex.o
    0x0800212a   0x0800212a   0x00000002   PAD
    0x0800212c   0x0800212c   0x00000020   Code   RO          831    .text.HAL_NVIC_SetPriorityGrouping  stm32f4xx_hal_cortex.o
    0x0800214c   0x0800214c   0x0000007a   Code   RO          817    .text.HAL_PWREx_EnableOverDrive  stm32f4xx_hal_pwr_ex.o
    0x080021c6   0x080021c6   0x00000002   PAD
    0x080021c8   0x080021c8   0x00000164   Code   RO          572    .text.HAL_RCC_ClockConfig  stm32f4xx_hal_rcc.o
    0x0800232c   0x0800232c   0x0000003e   Code   RO          590    .text.HAL_RCC_GetClockConfig  stm32f4xx_hal_rcc.o
    0x0800236a   0x0800236a   0x00000002   PAD
    0x0800236c   0x0800236c   0x00000026   Code   RO          584    .text.HAL_RCC_GetPCLK1Freq  stm32f4xx_hal_rcc.o
    0x08002392   0x08002392   0x00000002   PAD
    0x08002394   0x08002394   0x00000026   Code   RO          586    .text.HAL_RCC_GetPCLK2Freq  stm32f4xx_hal_rcc.o
    0x080023ba   0x080023ba   0x00000002   PAD
    0x080023bc   0x080023bc   0x0000006e   Code   RO          574    .text.HAL_RCC_GetSysClockFreq  stm32f4xx_hal_rcc.o
    0x0800242a   0x0800242a   0x00000002   PAD
    0x0800242c   0x0800242c   0x000003ac   Code   RO          570    .text.HAL_RCC_OscConfig  stm32f4xx_hal_rcc.o
    0x080027d8   0x080027d8   0x00000002   Code   RO          474    .text.HAL_TIMEx_BreakCallback  stm32f4xx_hal_tim_ex.o
    0x080027da   0x080027da   0x00000002   PAD
    0x080027dc   0x080027dc   0x00000002   Code   RO          470    .text.HAL_TIMEx_CommutCallback  stm32f4xx_hal_tim_ex.o
    0x080027de   0x080027de   0x00000002   PAD
    0x080027e0   0x080027e0   0x0000005a   Code   RO          169    .text.HAL_TIM_Base_Init  stm32f4xx_hal_tim.o
    0x0800283a   0x0800283a   0x00000002   PAD
    0x0800283c   0x0800283c   0x00000002   Code   RO          171    .text.HAL_TIM_Base_MspInit  stm32f4xx_hal_tim.o
    0x0800283e   0x0800283e   0x00000002   PAD
    0x08002840   0x08002840   0x000000aa   Code   RO          183    .text.HAL_TIM_Base_Start_IT  stm32f4xx_hal_tim.o
    0x080028ea   0x080028ea   0x00000002   PAD
    0x080028ec   0x080028ec   0x00000002   Code   RO          305    .text.HAL_TIM_IC_CaptureCallback  stm32f4xx_hal_tim.o
    0x080028ee   0x080028ee   0x00000002   PAD
    0x080028f0   0x080028f0   0x0000014e   Code   RO          303    .text.HAL_TIM_IRQHandler  stm32f4xx_hal_tim.o
    0x08002a3e   0x08002a3e   0x00000002   PAD
    0x08002a40   0x08002a40   0x00000002   Code   RO          307    .text.HAL_TIM_OC_DelayElapsedCallback  stm32f4xx_hal_tim.o
    0x08002a42   0x08002a42   0x00000002   PAD
    0x08002a44   0x08002a44   0x00000002   Code   RO          309    .text.HAL_TIM_PWM_PulseFinishedCallback  stm32f4xx_hal_tim.o
    0x08002a46   0x08002a46   0x00000002   PAD
    0x08002a48   0x08002a48   0x00000014   Code   RO           17    .text.HAL_TIM_PeriodElapsedCallback  main.o
    0x08002a5c   0x08002a5c   0x00000002   Code   RO          313    .text.HAL_TIM_TriggerCallback  stm32f4xx_hal_tim.o
    0x08002a5e   0x08002a5e   0x00000002   PAD
    0x08002a60   0x08002a60   0x000001ee   Code   RO         1025    .text.HAL_UARTEx_ReceiveToIdle_DMA  stm32f4xx_hal_uart.o
    0x08002c4e   0x08002c4e   0x00000002   PAD
    0x08002c50   0x08002c50   0x00000314   Code   RO         1704    .text.HAL_UARTEx_RxEventCallback  sbus.o
    0x08002f64   0x08002f64   0x0000016e   Code   RO         1033    .text.HAL_UART_AbortReceive  stm32f4xx_hal_uart.o
    0x080030d2   0x080030d2   0x00000002   PAD
    0x080030d4   0x080030d4   0x0000004e   Code   RO         1710    .text.HAL_UART_ErrorCallback  sbus.o
    0x08003122   0x08003122   0x00000002   PAD
    0x08003124   0x08003124   0x00000594   Code   RO         1055    .text.HAL_UART_IRQHandler  stm32f4xx_hal_uart.o
    0x080036b8   0x080036b8   0x00000060   Code   RO          977    .text.HAL_UART_Init  stm32f4xx_hal_uart.o
    0x08003718   0x08003718   0x00000264   Code   RO           89    .text.HAL_UART_MspInit  usart.o
    0x0800397c   0x0800397c   0x00000180   Code   RO         1011    .text.HAL_UART_Receive_DMA  stm32f4xx_hal_uart.o
    0x08003afc   0x08003afc   0x00000002   Code   RO         1069    .text.HAL_UART_RxCpltCallback  stm32f4xx_hal_uart.o
    0x08003afe   0x08003afe   0x00000002   PAD
    0x08003b00   0x08003b00   0x00000002   Code   RO         1071    .text.HAL_UART_RxHalfCpltCallback  stm32f4xx_hal_uart.o
    0x08003b02   0x08003b02   0x00000002   PAD
    0x08003b04   0x08003b04   0x00000192   Code   RO          993    .text.HAL_UART_Transmit  stm32f4xx_hal_uart.o
    0x08003c96   0x08003c96   0x00000002   PAD
    0x08003c98   0x08003c98   0x000000d4   Code   RO         1003    .text.HAL_UART_Transmit_DMA  stm32f4xx_hal_uart.o
    0x08003d6c   0x08003d6c   0x00000088   Code   RO         1708    .text.HAL_UART_TxCpltCallback  sbus.o
    0x08003df4   0x08003df4   0x00000002   Code   RO         1067    .text.HAL_UART_TxHalfCpltCallback  stm32f4xx_hal_uart.o
    0x08003df6   0x08003df6   0x00000002   PAD
    0x08003df8   0x08003df8   0x0000000e   Code   RO         1769    .text.HI14_GetYaw   hi14_driver.o
    0x08003e06   0x08003e06   0x00000002   PAD
    0x08003e08   0x08003e08   0x00000044   Code   RO         1761    .text.HI14_Init     hi14_driver.o
    0x08003e4c   0x08003e4c   0x000002b8   Code   RO         1775    .text.HI14_ReadAllSensors  hi14_driver.o
    0x08004104   0x08004104   0x00000002   Code   RO          110    .text.HardFault_Handler  stm32f4xx_it.o
    0x08004106   0x08004106   0x00000002   PAD
    0x08004108   0x08004108   0x000000a4   Code   RO         1658    .text.How_task      mytask.o
    0x080041ac   0x080041ac   0x000004e0   Code   RO         1624    .text.Lift_su_Control  lift_sucker.o
    0x0800468c   0x0800468c   0x000001dc   Code   RO         1622    .text.Lift_su_Init  lift_sucker.o
    0x08004868   0x08004868   0x0000007c   Code   RO         1620    .text.Lift_su_Reset  lift_sucker.o
    0x080048e4   0x080048e4   0x00000096   Code   RO           55    .text.MX_CAN1_Init  can.o
    0x0800497a   0x0800497a   0x00000002   PAD
    0x0800497c   0x0800497c   0x00000096   Code   RO           57    .text.MX_CAN2_Init  can.o
    0x08004a12   0x08004a12   0x00000002   PAD
    0x08004a14   0x08004a14   0x0000007c   Code   RO           74    .text.MX_DMA_Init   dma.o
    0x08004a90   0x08004a90   0x000000c8   Code   RO           28    .text.MX_GPIO_Init  gpio.o
    0x08004b58   0x08004b58   0x0000003c   Code   RO           83    .text.MX_USART1_UART_Init  usart.o
    0x08004b94   0x08004b94   0x0000003c   Code   RO           85    .text.MX_USART2_UART_Init  usart.o
    0x08004bd0   0x08004bd0   0x00000046   Code   RO           87    .text.MX_USART3_UART_Init  usart.o
    0x08004c16   0x08004c16   0x00000002   PAD
    0x08004c18   0x08004c18   0x000001c0   Code   RO         1765    .text.Mecanum_HeadingCorrection  hi14_driver.o
    0x08004dd8   0x08004dd8   0x00000002   Code   RO          112    .text.MemManage_Handler  stm32f4xx_it.o
    0x08004dda   0x08004dda   0x00000002   PAD
    0x08004ddc   0x08004ddc   0x00000104   Code   RO         1736    .text.Modbus_Init   modbus.o
    0x08004ee0   0x08004ee0   0x000001b8   Code   RO         1742    .text.Modbus_ReadHoldingRegs  modbus.o
    0x08005098   0x08005098   0x00000070   Code   RO         1738    .text.Modbus_Restart  modbus.o
    0x08005108   0x08005108   0x000000ea   Code   RO         1740    .text.Modbus_UART_IDLE_Callback  modbus.o
    0x080051f2   0x080051f2   0x00000002   PAD
    0x080051f4   0x080051f4   0x00000002   Code   RO          108    .text.NMI_Handler   stm32f4xx_it.o
    0x080051f6   0x080051f6   0x00000002   PAD
    0x080051f8   0x080051f8   0x00000228   Code   RO         1636    .text.Omni_Init     omin.o
    0x08005420   0x08005420   0x000002ec   Code   RO         1642    .text.Omni_calc     omin.o
    0x0800570c   0x0800570c   0x00000208   Code   RO         1638    .text.Omni_inverse_calc  omin.o
    0x08005914   0x08005914   0x0000020c   Code   RO         1687    .text.PID_calc      pid.o
    0x08005b20   0x08005b20   0x00000012   Code   RO         1689    .text.PID_clear     pid.o
    0x08005b32   0x08005b32   0x00000002   PAD
    0x08005b34   0x08005b34   0x00000036   Code   RO         1685    .text.PID_init      pid.o
    0x08005b6a   0x08005b6a   0x00000006   PAD
    0x08005b70   0x08005b70   0x00000064   Code   RO         1522    .text.PendSV_Handler  port.o
    0x08005bd4   0x08005bd4   0x00000148   Code   RO         1712    .text.SBUS_Handle   sbus.o
    0x08005d1c   0x08005d1c   0x00000032   Code   RO         1700    .text.SBUS_Start_DMA  sbus.o
    0x08005d4e   0x08005d4e   0x00000002   PAD
    0x08005d50   0x08005d50   0x00000024   Code   RO         1506    .text.SVC_Handler   port.o
    0x08005d74   0x08005d74   0x0000002e   Code   RO         1524    .text.SysTick_Handler  port.o
    0x08005da2   0x08005da2   0x00000002   PAD
    0x08005da4   0x08005da4   0x000000bc   Code   RO           13    .text.SystemClock_Config  main.o
    0x08005e60   0x08005e60   0x00000012   Code   RO         1099    .text.SystemInit    system_stm32f4xx.o
    0x08005e72   0x08005e72   0x00000002   PAD
    0x08005e74   0x08005e74   0x0000000c   Code   RO          130    .text.TIM6_DAC_IRQHandler  stm32f4xx_it.o
    0x08005e80   0x08005e80   0x0000013a   Code   RO          173    .text.TIM_Base_SetConfig  stm32f4xx_hal_tim.o
    0x08005fba   0x08005fba   0x00000002   PAD
    0x08005fbc   0x08005fbc   0x0000000a   Code   RO         1059    .text.UART_DMAAbortOnError  stm32f4xx_hal_uart.o
    0x08005fc6   0x08005fc6   0x00000002   PAD
    0x08005fc8   0x08005fc8   0x0000017c   Code   RO         1009    .text.UART_DMAError  stm32f4xx_hal_uart.o
    0x08006144   0x08006144   0x0000015e   Code   RO         1087    .text.UART_DMAReceiveCplt  stm32f4xx_hal_uart.o
    0x080062a2   0x080062a2   0x00000002   PAD
    0x080062a4   0x080062a4   0x00000018   Code   RO         1089    .text.UART_DMARxHalfCplt  stm32f4xx_hal_uart.o
    0x080062bc   0x080062bc   0x000000b0   Code   RO         1005    .text.UART_DMATransmitCplt  stm32f4xx_hal_uart.o
    0x0800636c   0x0800636c   0x00000006   Code   RO         1007    .text.UART_DMATxHalfCplt  stm32f4xx_hal_uart.o
    0x08006372   0x08006372   0x00000002   PAD
    0x08006374   0x08006374   0x000000fe   Code   RO         1057    .text.UART_Receive_IT  stm32f4xx_hal_uart.o
    0x08006472   0x08006472   0x00000002   PAD
    0x08006474   0x08006474   0x000000e6   Code   RO          981    .text.UART_SetConfig  stm32f4xx_hal_uart.o
    0x0800655a   0x0800655a   0x00000002   PAD
    0x0800655c   0x0800655c   0x0000001e   Code   RO          126    .text.USART1_IRQHandler  stm32f4xx_it.o
    0x0800657a   0x0800657a   0x00000002   PAD
    0x0800657c   0x0800657c   0x0000000c   Code   RO          128    .text.USART3_IRQHandler  stm32f4xx_it.o
    0x08006588   0x08006588   0x00000002   Code   RO          116    .text.UsageFault_Handler  stm32f4xx_it.o
    0x0800658a   0x0800658a   0x00000002   PAD
    0x0800658c   0x0800658c   0x0000002c   Code   RO         1720    .text.YS_IRTM_Send  sbus.o
    0x080065b8   0x080065b8   0x000001dc   Code   RO         1662    .text.imu_task      mytask.o
    0x08006794   0x08006794   0x00000064   Code   RO           11    .text.main          main.o
    0x080067f8   0x080067f8   0x0000012e   Code   RO         1744    .text.modbus_send_frame  modbus.o
    0x08006926   0x08006926   0x00000002   PAD
    0x08006928   0x08006928   0x0000002c   Code   RO         1656    .text.motor_CHASSIS_task  mytask.o
    0x08006954   0x08006954   0x000000fc   Code   RO         1262    .text.prvAddNewTaskToReadyList  tasks.o
    0x08006a50   0x08006a50   0x00000086   Code   RO         1294    .text.prvIdleTask   tasks.o
    0x08006ad6   0x08006ad6   0x00000002   PAD
    0x08006ad8   0x08006ad8   0x000000f4   Code   RO         1260    .text.prvInitialiseNewTask  tasks.o
    0x08006bcc   0x08006bcc   0x00000028   Code   RO         1514    .text.prvPortStartFirstTask  port.o
    0x08006bf4   0x08006bf4   0x0000003e   Code   RO         1504    .text.prvTaskExitError  port.o
    0x08006c32   0x08006c32   0x00000002   PAD
    0x08006c34   0x08006c34   0x000001e8   Code   RO         1480    .text.pvPortMalloc  heap_4.o
    0x08006e1c   0x08006e1c   0x00000024   Code   RO         1502    .text.pxPortInitialiseStack  port.o
    0x08006e40   0x08006e40   0x00000004   Code   RO         1714    .text.sbus_loop     sbus.o
    0x08006e44   0x08006e44   0x000000d0   Code   RO         1654    .text.start_task    mytask.o
    0x08006f14   0x08006f14   0x00000022   Code   RO         1151    .text.uxListRemove  list.o
    0x08006f36   0x08006f36   0x00000002   PAD
    0x08006f38   0x08006f38   0x0000001a   Code   RO           37    .text.vApplicationGetIdleTaskMemory  freertos.o
    0x08006f52   0x08006f52   0x00000002   PAD
    0x08006f54   0x08006f54   0x00000016   Code   RO         1143    .text.vListInitialise  list.o
    0x08006f6a   0x08006f6a   0x00000002   PAD
    0x08006f6c   0x08006f6c   0x00000006   Code   RO         1145    .text.vListInitialiseItem  list.o
    0x08006f72   0x08006f72   0x00000002   PAD
    0x08006f74   0x08006f74   0x00000062   Code   RO         1149    .text.vListInsert   list.o
    0x08006fd6   0x08006fd6   0x00000002   PAD
    0x08006fd8   0x08006fd8   0x0000001a   Code   RO         1147    .text.vListInsertEnd  list.o
    0x08006ff2   0x08006ff2   0x00000002   PAD
    0x08006ff4   0x08006ff4   0x00000014   Code   RO         1512    .text.vPortEnableVFP  port.o
    0x08007008   0x08007008   0x00000046   Code   RO         1518    .text.vPortEnterCritical  port.o
    0x0800704e   0x0800704e   0x00000002   PAD
    0x08007050   0x08007050   0x0000002e   Code   RO         1520    .text.vPortExitCritical  port.o
    0x0800707e   0x0800707e   0x00000002   PAD
    0x08007080   0x08007080   0x000000de   Code   RO         1482    .text.vPortFree     heap_4.o
    0x0800715e   0x0800715e   0x00000002   PAD
    0x08007160   0x08007160   0x00000034   Code   RO         1510    .text.vPortSetupTimerInterrupt  port.o
    0x08007194   0x08007194   0x0000009e   Code   RO         1276    .text.vTaskDelay    tasks.o
    0x08007232   0x08007232   0x00000002   PAD
    0x08007234   0x08007234   0x000000e0   Code   RO         1268    .text.vTaskDelayUntil  tasks.o
    0x08007314   0x08007314   0x00000106   Code   RO         1266    .text.vTaskDelete   tasks.o
    0x0800741a   0x0800741a   0x00000002   PAD
    0x0800741c   0x0800741c   0x000000cc   Code   RO         1292    .text.vTaskStartScheduler  tasks.o
    0x080074e8   0x080074e8   0x00000010   Code   RO         1270    .text.vTaskSuspendAll  tasks.o
    0x080074f8   0x080074f8   0x0000006e   Code   RO         1286    .text.vTaskSwitchContext  tasks.o
    0x08007566   0x08007566   0x00000002   PAD
    0x08007568   0x08007568   0x00000188   Code   RO         1508    .text.xPortStartScheduler  port.o
    0x080076f0   0x080076f0   0x00000060   Code   RO         1264    .text.xTaskCreate   tasks.o
    0x08007750   0x08007750   0x0000000c   Code   RO         1300    .text.xTaskGetTickCount  tasks.o
    0x0800775c   0x0800775c   0x00000106   Code   RO         1298    .text.xTaskIncrementTick  tasks.o
    0x08007862   0x08007862   0x00000002   PAD
    0x08007864   0x08007864   0x000000ea   Code   RO         1274    .text.xTaskResumeAll  tasks.o
    0x0800794e   0x0800794e   0x00000002   PAD
    0x08007950   0x08007950   0x000004a8   Code   RO         1660    .text.yaokong_task  mytask.o
    0x08007df8   0x08007df8   0x0000000e   Code   RO         1821    i.__scatterload_copy  mc_w.l(handlers.o)
    0x08007e06   0x08007e06   0x00000002   Code   RO         1822    i.__scatterload_null  mc_w.l(handlers.o)
    0x08007e08   0x08007e08   0x0000000e   Code   RO         1823    i.__scatterload_zeroinit  mc_w.l(handlers.o)
    0x08007e16   0x08007e16   0x00000010   Data   RO         1104    .rodata.AHBPrescTable  system_stm32f4xx.o
    0x08007e26   0x08007e26   0x00000008   Data   RO         1105    .rodata.APBPrescTable  system_stm32f4xx.o
    0x08007e2e   0x08007e2e   0x00000008   Data   RO          754    .rodata.cst8        stm32f4xx_hal_dma.o
    0x08007e36   0x08007e36   0x00000200   Data   RO         1750    .rodata.modbus_crc16_table  modbus.o
    0x08008036   0x08008036   0x00000002   PAD
    0x08008038   0x08008038   0x00000020   Data   RO         1820    Region$$Table       anon$$obj.o


    Execution Region RW_IRAM2 (Exec base: 0x10000000, Load base: 0x08008090, Size: 0x00000000, Max: 0x00010000, ABSOLUTE)

    **** No section assigned to this execution region ****


    Execution Region RW_IRAM1 (Exec base: 0x20000000, Load base: 0x08008058, Size: 0x00009ad0, Max: 0x00030000, ABSOLUTE)

    Exec Addr    Load Addr    Size         Type   Attr      Idx    E Section Name        Object

    0x20000000   0x08008058   0x00000008   Data   RW          942    .data..L_MergedGlobals  stm32f4xx_hal.o
    0x20000008   0x08008060   0x00000026   Data   RW         1724    .data..L_MergedGlobals  sbus.o
    0x2000002e   0x08008086   0x00000002   PAD
    0x20000030   0x08008088   0x00000004   Data   RW         1103    .data.SystemCoreClock  system_stm32f4xx.o
    0x20000034   0x0800808c   0x00000004   Data   RW         1528    .data.uxCriticalNesting  port.o
    0x20000038        -       0x00000078   Zero   RW         1355    .bss..L_MergedGlobals  tasks.o
    0x200000b0        -       0x00000020   Zero   RW         1493    .bss..L_MergedGlobals  heap_4.o
    0x200000d0        -       0x00000008   Zero   RW         1529    .bss..L_MergedGlobals  port.o
    0x200000d8        -       0x00000068   Zero   RW         1562    .bss..L_MergedGlobals  can_receive.o
    0x20000140        -       0x00000006   Zero   RW         1582    .bss..L_MergedGlobals  control_cylinder.o
    0x20000146   0x08008090   0x00000002   PAD
    0x20000148        -       0x0000000c   Zero   RW         1611    .bss..L_MergedGlobals  grip_turnd.o
    0x20000154        -       0x00000024   Zero   RW         1627    .bss..L_MergedGlobals  lift_sucker.o
    0x20000178        -       0x00000068   Zero   RW         1645    .bss..L_MergedGlobals  omin.o
    0x200001e0        -       0x00000060   Zero   RW         1676    .bss..L_MergedGlobals  mytask.o
    0x20000240        -       0x00000040   Zero   RW         1780    .bss..L_MergedGlobals  hi14_driver.o
    0x20000280        -       0x00000068   Zero   RW         1563    .bss..L_MergedGlobals.1  can_receive.o
    0x200002e8        -       0x00000055   Zero   RW         1725    .bss..L_MergedGlobals.1  sbus.o
    0x2000033d   0x08008090   0x00000003   PAD
    0x20000340        -       0x00000028   Zero   RW         1356    .bss..L_MergedGlobals.2  tasks.o
    0x20000368        -       0x00000220   Zero   RW         1610    .bss.GT             grip_turnd.o
    0x20000588        -       0x00000004   Zero   RW           65    .bss.HAL_RCC_CAN1_CLK_ENABLED  can.o
    0x2000058c        -       0x00000314   Zero   RW         1626    .bss.Lift_su        lift_sucker.o
    0x200008a0        -       0x00000004   Zero   RW         1671    .bss.a              mytask.o
    0x200008a4        -       0x000003e4   Zero   RW         1644    .bss.chassis        omin.o
    0x20000c88        -       0x00000374   Zero   RW         1752    .bss.g_modbus_inst  modbus.o
    0x20000ffc        -       0x00000028   Zero   RW           63    .bss.hcan1          can.o
    0x20001024        -       0x00000028   Zero   RW           64    .bss.hcan2          can.o
    0x2000104c        -       0x00000060   Zero   RW           96    .bss.hdma_usart1_rx  usart.o
    0x200010ac        -       0x00000060   Zero   RW           97    .bss.hdma_usart1_tx  usart.o
    0x2000110c        -       0x00000060   Zero   RW           98    .bss.hdma_usart3_rx  usart.o
    0x2000116c        -       0x00000060   Zero   RW           99    .bss.hdma_usart3_tx  usart.o
    0x200011cc        -       0x00000048   Zero   RW          160    .bss.htim6          stm32f4xx_hal_timebase_tim.o
    0x20001214        -       0x00000048   Zero   RW           93    .bss.huart1         usart.o
    0x2000125c        -       0x00000048   Zero   RW           94    .bss.huart2         usart.o
    0x200012a4        -       0x00000048   Zero   RW           95    .bss.huart3         usart.o
    0x200012ec        -       0x0000008c   Zero   RW         1354    .bss.pxReadyTasksLists  tasks.o
    0x20001378        -       0x00000100   Zero   RW         1722    .bss.sbus_tx_buf    sbus.o
    0x20001478        -       0x00008000   Zero   RW         1492    .bss.ucHeap         heap_4.o
    0x20009478        -       0x00000004   Zero   RW          941    .bss.uwTick         stm32f4xx_hal.o
    0x2000947c        -       0x00000200   Zero   RW           44    .bss.xIdleStack     freertos.o
    0x2000967c        -       0x00000054   Zero   RW           43    .bss.xIdleTaskTCBBuffer  freertos.o
    0x200096d0        -       0x00000400   Zero   RW            1    STACK               startup_stm32f429xx.o


==============================================================================

Image component sizes


      Code (inc. data)   RO Data    RW Data    ZI Data      Debug   Object Name

       576          0          0          0         84       7748   can.o
      1596         40          0          0        208       9359   can_receive.o
       356          0          0          0          6       3166   control_cylinder.o
       124          0          0          0          0       3717   dma.o
       668          8          0          0          0       3080   ecpid.o
        26          0          0          0        596       3103   freertos.o
       200          0          0          0          0       2146   gpio.o
       884         92          0          0        556       3780   grip_turnd.o
       710          0          0          0      32800       5875   heap_4.o
      1226         56          0          0         64       7001   hi14_driver.o
      1848        132          0          0        824       6539   lift_sucker.o
       186          0          0          0          0       2351   list.o
       314         12          0          0          0       6671   main.o
      1348          0        512          0        884      13767   modbus.o
      2116        180          0          0        100      11501   mytask.o
      1820        120          0          0       1100       6001   omin.o
       596          4          0          0          0       2899   pid.o
       900         16          0          4          8       4376   port.o
      1428          0          0         38        341       8232   sbus.o
        36          8        428          0       1024        844   startup_stm32f429xx.o
        92          0          0          8          4       7712   stm32f4xx_hal.o
      1732          6          0          0          0      14066   stm32f4xx_hal_can.o
       152          0          0          0          0      10892   stm32f4xx_hal_cortex.o
      1150          6          8          0          0      10577   stm32f4xx_hal_dma.o
       424          0          0          0          0       5484   stm32f4xx_hal_gpio.o
        66          0          0          0          0       3742   stm32f4xx_hal_msp.o
       122          0          0          0          0       4658   stm32f4xx_hal_pwr_ex.o
      1544          4          0          0          0       7626   stm32f4xx_hal_rcc.o
       918          0          0          0          0      58490   stm32f4xx_hal_tim.o
         4          0          0          0          0      21937   stm32f4xx_hal_tim_ex.o
       178          0          0          0         72       7466   stm32f4xx_hal_timebase_tim.o
      4818          0          0          0          0      32805   stm32f4xx_hal_uart.o
       138          0          0          0          0       7811   stm32f4xx_it.o
        18          0         24          4          0       2645   system_stm32f4xx.o
      2208          8          0          0        300      29972   tasks.o
       802          0          0          0        600       8159   usart.o

    ----------------------------------------------------------------------
     31520        692       1006         56      39576     346198   Object Totals
         0          0         32          0          0          0   (incl. Generated)
       196          0          2          2          5          0   (incl. Padding)

    ----------------------------------------------------------------------

      Code (inc. data)   RO Data    RW Data    ZI Data      Debug   Library Member Name

         0          0          0          0          0          0   entry.o
         0          0          0          0          0          0   entry10a.o
         0          0          0          0          0          0   entry11a.o
         8          4          0          0          0          0   entry2.o
         4          0          0          0          0          0   entry5.o
         0          0          0          0          0          0   entry7b.o
         0          0          0          0          0          0   entry8b.o
         8          4          0          0          0          0   entry9a.o
        30          0          0          0          0          0   handlers.o
        48         10          0          0          0         68   init.o
        30          0          0          0          0         68   llshl.o
        32          0          0          0          0         68   llushr.o
        36          0          0          0          0         68   memcpya.o
        36          0          0          0          0        108   memseta.o
        98          0          0          0          0         92   uldiv.o

    ----------------------------------------------------------------------
       330         18          0          0          0        472   Library Totals
         0          0          0          0          0          0   (incl. Padding)

    ----------------------------------------------------------------------

      Code (inc. data)   RO Data    RW Data    ZI Data      Debug   Library Name

       330         18          0          0          0        472   mc_w.l

    ----------------------------------------------------------------------
       330         18          0          0          0        472   Library Totals

    ----------------------------------------------------------------------

==============================================================================


      Code (inc. data)   RO Data    RW Data    ZI Data      Debug   

     31850        710       1006         56      39576     346038   Grand Totals
     31850        710       1006         56      39576     346038   ELF Image Totals
     31850        710       1006         56          0          0   ROM Totals

==============================================================================

    Total RO  Size (Code + RO Data)                32856 (  32.09kB)
    Total RW  Size (RW Data + ZI Data)             39632 (  38.70kB)
    Total ROM Size (Code + RO Data + RW Data)      32912 (  32.14kB)

==============================================================================

